================================================================================
优化版后端启动 - 性能优化 + Analyze修复
特性:
  1. 30秒内存缓存
  2. 并行API调用
  3. 限制并发数避免触发API限制
  4. 响应时间统计
新增Analyze页面修复:
  5. /market/history/<symbol> - 历史数据接口 (Twelve Data)
  6. /market/stock/<symbol> - 股票详情接口
  7. 间隔映射: 30->30min, 60->1h, D->1day
新增Backtest页面修复:
  8. /backtest/run - 运行回测 (Real Data使用Twelve Data真实数据)
  9. /backtest/history - 获取回测历史
  10. /backtest/results/<id> - 获取回测结果
端口: 8889
================================================================================

 * Serving Flask app 'start_quant_backend'
 * Debug mode: off
[Backtest] 获取回测历史
[Backtest] 获取回测历史
[股票详情接口] 被调用: symbol=AAPL
[历史数据接口] 被调用: symbol=AAPL
[历史数据接口] 参数: interval=D, range=2month
[历史数据接口] 完整URL: http://127.0.0.1:8889/api/market/history/AAPL?interval=D&range=2month
[历史数据接口] 映射后间隔: 1day
[Twelve Data] 获取历史数据: AAPL, interval=1day, range=2month
[Twelve Data] 请求参数: {'symbol': 'AAPL', 'interval': '1day', 'apikey': '4c486f3044124045a3bb48c1b6bc0a1b', 'outputsize': 5000, 'format': 'JSON'}
[股票详情接口] 返回数据: AAPL, 价格: 252.62, 响应时间: 0.338s
[股票详情接口] 被调用: symbol=AAPL
[股票详情接口] 返回数据: AAPL, 价格: 252.62, 响应时间: 0.0s
[Twelve Data] 成功获取 5000 个数据点，已按时间升序排序
[历史数据接口] 被调用: symbol=AAPL
[历史数据接口] 参数: interval=D, range=2month
[历史数据接口] 完整URL: http://127.0.0.1:8889/api/market/history/AAPL?interval=D&range=2month
[历史数据接口] 映射后间隔: 1day
[Twelve Data] 获取历史数据: AAPL, interval=1day, range=2month
[Twelve Data] 请求参数: {'symbol': 'AAPL', 'interval': '1day', 'apikey': '4c486f3044124045a3bb48c1b6bc0a1b', 'outputsize': 5000, 'format': 'JSON'}
[Twelve Data] 成功获取 5000 个数据点，已按时间升序排序
[历史数据接口] 被调用: symbol=AAPL
[历史数据接口] 参数: interval=D, range=2month
[历史数据接口] 完整URL: http://127.0.0.1:8889/api/market/history/AAPL?interval=D&range=2month
[历史数据接口] 映射后间隔: 1day
[Twelve Data] 获取历史数据: AAPL, interval=1day, range=2month
[Twelve Data] 请求参数: {'symbol': 'AAPL', 'interval': '1day', 'apikey': '4c486f3044124045a3bb48c1b6bc0a1b', 'outputsize': 5000, 'format': 'JSON'}
[Twelve Data] 成功获取 5000 个数据点，已按时间升序排序
[历史数据接口] 被调用: symbol=AAPL
[历史数据接口] 参数: interval=D, range=2month
[历史数据接口] 完整URL: http://127.0.0.1:8889/api/market/history/AAPL?interval=D&range=2month
[历史数据接口] 映射后间隔: 1day
[Twelve Data] 获取历史数据: AAPL, interval=1day, range=2month
[Twelve Data] 请求参数: {'symbol': 'AAPL', 'interval': '1day', 'apikey': '4c486f3044124045a3bb48c1b6bc0a1b', 'outputsize': 5000, 'format': 'JSON'}
[Twelve Data] 成功获取 5000 个数据点，已按时间升序排序
[历史数据接口] 被调用: symbol=AAPL
[历史数据接口] 参数: interval=1min, range=1day
[历史数据接口] 完整URL: http://127.0.0.1:8889/api/market/history/AAPL?interval=1min&range=1day
[历史数据接口] 映射后间隔: 1min
[Twelve Data] 获取历史数据: AAPL, interval=1min, range=1day
[Twelve Data] 请求参数: {'symbol': 'AAPL', 'interval': '1min', 'apikey': '4c486f3044124045a3bb48c1b6bc0a1b', 'outputsize': 390, 'format': 'JSON'}
[Twelve Data] 成功获取 390 个数据点，已按时间升序排序
[股票详情接口] 被调用: symbol=ADBE
[股票详情接口] 返回数据: ADBE, 价格: 237.25, 响应时间: 0.0s
[历史数据接口] 被调用: symbol=ADBE
[历史数据接口] 参数: interval=D, range=2month
[历史数据接口] 完整URL: http://127.0.0.1:8889/api/market/history/ADBE?interval=D&range=2month
[历史数据接口] 映射后间隔: 1day
[Twelve Data] 获取历史数据: ADBE, interval=1day, range=2month
[Twelve Data] 请求参数: {'symbol': 'ADBE', 'interval': '1day', 'apikey': '4c486f3044124045a3bb48c1b6bc0a1b', 'outputsize': 5000, 'format': 'JSON'}
[股票详情接口] 被调用: symbol=ADBE
[股票详情接口] 返回数据: ADBE, 价格: 237.25, 响应时间: 0.0s
[Twelve Data] 成功获取 5000 个数据点，已按时间升序排序
[历史数据接口] 被调用: symbol=ADBE
[历史数据接口] 参数: interval=D, range=2month
[历史数据接口] 完整URL: http://127.0.0.1:8889/api/market/history/ADBE?interval=D&range=2month
[历史数据接口] 映射后间隔: 1day
[Twelve Data] 获取历史数据: ADBE, interval=1day, range=2month
[Twelve Data] 请求参数: {'symbol': 'ADBE', 'interval': '1day', 'apikey': '4c486f3044124045a3bb48c1b6bc0a1b', 'outputsize': 5000, 'format': 'JSON'}
[Twelve Data] 成功获取 5000 个数据点，已按时间升序排序
[历史数据接口] 被调用: symbol=ADBE
[历史数据接口] 参数: interval=D, range=2month
[历史数据接口] 完整URL: http://127.0.0.1:8889/api/market/history/ADBE?interval=D&range=2month
[历史数据接口] 映射后间隔: 1day
[Twelve Data] 获取历史数据: ADBE, interval=1day, range=2month
[Twelve Data] 请求参数: {'symbol': 'ADBE', 'interval': '1day', 'apikey': '4c486f3044124045a3bb48c1b6bc0a1b', 'outputsize': 5000, 'format': 'JSON'}
[Twelve Data] 成功获取 5000 个数据点，已按时间升序排序
[历史数据接口] 被调用: symbol=ADBE
[历史数据接口] 参数: interval=D, range=2month
[历史数据接口] 完整URL: http://127.0.0.1:8889/api/market/history/ADBE?interval=D&range=2month
[历史数据接口] 映射后间隔: 1day
[Twelve Data] 获取历史数据: ADBE, interval=1day, range=2month
[Twelve Data] 请求参数: {'symbol': 'ADBE', 'interval': '1day', 'apikey': '4c486f3044124045a3bb48c1b6bc0a1b', 'outputsize': 5000, 'format': 'JSON'}
[Twelve Data] 成功获取 5000 个数据点，已按时间升序排序
[Backtest] 获取回测历史
[Backtest] 获取回测历史
[Backtest] 收到回测请求: {'strategy': 'moving_average', 'startDate': '2025-03-26', 'endDate': '2026-03-26', 'initialCapital': 100000, 'symbols': ['apple'], 'dataMode': 'simulated', 'symbol': 'apple', 'parameters': {'shortMaPeriod': 20, 'longMaPeriod': 50}}
[Backtest] 验证股票输入: 'apple'
[Backtest] 股票输入有效: 公司名 'apple' 解析为股票代码: AAPL
[Backtest] 使用真实数据模式
[Backtest] 尝试Finnhub获取历史数据: AAPL, start=2025-03-26, end=2026-03-26
[Finnhub] 尝试获取历史数据: AAPL, start=2025-03-26, end=2026-03-26
[Finnhub] 请求参数: {'symbol': 'AAPL', 'resolution': 'D', 'from': 1742961600, 'to': 1774497600, 'token': 'd6v2q09r01qig546aus0d6v2q09r01qig546ausg'}
[Finnhub] HTTP错误: 403
[Backtest] Finnhub失败，尝试Twelve Data: AAPL, start=2025-03-26, end=2026-03-26
[Twelve Data] 获取指定日期范围历史数据: AAPL, interval=1day, start=2025-03-26, end=2026-03-26
[Twelve Data] 请求参数（日期范围）: {'symbol': 'AAPL', 'interval': '1day', 'apikey': '4c486f3044124045a3bb48c1b6bc0a1b', 'start_date': '2025-03-26', 'end_date': '2026-03-26', 'format': 'JSON'}
[Twelve Data] 时间解析错误: 2026-03-25, 错误: cannot access local variable 'datetime' where it is not associated with a value
[Twelve Data] 时间解析错误: 2026-03-24, 错误: cannot access local variable 'datetime' where it is not associated with a value
[Twelve Data] 时间解析错误: 2026-03-23, 错误: cannot access local variable 'datetime' where it is not associated with a value
[Twelve Data] 时间解析错误: 2026-03-20, 错误: cannot access local variable 'datetime' where it is not associated with a value
[Twelve Data] 时间解析错误: 2026-03-19, 错误: cannot access local variable 'datetime' where it is not associated with a value
[Twelve Data] 时间解析错误: 2026-03-18, 错误: cannot access local variable 'datetime' where it is not associated with a value
[Twelve Data] 时间解析错误: 2026-03-17, 错误: cannot access local variable 'datetime' where it is not associated with a value
[Twelve Data] 时间解析错误: 2026-03-16, 错误: cannot access local variable 'datetime' where it is not associated with a value
[Twelve Data] 时间解析错误: 2026-03-13, 错误: cannot access local variable 'datetime' where it is not associated with a value
[Twelve Data] 时间解析错误: 2026-03-12, 错误: cannot access local variable 'datetime' where it is not associated with a value
[Twelve Data] 时间解析错误: 2026-03-11, 错误: cannot access local variable 'datetime' where it is not associated with a value
[Twelve Data] 时间解析错误: 2026-03-10, 错误: cannot access local variable 'datetime' where it is not associated with a value
[Twelve Data] 时间解析错误: 2026-03-09, 错误: cannot access local variable 'datetime' where it is not associated with a value
[Twelve Data] 时间解析错误: 2026-03-06, 错误: cannot access local variable 'datetime' where it is not associated with a value
[Twelve Data] 时间解析错误: 2026-03-05, 错误: cannot access local variable 'datetime' where it is not associated with a value
[Twelve Data] 时间解析错误: 2026-03-04, 错误: cannot access local variable 'datetime' where it is not associated with a value
[Twelve Data] 时间解析错误: 2026-03-03, 错误: cannot access local variable 'datetime' where it is not associated with a value
[Twelve Data] 时间解析错误: 2026-03-02, 错误: cannot access local variable 'datetime' where it is not associated with a value
[Twelve Data] 时间解析错误: 2026-02-27, 错误: cannot access local variable 'datetime' where it is not associated with a value
[Twelve Data] 时间解析错误: 2026-02-26, 错误: cannot access local variable 'datetime' where it is not associated with a value
[Twelve Data] 时间解析错误: 2026-02-25, 错误: cannot access local variable 'datetime' where it is not associated with a value
[Twelve Data] 时间解析错误: 2026-02-24, 错误: cannot access local variable 'datetime' where it is not associated with a value
[Twelve Data] 时间解析错误: 2026-02-23, 错误: cannot access local variable 'datetime' where it is not associated with a value
[Twelve Data] 时间解析错误: 2026-02-20, 错误: cannot access local variable 'datetime' where it is not associated with a value
[Twelve Data] 时间解析错误: 2026-02-19, 错误: cannot access local variable 'datetime' where it is not associated with a value
[Twelve Data] 时间解析错误: 2026-02-18, 错误: cannot access local variable 'datetime' where it is not associated with a value
[Twelve Data] 时间解析错误: 2026-02-17, 错误: cannot access local variable 'datetime' where it is not associated with a value
[Twelve Data] 时间解析错误: 2026-02-13, 错误: cannot access local variable 'datetime' where it is not associated with a value
[Twelve Data] 时间解析错误: 2026-02-12, 错误: cannot access local variable 'datetime' where it is not associated with a value
[Twelve Data] 时间解析错误: 2026-02-11, 错误: cannot access local variable 'datetime' where it is not associated with a value
[Twelve Data] 时间解析错误: 2026-02-10, 错误: cannot access local variable 'datetime' where it is not associated with a value
[Twelve Data] 时间解析错误: 2026-02-09, 错误: cannot access local variable 'datetime' where it is not associated with a value
[Twelve Data] 时间解析错误: 2026-02-06, 错误: cannot access local variable 'datetime' where it is not associated with a value
[Twelve Data] 时间解析错误: 2026-02-05, 错误: cannot access local variable 'datetime' where it is not associated with a value
[Twelve Data] 时间解析错误: 2026-02-04, 错误: cannot access local variable 'datetime' where it is not associated with a value
[Twelve Data] 时间解析错误: 2026-02-03, 错误: cannot access local variable 'datetime' where it is not associated with a value
[Twelve Data] 时间解析错误: 2026-02-02, 错误: cannot access local variable 'datetime' where it is not associated with a value
[Twelve Data] 时间解析错误: 2026-01-30, 错误: cannot access local variable 'datetime' where it is not associated with a value
[Twelve Data] 时间解析错误: 2026-01-29, 错误: cannot access local variable 'datetime' where it is not associated with a value
[Twelve Data] 时间解析错误: 2026-01-28, 错误: cannot access local variable 'datetime' where it is not associated with a value
[Twelve Data] 时间解析错误: 2026-01-27, 错误: cannot access local variable 'datetime' where it is not associated with a value
[Twelve Data] 时间解析错误: 2026-01-26, 错误: cannot access local variable 'datetime' where it is not associated with a value
[Twelve Data] 时间解析错误: 2026-01-23, 错误: cannot access local variable 'datetime' where it is not associated with a value
[Twelve Data] 时间解析错误: 2026-01-22, 错误: cannot access local variable 'datetime' where it is not associated with a value
[Twelve Data] 时间解析错误: 2026-01-21, 错误: cannot access local variable 'datetime' where it is not associated with a value
[Twelve Data] 时间解析错误: 2026-01-20, 错误: cannot access local variable 'datetime' where it is not associated with a value
[Twelve Data] 时间解析错误: 2026-01-16, 错误: cannot access local variable 'datetime' where it is not associated with a value
[Twelve Data] 时间解析错误: 2026-01-15, 错误: cannot access local variable 'datetime' where it is not associated with a value
[Twelve Data] 时间解析错误: 2026-01-14, 错误: cannot access local variable 'datetime' where it is not associated with a value
[Twelve Data] 时间解析错误: 2026-01-13, 错误: cannot access local variable 'datetime' where it is not associated with a value
[Twelve Data] 时间解析错误: 2026-01-12, 错误: cannot access local variable 'datetime' where it is not associated with a value
[Twelve Data] 时间解析错误: 2026-01-09, 错误: cannot access local variable 'datetime' where it is not associated with a value
[Twelve Data] 时间解析错误: 2026-01-08, 错误: cannot access local variable 'datetime' where it is not associated with a value
[Twelve Data] 时间解析错误: 2026-01-07, 错误: cannot access local variable 'datetime' where it is not associated with a value
[Twelve Data] 时间解析错误: 2026-01-06, 错误: cannot access local variable 'datetime' where it is not associated with a value
[Twelve Data] 时间解析错误: 2026-01-05, 错误: cannot access local variable 'datetime' where it is not associated with a value
[Twelve Data] 时间解析错误: 2026-01-02, 错误: cannot access local variable 'datetime' where it is not associated with a value
[Twelve Data] 时间解析错误: 2025-12-31, 错误: cannot access local variable 'datetime' where it is not associated with a value
[Twelve Data] 时间解析错误: 2025-12-30, 错误: cannot access local variable 'datetime' where it is not associated with a value
[Twelve Data] 时间解析错误: 2025-12-29, 错误: cannot access local variable 'datetime' where it is not associated with a value
[Twelve Data] 时间解析错误: 2025-12-26, 错误: cannot access local variable 'datetime' where it is not associated with a value
[Twelve Data] 时间解析错误: 2025-12-24, 错误: cannot access local variable 'datetime' where it is not associated with a value
[Twelve Data] 时间解析错误: 2025-12-23, 错误: cannot access local variable 'datetime' where it is not associated with a value
[Twelve Data] 时间解析错误: 2025-12-22, 错误: cannot access local variable 'datetime' where it is not associated with a value
[Twelve Data] 时间解析错误: 2025-12-19, 错误: cannot access local variable 'datetime' where it is not associated with a value
[Twelve Data] 时间解析错误: 2025-12-18, 错误: cannot access local variable 'datetime' where it is not associated with a value
[Twelve Data] 时间解析错误: 2025-12-17, 错误: cannot access local variable 'datetime' where it is not associated with a value
[Twelve Data] 时间解析错误: 2025-12-16, 错误: cannot access local variable 'datetime' where it is not associated with a value
[Twelve Data] 时间解析错误: 2025-12-15, 错误: cannot access local variable 'datetime' where it is not associated with a value
[Twelve Data] 时间解析错误: 2025-12-12, 错误: cannot access local variable 'datetime' where it is not associated with a value
[Twelve Data] 时间解析错误: 2025-12-11, 错误: cannot access local variable 'datetime' where it is not associated with a value
[Twelve Data] 时间解析错误: 2025-12-10, 错误: cannot access local variable 'datetime' where it is not associated with a value
[Twelve Data] 时间解析错误: 2025-12-09, 错误: cannot access local variable 'datetime' where it is not associated with a value
[Twelve Data] 时间解析错误: 2025-12-08, 错误: cannot access local variable 'datetime' where it is not associated with a value
[Twelve Data] 时间解析错误: 2025-12-05, 错误: cannot access local variable 'datetime' where it is not associated with a value
[Twelve Data] 时间解析错误: 2025-12-04, 错误: cannot access local variable 'datetime' where it is not associated with a value
[Twelve Data] 时间解析错误: 2025-12-03, 错误: cannot access local variable 'datetime' where it is not associated with a value
[Twelve Data] 时间解析错误: 2025-12-02, 错误: cannot access local variable 'datetime' where it is not associated with a value
[Twelve Data] 时间解析错误: 2025-12-01, 错误: cannot access local variable 'datetime' where it is not associated with a value
[Twelve Data] 时间解析错误: 2025-11-28, 错误: cannot access local variable 'datetime' where it is not associated with a value
[Twelve Data] 时间解析错误: 2025-11-26, 错误: cannot access local variable 'datetime' where it is not associated with a value
[Twelve Data] 时间解析错误: 2025-11-25, 错误: cannot access local variable 'datetime' where it is not associated with a value
[Twelve Data] 时间解析错误: 2025-11-24, 错误: cannot access local variable 'datetime' where it is not associated with a value
[Twelve Data] 时间解析错误: 2025-11-21, 错误: cannot access local variable 'datetime' where it is not associated with a value
[Twelve Data] 时间解析错误: 2025-11-20, 错误: cannot access local variable 'datetime' where it is not associated with a value
[Twelve Data] 时间解析错误: 2025-11-19, 错误: cannot access local variable 'datetime' where it is not associated with a value
[Twelve Data] 时间解析错误: 2025-11-18, 错误: cannot access local variable 'datetime' where it is not associated with a value
[Twelve Data] 时间解析错误: 2025-11-17, 错误: cannot access local variable 'datetime' where it is not associated with a value
[Twelve Data] 时间解析错误: 2025-11-14, 错误: cannot access local variable 'datetime' where it is not associated with a value
[Twelve Data] 时间解析错误: 2025-11-13, 错误: cannot access local variable 'datetime' where it is not associated with a value
[Twelve Data] 时间解析错误: 2025-11-12, 错误: cannot access local variable 'datetime' where it is not associated with a value
[Twelve Data] 时间解析错误: 2025-11-11, 错误: cannot access local variable 'datetime' where it is not associated with a value
[Twelve Data] 时间解析错误: 2025-11-10, 错误: cannot access local variable 'datetime' where it is not associated with a value
[Twelve Data] 时间解析错误: 2025-11-07, 错误: cannot access local variable 'datetime' where it is not associated with a value
[Twelve Data] 时间解析错误: 2025-11-06, 错误: cannot access local variable 'datetime' where it is not associated with a value
[Twelve Data] 时间解析错误: 2025-11-05, 错误: cannot access local variable 'datetime' where it is not associated with a value
[Twelve Data] 时间解析错误: 2025-11-04, 错误: cannot access local variable 'datetime' where it is not associated with a value
[Twelve Data] 时间解析错误: 2025-11-03, 错误: cannot access local variable 'datetime' where it is not associated with a value
[Twelve Data] 时间解析错误: 2025-10-31, 错误: cannot access local variable 'datetime' where it is not associated with a value
[Twelve Data] 时间解析错误: 2025-10-30, 错误: cannot access local variable 'datetime' where it is not associated with a value
[Twelve Data] 时间解析错误: 2025-10-29, 错误: cannot access local variable 'datetime' where it is not associated with a value
[Twelve Data] 时间解析错误: 2025-10-28, 错误: cannot access local variable 'datetime' where it is not associated with a value
[Twelve Data] 时间解析错误: 2025-10-27, 错误: cannot access local variable 'datetime' where it is not associated with a value
[Twelve Data] 时间解析错误: 2025-10-24, 错误: cannot access local variable 'datetime' where it is not associated with a value
[Twelve Data] 时间解析错误: 2025-10-23, 错误: cannot access local variable 'datetime' where it is not associated with a value
[Twelve Data] 时间解析错误: 2025-10-22, 错误: cannot access local variable 'datetime' where it is not associated with a value
[Twelve Data] 时间解析错误: 2025-10-21, 错误: cannot access local variable 'datetime' where it is not associated with a value
[Twelve Data] 时间解析错误: 2025-10-20, 错误: cannot access local variable 'datetime' where it is not associated with a value
[Twelve Data] 时间解析错误: 2025-10-17, 错误: cannot access local variable 'datetime' where it is not associated with a value
[Twelve Data] 时间解析错误: 2025-10-16, 错误: cannot access local variable 'datetime' where it is not associated with a value
[Twelve Data] 时间解析错误: 2025-10-15, 错误: cannot access local variable 'datetime' where it is not associated with a value
[Twelve Data] 时间解析错误: 2025-10-14, 错误: cannot access local variable 'datetime' where it is not associated with a value
[Twelve Data] 时间解析错误: 2025-10-13, 错误: cannot access local variable 'datetime' where it is not associated with a value
[Twelve Data] 时间解析错误: 2025-10-10, 错误: cannot access local variable 'datetime' where it is not associated with a value
[Twelve Data] 时间解析错误: 2025-10-09, 错误: cannot access local variable 'datetime' where it is not associated with a value
[Twelve Data] 时间解析错误: 2025-10-08, 错误: cannot access local variable 'datetime' where it is not associated with a value
[Twelve Data] 时间解析错误: 2025-10-07, 错误: cannot access local variable 'datetime' where it is not associated with a value
[Twelve Data] 时间解析错误: 2025-10-06, 错误: cannot access local variable 'datetime' where it is not associated with a value
[Twelve Data] 时间解析错误: 2025-10-03, 错误: cannot access local variable 'datetime' where it is not associated with a value
[Twelve Data] 时间解析错误: 2025-10-02, 错误: cannot access local variable 'datetime' where it is not associated with a value
[Twelve Data] 时间解析错误: 2025-10-01, 错误: cannot access local variable 'datetime' where it is not associated with a value
[Twelve Data] 时间解析错误: 2025-09-30, 错误: cannot access local variable 'datetime' where it is not associated with a value
[Twelve Data] 时间解析错误: 2025-09-29, 错误: cannot access local variable 'datetime' where it is not associated with a value
[Twelve Data] 时间解析错误: 2025-09-26, 错误: cannot access local variable 'datetime' where it is not associated with a value
[Twelve Data] 时间解析错误: 2025-09-25, 错误: cannot access local variable 'datetime' where it is not associated with a value
[Twelve Data] 时间解析错误: 2025-09-24, 错误: cannot access local variable 'datetime' where it is not associated with a value
[Twelve Data] 时间解析错误: 2025-09-23, 错误: cannot access local variable 'datetime' where it is not associated with a value
[Twelve Data] 时间解析错误: 2025-09-22, 错误: cannot access local variable 'datetime' where it is not associated with a value
[Twelve Data] 时间解析错误: 2025-09-19, 错误: cannot access local variable 'datetime' where it is not associated with a value
[Twelve Data] 时间解析错误: 2025-09-18, 错误: cannot access local variable 'datetime' where it is not associated with a value
[Twelve Data] 时间解析错误: 2025-09-17, 错误: cannot access local variable 'datetime' where it is not associated with a value
[Twelve Data] 时间解析错误: 2025-09-16, 错误: cannot access local variable 'datetime' where it is not associated with a value
[Twelve Data] 时间解析错误: 2025-09-15, 错误: cannot access local variable 'datetime' where it is not associated with a value
[Twelve Data] 时间解析错误: 2025-09-12, 错误: cannot access local variable 'datetime' where it is not associated with a value
[Twelve Data] 时间解析错误: 2025-09-11, 错误: cannot access local variable 'datetime' where it is not associated with a value
[Twelve Data] 时间解析错误: 2025-09-10, 错误: cannot access local variable 'datetime' where it is not associated with a value
[Twelve Data] 时间解析错误: 2025-09-09, 错误: cannot access local variable 'datetime' where it is not associated with a value
[Twelve Data] 时间解析错误: 2025-09-08, 错误: cannot access local variable 'datetime' where it is not associated with a value
[Twelve Data] 时间解析错误: 2025-09-05, 错误: cannot access local variable 'datetime' where it is not associated with a value
[Twelve Data] 时间解析错误: 2025-09-04, 错误: cannot access local variable 'datetime' where it is not associated with a value
[Twelve Data] 时间解析错误: 2025-09-03, 错误: cannot access local variable 'datetime' where it is not associated with a value
[Twelve Data] 时间解析错误: 2025-09-02, 错误: cannot access local variable 'datetime' where it is not associated with a value
[Twelve Data] 时间解析错误: 2025-08-29, 错误: cannot access local variable 'datetime' where it is not associated with a value
[Twelve Data] 时间解析错误: 2025-08-28, 错误: cannot access local variable 'datetime' where it is not associated with a value
[Twelve Data] 时间解析错误: 2025-08-27, 错误: cannot access local variable 'datetime' where it is not associated with a value
[Twelve Data] 时间解析错误: 2025-08-26, 错误: cannot access local variable 'datetime' where it is not associated with a value
[Twelve Data] 时间解析错误: 2025-08-25, 错误: cannot access local variable 'datetime' where it is not associated with a value
[Twelve Data] 时间解析错误: 2025-08-22, 错误: cannot access local variable 'datetime' where it is not associated with a value
[Twelve Data] 时间解析错误: 2025-08-21, 错误: cannot access local variable 'datetime' where it is not associated with a value
[Twelve Data] 时间解析错误: 2025-08-20, 错误: cannot access local variable 'datetime' where it is not associated with a value
[Twelve Data] 时间解析错误: 2025-08-19, 错误: cannot access local variable 'datetime' where it is not associated with a value
[Twelve Data] 时间解析错误: 2025-08-18, 错误: cannot access local variable 'datetime' where it is not associated with a value
[Twelve Data] 时间解析错误: 2025-08-15, 错误: cannot access local variable 'datetime' where it is not associated with a value
[Twelve Data] 时间解析错误: 2025-08-14, 错误: cannot access local variable 'datetime' where it is not associated with a value
[Twelve Data] 时间解析错误: 2025-08-13, 错误: cannot access local variable 'datetime' where it is not associated with a value
[Twelve Data] 时间解析错误: 2025-08-12, 错误: cannot access local variable 'datetime' where it is not associated with a value
[Twelve Data] 时间解析错误: 2025-08-11, 错误: cannot access local variable 'datetime' where it is not associated with a value
[Twelve Data] 时间解析错误: 2025-08-08, 错误: cannot access local variable 'datetime' where it is not associated with a value
[Twelve Data] 时间解析错误: 2025-08-07, 错误: cannot access local variable 'datetime' where it is not associated with a value
[Twelve Data] 时间解析错误: 2025-08-06, 错误: cannot access local variable 'datetime' where it is not associated with a value
[Twelve Data] 时间解析错误: 2025-08-05, 错误: cannot access local variable 'datetime' where it is not associated with a value
[Twelve Data] 时间解析错误: 2025-08-04, 错误: cannot access local variable 'datetime' where it is not associated with a value
[Twelve Data] 时间解析错误: 2025-08-01, 错误: cannot access local variable 'datetime' where it is not associated with a value
[Twelve Data] 时间解析错误: 2025-07-31, 错误: cannot access local variable 'datetime' where it is not associated with a value
[Twelve Data] 时间解析错误: 2025-07-30, 错误: cannot access local variable 'datetime' where it is not associated with a value
[Twelve Data] 时间解析错误: 2025-07-29, 错误: cannot access local variable 'datetime' where it is not associated with a value
[Twelve Data] 时间解析错误: 2025-07-28, 错误: cannot access local variable 'datetime' where it is not associated with a value
[Twelve Data] 时间解析错误: 2025-07-25, 错误: cannot access local variable 'datetime' where it is not associated with a value
[Twelve Data] 时间解析错误: 2025-07-24, 错误: cannot access local variable 'datetime' where it is not associated with a value
[Twelve Data] 时间解析错误: 2025-07-23, 错误: cannot access local variable 'datetime' where it is not associated with a value
[Twelve Data] 时间解析错误: 2025-07-22, 错误: cannot access local variable 'datetime' where it is not associated with a value
[Twelve Data] 时间解析错误: 2025-07-21, 错误: cannot access local variable 'datetime' where it is not associated with a value
[Twelve Data] 时间解析错误: 2025-07-18, 错误: cannot access local variable 'datetime' where it is not associated with a value
[Twelve Data] 时间解析错误: 2025-07-17, 错误: cannot access local variable 'datetime' where it is not associated with a value
[Twelve Data] 时间解析错误: 2025-07-16, 错误: cannot access local variable 'datetime' where it is not associated with a value
[Twelve Data] 时间解析错误: 2025-07-15, 错误: cannot access local variable 'datetime' where it is not associated with a value
[Twelve Data] 时间解析错误: 2025-07-14, 错误: cannot access local variable 'datetime' where it is not associated with a value
[Twelve Data] 时间解析错误: 2025-07-11, 错误: cannot access local variable 'datetime' where it is not associated with a value
[Twelve Data] 时间解析错误: 2025-07-10, 错误: cannot access local variable 'datetime' where it is not associated with a value
[Twelve Data] 时间解析错误: 2025-07-09, 错误: cannot access local variable 'datetime' where it is not associated with a value
[Twelve Data] 时间解析错误: 2025-07-08, 错误: cannot access local variable 'datetime' where it is not associated with a value
[Twelve Data] 时间解析错误: 2025-07-07, 错误: cannot access local variable 'datetime' where it is not associated with a value
[Twelve Data] 时间解析错误: 2025-07-03, 错误: cannot access local variable 'datetime' where it is not associated with a value
[Twelve Data] 时间解析错误: 2025-07-02, 错误: cannot access local variable 'datetime' where it is not associated with a value
[Twelve Data] 时间解析错误: 2025-07-01, 错误: cannot access local variable 'datetime' where it is not associated with a value
[Twelve Data] 时间解析错误: 2025-06-30, 错误: cannot access local variable 'datetime' where it is not associated with a value
[Twelve Data] 时间解析错误: 2025-06-27, 错误: cannot access local variable 'datetime' where it is not associated with a value
[Twelve Data] 时间解析错误: 2025-06-26, 错误: cannot access local variable 'datetime' where it is not associated with a value
[Twelve Data] 时间解析错误: 2025-06-25, 错误: cannot access local variable 'datetime' where it is not associated with a value
[Twelve Data] 时间解析错误: 2025-06-24, 错误: cannot access local variable 'datetime' where it is not associated with a value
[Twelve Data] 时间解析错误: 2025-06-23, 错误: cannot access local variable 'datetime' where it is not associated with a value
[Twelve Data] 时间解析错误: 2025-06-20, 错误: cannot access local variable 'datetime' where it is not associated with a value
[Twelve Data] 时间解析错误: 2025-06-18, 错误: cannot access local variable 'datetime' where it is not associated with a value
[Twelve Data] 时间解析错误: 2025-06-17, 错误: cannot access local variable 'datetime' where it is not associated with a value
[Twelve Data] 时间解析错误: 2025-06-16, 错误: cannot access local variable 'datetime' where it is not associated with a value
[Twelve Data] 时间解析错误: 2025-06-13, 错误: cannot access local variable 'datetime' where it is not associated with a value
[Twelve Data] 时间解析错误: 2025-06-12, 错误: cannot access local variable 'datetime' where it is not associated with a value
[Twelve Data] 时间解析错误: 2025-06-11, 错误: cannot access local variable 'datetime' where it is not associated with a value
[Twelve Data] 时间解析错误: 2025-06-10, 错误: cannot access local variable 'datetime' where it is not associated with a value
[Twelve Data] 时间解析错误: 2025-06-09, 错误: cannot access local variable 'datetime' where it is not associated with a value
[Twelve Data] 时间解析错误: 2025-06-06, 错误: cannot access local variable 'datetime' where it is not associated with a value
[Twelve Data] 时间解析错误: 2025-06-05, 错误: cannot access local variable 'datetime' where it is not associated with a value
[Twelve Data] 时间解析错误: 2025-06-04, 错误: cannot access local variable 'datetime' where it is not associated with a value
[Twelve Data] 时间解析错误: 2025-06-03, 错误: cannot access local variable 'datetime' where it is not associated with a value
[Twelve Data] 时间解析错误: 2025-06-02, 错误: cannot access local variable 'datetime' where it is not associated with a value
[Twelve Data] 时间解析错误: 2025-05-30, 错误: cannot access local variable 'datetime' where it is not associated with a value
[Twelve Data] 时间解析错误: 2025-05-29, 错误: cannot access local variable 'datetime' where it is not associated with a value
[Twelve Data] 时间解析错误: 2025-05-28, 错误: cannot access local variable 'datetime' where it is not associated with a value
[Twelve Data] 时间解析错误: 2025-05-27, 错误: cannot access local variable 'datetime' where it is not associated with a value
[Twelve Data] 时间解析错误: 2025-05-23, 错误: cannot access local variable 'datetime' where it is not associated with a value
[Twelve Data] 时间解析错误: 2025-05-22, 错误: cannot access local variable 'datetime' where it is not associated with a value
[Twelve Data] 时间解析错误: 2025-05-21, 错误: cannot access local variable 'datetime' where it is not associated with a value
[Twelve Data] 时间解析错误: 2025-05-20, 错误: cannot access local variable 'datetime' where it is not associated with a value
[Twelve Data] 时间解析错误: 2025-05-19, 错误: cannot access local variable 'datetime' where it is not associated with a value
[Twelve Data] 时间解析错误: 2025-05-16, 错误: cannot access local variable 'datetime' where it is not associated with a value
[Twelve Data] 时间解析错误: 2025-05-15, 错误: cannot access local variable 'datetime' where it is not associated with a value
[Twelve Data] 时间解析错误: 2025-05-14, 错误: cannot access local variable 'datetime' where it is not associated with a value
[Twelve Data] 时间解析错误: 2025-05-13, 错误: cannot access local variable 'datetime' where it is not associated with a value
[Twelve Data] 时间解析错误: 2025-05-12, 错误: cannot access local variable 'datetime' where it is not associated with a value
[Twelve Data] 时间解析错误: 2025-05-09, 错误: cannot access local variable 'datetime' where it is not associated with a value
[Twelve Data] 时间解析错误: 2025-05-08, 错误: cannot access local variable 'datetime' where it is not associated with a value
[Twelve Data] 时间解析错误: 2025-05-07, 错误: cannot access local variable 'datetime' where it is not associated with a value
[Twelve Data] 时间解析错误: 2025-05-06, 错误: cannot access local variable 'datetime' where it is not associated with a value
[Twelve Data] 时间解析错误: 2025-05-05, 错误: cannot access local variable 'datetime' where it is not associated with a value
[Twelve Data] 时间解析错误: 2025-05-02, 错误: cannot access local variable 'datetime' where it is not associated with a value
[Twelve Data] 时间解析错误: 2025-05-01, 错误: cannot access local variable 'datetime' where it is not associated with a value
[Twelve Data] 时间解析错误: 2025-04-30, 错误: cannot access local variable 'datetime' where it is not associated with a value
[Twelve Data] 时间解析错误: 2025-04-29, 错误: cannot access local variable 'datetime' where it is not associated with a value
[Twelve Data] 时间解析错误: 2025-04-28, 错误: cannot access local variable 'datetime' where it is not associated with a value
[Twelve Data] 时间解析错误: 2025-04-25, 错误: cannot access local variable 'datetime' where it is not associated with a value
[Twelve Data] 时间解析错误: 2025-04-24, 错误: cannot access local variable 'datetime' where it is not associated with a value
[Twelve Data] 时间解析错误: 2025-04-23, 错误: cannot access local variable 'datetime' where it is not associated with a value
[Twelve Data] 时间解析错误: 2025-04-22, 错误: cannot access local variable 'datetime' where it is not associated with a value
[Twelve Data] 时间解析错误: 2025-04-21, 错误: cannot access local variable 'datetime' where it is not associated with a value
[Twelve Data] 时间解析错误: 2025-04-17, 错误: cannot access local variable 'datetime' where it is not associated with a value
[Twelve Data] 时间解析错误: 2025-04-16, 错误: cannot access local variable 'datetime' where it is not associated with a value
[Twelve Data] 时间解析错误: 2025-04-15, 错误: cannot access local variable 'datetime' where it is not associated with a value
[Twelve Data] 时间解析错误: 2025-04-14, 错误: cannot access local variable 'datetime' where it is not associated with a value
[Twelve Data] 时间解析错误: 2025-04-11, 错误: cannot access local variable 'datetime' where it is not associated with a value
[Twelve Data] 时间解析错误: 2025-04-10, 错误: cannot access local variable 'datetime' where it is not associated with a value
[Twelve Data] 时间解析错误: 2025-04-09, 错误: cannot access local variable 'datetime' where it is not associated with a value
[Twelve Data] 时间解析错误: 2025-04-08, 错误: cannot access local variable 'datetime' where it is not associated with a value
[Twelve Data] 时间解析错误: 2025-04-07, 错误: cannot access local variable 'datetime' where it is not associated with a value
[Twelve Data] 时间解析错误: 2025-04-04, 错误: cannot access local variable 'datetime' where it is not associated with a value
[Twelve Data] 时间解析错误: 2025-04-03, 错误: cannot access local variable 'datetime' where it is not associated with a value
[Twelve Data] 时间解析错误: 2025-04-02, 错误: cannot access local variable 'datetime' where it is not associated with a value
[Twelve Data] 时间解析错误: 2025-04-01, 错误: cannot access local variable 'datetime' where it is not associated with a value
[Twelve Data] 时间解析错误: 2025-03-31, 错误: cannot access local variable 'datetime' where it is not associated with a value
[Twelve Data] 时间解析错误: 2025-03-28, 错误: cannot access local variable 'datetime' where it is not associated with a value
[Twelve Data] 时间解析错误: 2025-03-27, 错误: cannot access local variable 'datetime' where it is not associated with a value
[Twelve Data] 时间解析错误: 2025-03-26, 错误: cannot access local variable 'datetime' where it is not associated with a value
[Twelve Data] 获取 251 个数据点（2025-03-26 到 2026-03-26），已按时间升序排序
[Twelve Data] 数据点足够: 251 >= 121
[Backtest] Twelve Data获取成功: 251 个数据点
[Backtest] 成功获取真实历史数据，数据源: Twelve Data
[Backtest] 开始简单回测计算，数据点: 251
[Backtest] 价格数据范围: 0 到 0, 价格: 252.62 - 221.53
[Backtest] 开始生成交易数据，数据点数量: 251
[Backtest] 交易信号: day=51, signal=-1, position=0, price=259.37
[Backtest] 开新仓: position=-1, entry_price=259.37
[Backtest] 交易信号: day=64, signal=1, position=-1, price=273.67001
[Backtest] 平仓交易: entry=259.37, exit=273.67001, pnl=-1430.0009999999986
[Backtest] 开新仓: position=1, entry_price=273.67001
[Backtest] 交易信号: day=98, signal=-1, position=1, price=270.37
[Backtest] 平仓交易: entry=273.67001, exit=270.37, pnl=-330.0009999999986
[Backtest] 开新仓: position=-1, entry_price=270.37
[Backtest] 交易信号: day=225, signal=1, position=-1, price=213.32001
[Backtest] 平仓交易: entry=270.37, exit=213.32001, pnl=5704.999000000001
[Backtest] 开新仓: position=1, entry_price=213.32001
[Backtest] 交易信号: day=238, signal=-1, position=1, price=198.14999
[Backtest] 平仓交易: entry=213.32001, exit=198.14999, pnl=-1517.0019999999995
[Backtest] 开新仓: position=-1, entry_price=198.14999
[Backtest] 回测结果计算完成: totalReturn=-14.77%, trades=5, tradesList count=5
[Backtest] 真实数据回测完成: totalReturn=-14.77%
[Backtest] 获取回测历史
[Backtest] 收到回测请求: {'strategy': 'moving_average', 'startDate': '2025-03-26', 'endDate': '2026-03-26', 'initialCapital': 100000, 'symbols': ['APPle'], 'dataMode': 'simulated', 'symbol': 'APPle', 'parameters': {'shortMaPeriod': 20, 'longMaPeriod': 50}}
[Backtest] 验证股票输入: 'APPle'
[Backtest] 股票输入有效: 公司名 'APPle' 解析为股票代码: AAPL
[Backtest] 使用真实数据模式
[Backtest] 尝试Finnhub获取历史数据: AAPL, start=2025-03-26, end=2026-03-26
[Finnhub] 尝试获取历史数据: AAPL, start=2025-03-26, end=2026-03-26
[Finnhub] 请求参数: {'symbol': 'AAPL', 'resolution': 'D', 'from': 1742961600, 'to': 1774497600, 'token': 'd6v2q09r01qig546aus0d6v2q09r01qig546ausg'}
[Finnhub] HTTP错误: 403
[Backtest] Finnhub失败，尝试Twelve Data: AAPL, start=2025-03-26, end=2026-03-26
[Twelve Data] 获取指定日期范围历史数据: AAPL, interval=1day, start=2025-03-26, end=2026-03-26
[Twelve Data] 请求参数（日期范围）: {'symbol': 'AAPL', 'interval': '1day', 'apikey': '4c486f3044124045a3bb48c1b6bc0a1b', 'start_date': '2025-03-26', 'end_date': '2026-03-26', 'format': 'JSON'}
[Twelve Data] 时间解析错误: 2026-03-25, 错误: cannot access local variable 'datetime' where it is not associated with a value
[Twelve Data] 时间解析错误: 2026-03-24, 错误: cannot access local variable 'datetime' where it is not associated with a value
[Twelve Data] 时间解析错误: 2026-03-23, 错误: cannot access local variable 'datetime' where it is not associated with a value
[Twelve Data] 时间解析错误: 2026-03-20, 错误: cannot access local variable 'datetime' where it is not associated with a value
[Twelve Data] 时间解析错误: 2026-03-19, 错误: cannot access local variable 'datetime' where it is not associated with a value
[Twelve Data] 时间解析错误: 2026-03-18, 错误: cannot access local variable 'datetime' where it is not associated with a value
[Twelve Data] 时间解析错误: 2026-03-17, 错误: cannot access local variable 'datetime' where it is not associated with a value
[Twelve Data] 时间解析错误: 2026-03-16, 错误: cannot access local variable 'datetime' where it is not associated with a value
[Twelve Data] 时间解析错误: 2026-03-13, 错误: cannot access local variable 'datetime' where it is not associated with a value
[Twelve Data] 时间解析错误: 2026-03-12, 错误: cannot access local variable 'datetime' where it is not associated with a value
[Twelve Data] 时间解析错误: 2026-03-11, 错误: cannot access local variable 'datetime' where it is not associated with a value
[Twelve Data] 时间解析错误: 2026-03-10, 错误: cannot access local variable 'datetime' where it is not associated with a value
[Twelve Data] 时间解析错误: 2026-03-09, 错误: cannot access local variable 'datetime' where it is not associated with a value
[Twelve Data] 时间解析错误: 2026-03-06, 错误: cannot access local variable 'datetime' where it is not associated with a value
[Twelve Data] 时间解析错误: 2026-03-05, 错误: cannot access local variable 'datetime' where it is not associated with a value
[Twelve Data] 时间解析错误: 2026-03-04, 错误: cannot access local variable 'datetime' where it is not associated with a value
[Twelve Data] 时间解析错误: 2026-03-03, 错误: cannot access local variable 'datetime' where it is not associated with a value
[Twelve Data] 时间解析错误: 2026-03-02, 错误: cannot access local variable 'datetime' where it is not associated with a value
[Twelve Data] 时间解析错误: 2026-02-27, 错误: cannot access local variable 'datetime' where it is not associated with a value
[Twelve Data] 时间解析错误: 2026-02-26, 错误: cannot access local variable 'datetime' where it is not associated with a value
[Twelve Data] 时间解析错误: 2026-02-25, 错误: cannot access local variable 'datetime' where it is not associated with a value
[Twelve Data] 时间解析错误: 2026-02-24, 错误: cannot access local variable 'datetime' where it is not associated with a value
[Twelve Data] 时间解析错误: 2026-02-23, 错误: cannot access local variable 'datetime' where it is not associated with a value
[Twelve Data] 时间解析错误: 2026-02-20, 错误: cannot access local variable 'datetime' where it is not associated with a value
[Twelve Data] 时间解析错误: 2026-02-19, 错误: cannot access local variable 'datetime' where it is not associated with a value
[Twelve Data] 时间解析错误: 2026-02-18, 错误: cannot access local variable 'datetime' where it is not associated with a value
[Twelve Data] 时间解析错误: 2026-02-17, 错误: cannot access local variable 'datetime' where it is not associated with a value
[Twelve Data] 时间解析错误: 2026-02-13, 错误: cannot access local variable 'datetime' where it is not associated with a value
[Twelve Data] 时间解析错误: 2026-02-12, 错误: cannot access local variable 'datetime' where it is not associated with a value
[Twelve Data] 时间解析错误: 2026-02-11, 错误: cannot access local variable 'datetime' where it is not associated with a value
[Twelve Data] 时间解析错误: 2026-02-10, 错误: cannot access local variable 'datetime' where it is not associated with a value
[Twelve Data] 时间解析错误: 2026-02-09, 错误: cannot access local variable 'datetime' where it is not associated with a value
[Twelve Data] 时间解析错误: 2026-02-06, 错误: cannot access local variable 'datetime' where it is not associated with a value
[Twelve Data] 时间解析错误: 2026-02-05, 错误: cannot access local variable 'datetime' where it is not associated with a value
[Twelve Data] 时间解析错误: 2026-02-04, 错误: cannot access local variable 'datetime' where it is not associated with a value
[Twelve Data] 时间解析错误: 2026-02-03, 错误: cannot access local variable 'datetime' where it is not associated with a value
[Twelve Data] 时间解析错误: 2026-02-02, 错误: cannot access local variable 'datetime' where it is not associated with a value
[Twelve Data] 时间解析错误: 2026-01-30, 错误: cannot access local variable 'datetime' where it is not associated with a value
[Twelve Data] 时间解析错误: 2026-01-29, 错误: cannot access local variable 'datetime' where it is not associated with a value
[Twelve Data] 时间解析错误: 2026-01-28, 错误: cannot access local variable 'datetime' where it is not associated with a value
[Twelve Data] 时间解析错误: 2026-01-27, 错误: cannot access local variable 'datetime' where it is not associated with a value
[Twelve Data] 时间解析错误: 2026-01-26, 错误: cannot access local variable 'datetime' where it is not associated with a value
[Twelve Data] 时间解析错误: 2026-01-23, 错误: cannot access local variable 'datetime' where it is not associated with a value
[Twelve Data] 时间解析错误: 2026-01-22, 错误: cannot access local variable 'datetime' where it is not associated with a value
[Twelve Data] 时间解析错误: 2026-01-21, 错误: cannot access local variable 'datetime' where it is not associated with a value
[Twelve Data] 时间解析错误: 2026-01-20, 错误: cannot access local variable 'datetime' where it is not associated with a value
[Twelve Data] 时间解析错误: 2026-01-16, 错误: cannot access local variable 'datetime' where it is not associated with a value
[Twelve Data] 时间解析错误: 2026-01-15, 错误: cannot access local variable 'datetime' where it is not associated with a value
[Twelve Data] 时间解析错误: 2026-01-14, 错误: cannot access local variable 'datetime' where it is not associated with a value
[Twelve Data] 时间解析错误: 2026-01-13, 错误: cannot access local variable 'datetime' where it is not associated with a value
[Twelve Data] 时间解析错误: 2026-01-12, 错误: cannot access local variable 'datetime' where it is not associated with a value
[Twelve Data] 时间解析错误: 2026-01-09, 错误: cannot access local variable 'datetime' where it is not associated with a value
[Twelve Data] 时间解析错误: 2026-01-08, 错误: cannot access local variable 'datetime' where it is not associated with a value
[Twelve Data] 时间解析错误: 2026-01-07, 错误: cannot access local variable 'datetime' where it is not associated with a value
[Twelve Data] 时间解析错误: 2026-01-06, 错误: cannot access local variable 'datetime' where it is not associated with a value
[Twelve Data] 时间解析错误: 2026-01-05, 错误: cannot access local variable 'datetime' where it is not associated with a value
[Twelve Data] 时间解析错误: 2026-01-02, 错误: cannot access local variable 'datetime' where it is not associated with a value
[Twelve Data] 时间解析错误: 2025-12-31, 错误: cannot access local variable 'datetime' where it is not associated with a value
[Twelve Data] 时间解析错误: 2025-12-30, 错误: cannot access local variable 'datetime' where it is not associated with a value
[Twelve Data] 时间解析错误: 2025-12-29, 错误: cannot access local variable 'datetime' where it is not associated with a value
[Twelve Data] 时间解析错误: 2025-12-26, 错误: cannot access local variable 'datetime' where it is not associated with a value
[Twelve Data] 时间解析错误: 2025-12-24, 错误: cannot access local variable 'datetime' where it is not associated with a value
[Twelve Data] 时间解析错误: 2025-12-23, 错误: cannot access local variable 'datetime' where it is not associated with a value
[Twelve Data] 时间解析错误: 2025-12-22, 错误: cannot access local variable 'datetime' where it is not associated with a value
[Twelve Data] 时间解析错误: 2025-12-19, 错误: cannot access local variable 'datetime' where it is not associated with a value
[Twelve Data] 时间解析错误: 2025-12-18, 错误: cannot access local variable 'datetime' where it is not associated with a value
[Twelve Data] 时间解析错误: 2025-12-17, 错误: cannot access local variable 'datetime' where it is not associated with a value
[Twelve Data] 时间解析错误: 2025-12-16, 错误: cannot access local variable 'datetime' where it is not associated with a value
[Twelve Data] 时间解析错误: 2025-12-15, 错误: cannot access local variable 'datetime' where it is not associated with a value
[Twelve Data] 时间解析错误: 2025-12-12, 错误: cannot access local variable 'datetime' where it is not associated with a value
[Twelve Data] 时间解析错误: 2025-12-11, 错误: cannot access local variable 'datetime' where it is not associated with a value
[Twelve Data] 时间解析错误: 2025-12-10, 错误: cannot access local variable 'datetime' where it is not associated with a value
[Twelve Data] 时间解析错误: 2025-12-09, 错误: cannot access local variable 'datetime' where it is not associated with a value
[Twelve Data] 时间解析错误: 2025-12-08, 错误: cannot access local variable 'datetime' where it is not associated with a value
[Twelve Data] 时间解析错误: 2025-12-05, 错误: cannot access local variable 'datetime' where it is not associated with a value
[Twelve Data] 时间解析错误: 2025-12-04, 错误: cannot access local variable 'datetime' where it is not associated with a value
[Twelve Data] 时间解析错误: 2025-12-03, 错误: cannot access local variable 'datetime' where it is not associated with a value
[Twelve Data] 时间解析错误: 2025-12-02, 错误: cannot access local variable 'datetime' where it is not associated with a value
[Twelve Data] 时间解析错误: 2025-12-01, 错误: cannot access local variable 'datetime' where it is not associated with a value
[Twelve Data] 时间解析错误: 2025-11-28, 错误: cannot access local variable 'datetime' where it is not associated with a value
[Twelve Data] 时间解析错误: 2025-11-26, 错误: cannot access local variable 'datetime' where it is not associated with a value
[Twelve Data] 时间解析错误: 2025-11-25, 错误: cannot access local variable 'datetime' where it is not associated with a value
[Twelve Data] 时间解析错误: 2025-11-24, 错误: cannot access local variable 'datetime' where it is not associated with a value
[Twelve Data] 时间解析错误: 2025-11-21, 错误: cannot access local variable 'datetime' where it is not associated with a value
[Twelve Data] 时间解析错误: 2025-11-20, 错误: cannot access local variable 'datetime' where it is not associated with a value
[Twelve Data] 时间解析错误: 2025-11-19, 错误: cannot access local variable 'datetime' where it is not associated with a value
[Twelve Data] 时间解析错误: 2025-11-18, 错误: cannot access local variable 'datetime' where it is not associated with a value
[Twelve Data] 时间解析错误: 2025-11-17, 错误: cannot access local variable 'datetime' where it is not associated with a value
[Twelve Data] 时间解析错误: 2025-11-14, 错误: cannot access local variable 'datetime' where it is not associated with a value
[Twelve Data] 时间解析错误: 2025-11-13, 错误: cannot access local variable 'datetime' where it is not associated with a value
[Twelve Data] 时间解析错误: 2025-11-12, 错误: cannot access local variable 'datetime' where it is not associated with a value
[Twelve Data] 时间解析错误: 2025-11-11, 错误: cannot access local variable 'datetime' where it is not associated with a value
[Twelve Data] 时间解析错误: 2025-11-10, 错误: cannot access local variable 'datetime' where it is not associated with a value
[Twelve Data] 时间解析错误: 2025-11-07, 错误: cannot access local variable 'datetime' where it is not associated with a value
[Twelve Data] 时间解析错误: 2025-11-06, 错误: cannot access local variable 'datetime' where it is not associated with a value
[Twelve Data] 时间解析错误: 2025-11-05, 错误: cannot access local variable 'datetime' where it is not associated with a value
[Twelve Data] 时间解析错误: 2025-11-04, 错误: cannot access local variable 'datetime' where it is not associated with a value
[Twelve Data] 时间解析错误: 2025-11-03, 错误: cannot access local variable 'datetime' where it is not associated with a value
[Twelve Data] 时间解析错误: 2025-10-31, 错误: cannot access local variable 'datetime' where it is not associated with a value
[Twelve Data] 时间解析错误: 2025-10-30, 错误: cannot access local variable 'datetime' where it is not associated with a value
[Twelve Data] 时间解析错误: 2025-10-29, 错误: cannot access local variable 'datetime' where it is not associated with a value
[Twelve Data] 时间解析错误: 2025-10-28, 错误: cannot access local variable 'datetime' where it is not associated with a value
[Twelve Data] 时间解析错误: 2025-10-27, 错误: cannot access local variable 'datetime' where it is not associated with a value
[Twelve Data] 时间解析错误: 2025-10-24, 错误: cannot access local variable 'datetime' where it is not associated with a value
[Twelve Data] 时间解析错误: 2025-10-23, 错误: cannot access local variable 'datetime' where it is not associated with a value
[Twelve Data] 时间解析错误: 2025-10-22, 错误: cannot access local variable 'datetime' where it is not associated with a value
[Twelve Data] 时间解析错误: 2025-10-21, 错误: cannot access local variable 'datetime' where it is not associated with a value
[Twelve Data] 时间解析错误: 2025-10-20, 错误: cannot access local variable 'datetime' where it is not associated with a value
[Twelve Data] 时间解析错误: 2025-10-17, 错误: cannot access local variable 'datetime' where it is not associated with a value
[Twelve Data] 时间解析错误: 2025-10-16, 错误: cannot access local variable 'datetime' where it is not associated with a value
[Twelve Data] 时间解析错误: 2025-10-15, 错误: cannot access local variable 'datetime' where it is not associated with a value
[Twelve Data] 时间解析错误: 2025-10-14, 错误: cannot access local variable 'datetime' where it is not associated with a value
[Twelve Data] 时间解析错误: 2025-10-13, 错误: cannot access local variable 'datetime' where it is not associated with a value
[Twelve Data] 时间解析错误: 2025-10-10, 错误: cannot access local variable 'datetime' where it is not associated with a value
[Twelve Data] 时间解析错误: 2025-10-09, 错误: cannot access local variable 'datetime' where it is not associated with a value
[Twelve Data] 时间解析错误: 2025-10-08, 错误: cannot access local variable 'datetime' where it is not associated with a value
[Twelve Data] 时间解析错误: 2025-10-07, 错误: cannot access local variable 'datetime' where it is not associated with a value
[Twelve Data] 时间解析错误: 2025-10-06, 错误: cannot access local variable 'datetime' where it is not associated with a value
[Twelve Data] 时间解析错误: 2025-10-03, 错误: cannot access local variable 'datetime' where it is not associated with a value
[Twelve Data] 时间解析错误: 2025-10-02, 错误: cannot access local variable 'datetime' where it is not associated with a value
[Twelve Data] 时间解析错误: 2025-10-01, 错误: cannot access local variable 'datetime' where it is not associated with a value
[Twelve Data] 时间解析错误: 2025-09-30, 错误: cannot access local variable 'datetime' where it is not associated with a value
[Twelve Data] 时间解析错误: 2025-09-29, 错误: cannot access local variable 'datetime' where it is not associated with a value
[Twelve Data] 时间解析错误: 2025-09-26, 错误: cannot access local variable 'datetime' where it is not associated with a value
[Twelve Data] 时间解析错误: 2025-09-25, 错误: cannot access local variable 'datetime' where it is not associated with a value
[Twelve Data] 时间解析错误: 2025-09-24, 错误: cannot access local variable 'datetime' where it is not associated with a value
[Twelve Data] 时间解析错误: 2025-09-23, 错误: cannot access local variable 'datetime' where it is not associated with a value
[Twelve Data] 时间解析错误: 2025-09-22, 错误: cannot access local variable 'datetime' where it is not associated with a value
[Twelve Data] 时间解析错误: 2025-09-19, 错误: cannot access local variable 'datetime' where it is not associated with a value
[Twelve Data] 时间解析错误: 2025-09-18, 错误: cannot access local variable 'datetime' where it is not associated with a value
[Twelve Data] 时间解析错误: 2025-09-17, 错误: cannot access local variable 'datetime' where it is not associated with a value
[Twelve Data] 时间解析错误: 2025-09-16, 错误: cannot access local variable 'datetime' where it is not associated with a value
[Twelve Data] 时间解析错误: 2025-09-15, 错误: cannot access local variable 'datetime' where it is not associated with a value
[Twelve Data] 时间解析错误: 2025-09-12, 错误: cannot access local variable 'datetime' where it is not associated with a value
[Twelve Data] 时间解析错误: 2025-09-11, 错误: cannot access local variable 'datetime' where it is not associated with a value
[Twelve Data] 时间解析错误: 2025-09-10, 错误: cannot access local variable 'datetime' where it is not associated with a value
[Twelve Data] 时间解析错误: 2025-09-09, 错误: cannot access local variable 'datetime' where it is not associated with a value
[Twelve Data] 时间解析错误: 2025-09-08, 错误: cannot access local variable 'datetime' where it is not associated with a value
[Twelve Data] 时间解析错误: 2025-09-05, 错误: cannot access local variable 'datetime' where it is not associated with a value
[Twelve Data] 时间解析错误: 2025-09-04, 错误: cannot access local variable 'datetime' where it is not associated with a value
[Twelve Data] 时间解析错误: 2025-09-03, 错误: cannot access local variable 'datetime' where it is not associated with a value
[Twelve Data] 时间解析错误: 2025-09-02, 错误: cannot access local variable 'datetime' where it is not associated with a value
[Twelve Data] 时间解析错误: 2025-08-29, 错误: cannot access local variable 'datetime' where it is not associated with a value
[Twelve Data] 时间解析错误: 2025-08-28, 错误: cannot access local variable 'datetime' where it is not associated with a value
[Twelve Data] 时间解析错误: 2025-08-27, 错误: cannot access local variable 'datetime' where it is not associated with a value
[Twelve Data] 时间解析错误: 2025-08-26, 错误: cannot access local variable 'datetime' where it is not associated with a value
[Twelve Data] 时间解析错误: 2025-08-25, 错误: cannot access local variable 'datetime' where it is not associated with a value
[Twelve Data] 时间解析错误: 2025-08-22, 错误: cannot access local variable 'datetime' where it is not associated with a value
[Twelve Data] 时间解析错误: 2025-08-21, 错误: cannot access local variable 'datetime' where it is not associated with a value
[Twelve Data] 时间解析错误: 2025-08-20, 错误: cannot access local variable 'datetime' where it is not associated with a value
[Twelve Data] 时间解析错误: 2025-08-19, 错误: cannot access local variable 'datetime' where it is not associated with a value
[Twelve Data] 时间解析错误: 2025-08-18, 错误: cannot access local variable 'datetime' where it is not associated with a value
[Twelve Data] 时间解析错误: 2025-08-15, 错误: cannot access local variable 'datetime' where it is not associated with a value
[Twelve Data] 时间解析错误: 2025-08-14, 错误: cannot access local variable 'datetime' where it is not associated with a value
[Twelve Data] 时间解析错误: 2025-08-13, 错误: cannot access local variable 'datetime' where it is not associated with a value
[Twelve Data] 时间解析错误: 2025-08-12, 错误: cannot access local variable 'datetime' where it is not associated with a value
[Twelve Data] 时间解析错误: 2025-08-11, 错误: cannot access local variable 'datetime' where it is not associated with a value
[Twelve Data] 时间解析错误: 2025-08-08, 错误: cannot access local variable 'datetime' where it is not associated with a value
[Twelve Data] 时间解析错误: 2025-08-07, 错误: cannot access local variable 'datetime' where it is not associated with a value
[Twelve Data] 时间解析错误: 2025-08-06, 错误: cannot access local variable 'datetime' where it is not associated with a value
[Twelve Data] 时间解析错误: 2025-08-05, 错误: cannot access local variable 'datetime' where it is not associated with a value
[Twelve Data] 时间解析错误: 2025-08-04, 错误: cannot access local variable 'datetime' where it is not associated with a value
[Twelve Data] 时间解析错误: 2025-08-01, 错误: cannot access local variable 'datetime' where it is not associated with a value
[Twelve Data] 时间解析错误: 2025-07-31, 错误: cannot access local variable 'datetime' where it is not associated with a value
[Twelve Data] 时间解析错误: 2025-07-30, 错误: cannot access local variable 'datetime' where it is not associated with a value
[Twelve Data] 时间解析错误: 2025-07-29, 错误: cannot access local variable 'datetime' where it is not associated with a value
[Twelve Data] 时间解析错误: 2025-07-28, 错误: cannot access local variable 'datetime' where it is not associated with a value
[Twelve Data] 时间解析错误: 2025-07-25, 错误: cannot access local variable 'datetime' where it is not associated with a value
[Twelve Data] 时间解析错误: 2025-07-24, 错误: cannot access local variable 'datetime' where it is not associated with a value
[Twelve Data] 时间解析错误: 2025-07-23, 错误: cannot access local variable 'datetime' where it is not associated with a value
[Twelve Data] 时间解析错误: 2025-07-22, 错误: cannot access local variable 'datetime' where it is not associated with a value
[Twelve Data] 时间解析错误: 2025-07-21, 错误: cannot access local variable 'datetime' where it is not associated with a value
[Twelve Data] 时间解析错误: 2025-07-18, 错误: cannot access local variable 'datetime' where it is not associated with a value
[Twelve Data] 时间解析错误: 2025-07-17, 错误: cannot access local variable 'datetime' where it is not associated with a value
[Twelve Data] 时间解析错误: 2025-07-16, 错误: cannot access local variable 'datetime' where it is not associated with a value
[Twelve Data] 时间解析错误: 2025-07-15, 错误: cannot access local variable 'datetime' where it is not associated with a value
[Twelve Data] 时间解析错误: 2025-07-14, 错误: cannot access local variable 'datetime' where it is not associated with a value
[Twelve Data] 时间解析错误: 2025-07-11, 错误: cannot access local variable 'datetime' where it is not associated with a value
[Twelve Data] 时间解析错误: 2025-07-10, 错误: cannot access local variable 'datetime' where it is not associated with a value
[Twelve Data] 时间解析错误: 2025-07-09, 错误: cannot access local variable 'datetime' where it is not associated with a value
[Twelve Data] 时间解析错误: 2025-07-08, 错误: cannot access local variable 'datetime' where it is not associated with a value
[Twelve Data] 时间解析错误: 2025-07-07, 错误: cannot access local variable 'datetime' where it is not associated with a value
[Twelve Data] 时间解析错误: 2025-07-03, 错误: cannot access local variable 'datetime' where it is not associated with a value
[Twelve Data] 时间解析错误: 2025-07-02, 错误: cannot access local variable 'datetime' where it is not associated with a value
[Twelve Data] 时间解析错误: 2025-07-01, 错误: cannot access local variable 'datetime' where it is not associated with a value
[Twelve Data] 时间解析错误: 2025-06-30, 错误: cannot access local variable 'datetime' where it is not associated with a value
[Twelve Data] 时间解析错误: 2025-06-27, 错误: cannot access local variable 'datetime' where it is not associated with a value
[Twelve Data] 时间解析错误: 2025-06-26, 错误: cannot access local variable 'datetime' where it is not associated with a value
[Twelve Data] 时间解析错误: 2025-06-25, 错误: cannot access local variable 'datetime' where it is not associated with a value
[Twelve Data] 时间解析错误: 2025-06-24, 错误: cannot access local variable 'datetime' where it is not associated with a value
[Twelve Data] 时间解析错误: 2025-06-23, 错误: cannot access local variable 'datetime' where it is not associated with a value
[Twelve Data] 时间解析错误: 2025-06-20, 错误: cannot access local variable 'datetime' where it is not associated with a value
[Twelve Data] 时间解析错误: 2025-06-18, 错误: cannot access local variable 'datetime' where it is not associated with a value
[Twelve Data] 时间解析错误: 2025-06-17, 错误: cannot access local variable 'datetime' where it is not associated with a value
[Twelve Data] 时间解析错误: 2025-06-16, 错误: cannot access local variable 'datetime' where it is not associated with a value
[Twelve Data] 时间解析错误: 2025-06-13, 错误: cannot access local variable 'datetime' where it is not associated with a value
[Twelve Data] 时间解析错误: 2025-06-12, 错误: cannot access local variable 'datetime' where it is not associated with a value
[Twelve Data] 时间解析错误: 2025-06-11, 错误: cannot access local variable 'datetime' where it is not associated with a value
[Twelve Data] 时间解析错误: 2025-06-10, 错误: cannot access local variable 'datetime' where it is not associated with a value
[Twelve Data] 时间解析错误: 2025-06-09, 错误: cannot access local variable 'datetime' where it is not associated with a value
[Twelve Data] 时间解析错误: 2025-06-06, 错误: cannot access local variable 'datetime' where it is not associated with a value
[Twelve Data] 时间解析错误: 2025-06-05, 错误: cannot access local variable 'datetime' where it is not associated with a value
[Twelve Data] 时间解析错误: 2025-06-04, 错误: cannot access local variable 'datetime' where it is not associated with a value
[Twelve Data] 时间解析错误: 2025-06-03, 错误: cannot access local variable 'datetime' where it is not associated with a value
[Twelve Data] 时间解析错误: 2025-06-02, 错误: cannot access local variable 'datetime' where it is not associated with a value
[Twelve Data] 时间解析错误: 2025-05-30, 错误: cannot access local variable 'datetime' where it is not associated with a value
[Twelve Data] 时间解析错误: 2025-05-29, 错误: cannot access local variable 'datetime' where it is not associated with a value
[Twelve Data] 时间解析错误: 2025-05-28, 错误: cannot access local variable 'datetime' where it is not associated with a value
[Twelve Data] 时间解析错误: 2025-05-27, 错误: cannot access local variable 'datetime' where it is not associated with a value
[Twelve Data] 时间解析错误: 2025-05-23, 错误: cannot access local variable 'datetime' where it is not associated with a value
[Twelve Data] 时间解析错误: 2025-05-22, 错误: cannot access local variable 'datetime' where it is not associated with a value
[Twelve Data] 时间解析错误: 2025-05-21, 错误: cannot access local variable 'datetime' where it is not associated with a value
[Twelve Data] 时间解析错误: 2025-05-20, 错误: cannot access local variable 'datetime' where it is not associated with a value
[Twelve Data] 时间解析错误: 2025-05-19, 错误: cannot access local variable 'datetime' where it is not associated with a value
[Twelve Data] 时间解析错误: 2025-05-16, 错误: cannot access local variable 'datetime' where it is not associated with a value
[Twelve Data] 时间解析错误: 2025-05-15, 错误: cannot access local variable 'datetime' where it is not associated with a value
[Twelve Data] 时间解析错误: 2025-05-14, 错误: cannot access local variable 'datetime' where it is not associated with a value
[Twelve Data] 时间解析错误: 2025-05-13, 错误: cannot access local variable 'datetime' where it is not associated with a value
[Twelve Data] 时间解析错误: 2025-05-12, 错误: cannot access local variable 'datetime' where it is not associated with a value
[Twelve Data] 时间解析错误: 2025-05-09, 错误: cannot access local variable 'datetime' where it is not associated with a value
[Twelve Data] 时间解析错误: 2025-05-08, 错误: cannot access local variable 'datetime' where it is not associated with a value
[Twelve Data] 时间解析错误: 2025-05-07, 错误: cannot access local variable 'datetime' where it is not associated with a value
[Twelve Data] 时间解析错误: 2025-05-06, 错误: cannot access local variable 'datetime' where it is not associated with a value
[Twelve Data] 时间解析错误: 2025-05-05, 错误: cannot access local variable 'datetime' where it is not associated with a value
[Twelve Data] 时间解析错误: 2025-05-02, 错误: cannot access local variable 'datetime' where it is not associated with a value
[Twelve Data] 时间解析错误: 2025-05-01, 错误: cannot access local variable 'datetime' where it is not associated with a value
[Twelve Data] 时间解析错误: 2025-04-30, 错误: cannot access local variable 'datetime' where it is not associated with a value
[Twelve Data] 时间解析错误: 2025-04-29, 错误: cannot access local variable 'datetime' where it is not associated with a value
[Twelve Data] 时间解析错误: 2025-04-28, 错误: cannot access local variable 'datetime' where it is not associated with a value
[Twelve Data] 时间解析错误: 2025-04-25, 错误: cannot access local variable 'datetime' where it is not associated with a value
[Twelve Data] 时间解析错误: 2025-04-24, 错误: cannot access local variable 'datetime' where it is not associated with a value
[Twelve Data] 时间解析错误: 2025-04-23, 错误: cannot access local variable 'datetime' where it is not associated with a value
[Twelve Data] 时间解析错误: 2025-04-22, 错误: cannot access local variable 'datetime' where it is not associated with a value
[Twelve Data] 时间解析错误: 2025-04-21, 错误: cannot access local variable 'datetime' where it is not associated with a value
[Twelve Data] 时间解析错误: 2025-04-17, 错误: cannot access local variable 'datetime' where it is not associated with a value
[Twelve Data] 时间解析错误: 2025-04-16, 错误: cannot access local variable 'datetime' where it is not associated with a value
[Twelve Data] 时间解析错误: 2025-04-15, 错误: cannot access local variable 'datetime' where it is not associated with a value
[Twelve Data] 时间解析错误: 2025-04-14, 错误: cannot access local variable 'datetime' where it is not associated with a value
[Twelve Data] 时间解析错误: 2025-04-11, 错误: cannot access local variable 'datetime' where it is not associated with a value
[Twelve Data] 时间解析错误: 2025-04-10, 错误: cannot access local variable 'datetime' where it is not associated with a value
[Twelve Data] 时间解析错误: 2025-04-09, 错误: cannot access local variable 'datetime' where it is not associated with a value
[Twelve Data] 时间解析错误: 2025-04-08, 错误: cannot access local variable 'datetime' where it is not associated with a value
[Twelve Data] 时间解析错误: 2025-04-07, 错误: cannot access local variable 'datetime' where it is not associated with a value
[Twelve Data] 时间解析错误: 2025-04-04, 错误: cannot access local variable 'datetime' where it is not associated with a value
[Twelve Data] 时间解析错误: 2025-04-03, 错误: cannot access local variable 'datetime' where it is not associated with a value
[Twelve Data] 时间解析错误: 2025-04-02, 错误: cannot access local variable 'datetime' where it is not associated with a value
[Twelve Data] 时间解析错误: 2025-04-01, 错误: cannot access local variable 'datetime' where it is not associated with a value
[Twelve Data] 时间解析错误: 2025-03-31, 错误: cannot access local variable 'datetime' where it is not associated with a value
[Twelve Data] 时间解析错误: 2025-03-28, 错误: cannot access local variable 'datetime' where it is not associated with a value
[Twelve Data] 时间解析错误: 2025-03-27, 错误: cannot access local variable 'datetime' where it is not associated with a value
[Twelve Data] 时间解析错误: 2025-03-26, 错误: cannot access local variable 'datetime' where it is not associated with a value
[Twelve Data] 获取 251 个数据点（2025-03-26 到 2026-03-26），已按时间升序排序
[Twelve Data] 数据点足够: 251 >= 121
[Backtest] Twelve Data获取成功: 251 个数据点
[Backtest] 成功获取真实历史数据，数据源: Twelve Data
[Backtest] 开始简单回测计算，数据点: 251
[Backtest] 价格数据范围: 0 到 0, 价格: 252.62 - 221.53
[Backtest] 开始生成交易数据，数据点数量: 251
[Backtest] 交易信号: day=51, signal=-1, position=0, price=259.37
[Backtest] 开新仓: position=-1, entry_price=259.37
[Backtest] 交易信号: day=64, signal=1, position=-1, price=273.67001
[Backtest] 平仓交易: entry=259.37, exit=273.67001, pnl=-1430.0009999999986
[Backtest] 开新仓: position=1, entry_price=273.67001
[Backtest] 交易信号: day=98, signal=-1, position=1, price=270.37
[Backtest] 平仓交易: entry=273.67001, exit=270.37, pnl=-330.0009999999986
[Backtest] 开新仓: position=-1, entry_price=270.37
[Backtest] 交易信号: day=225, signal=1, position=-1, price=213.32001
[Backtest] 平仓交易: entry=270.37, exit=213.32001, pnl=5704.999000000001
[Backtest] 开新仓: position=1, entry_price=213.32001
[Backtest] 交易信号: day=238, signal=-1, position=1, price=198.14999
[Backtest] 平仓交易: entry=213.32001, exit=198.14999, pnl=-1517.0019999999995
[Backtest] 开新仓: position=-1, entry_price=198.14999
[Backtest] 回测结果计算完成: totalReturn=-14.77%, trades=5, tradesList count=5
[Backtest] 真实数据回测完成: totalReturn=-14.77%
[Backtest] 获取回测历史
[Backtest] 收到回测请求: {'strategy': 'moving_average', 'startDate': '2025-03-26', 'endDate': '2026-03-26', 'initialCapital': 100000, 'symbols': ['a'], 'dataMode': 'simulated', 'symbol': 'a', 'parameters': {'shortMaPeriod': 20, 'longMaPeriod': 50}}
[Backtest] 验证股票输入: 'a'
[Backtest] 股票输入有效: 公司名 'a' 解析为股票代码: AAPL
[Backtest] 使用真实数据模式
[Backtest] 尝试Finnhub获取历史数据: AAPL, start=2025-03-26, end=2026-03-26
[Finnhub] 尝试获取历史数据: AAPL, start=2025-03-26, end=2026-03-26
[Finnhub] 请求参数: {'symbol': 'AAPL', 'resolution': 'D', 'from': 1742961600, 'to': 1774497600, 'token': 'd6v2q09r01qig546aus0d6v2q09r01qig546ausg'}
[Finnhub] HTTP错误: 403
[Backtest] Finnhub失败，尝试Twelve Data: AAPL, start=2025-03-26, end=2026-03-26
[Twelve Data] 获取指定日期范围历史数据: AAPL, interval=1day, start=2025-03-26, end=2026-03-26
[Twelve Data] 请求参数（日期范围）: {'symbol': 'AAPL', 'interval': '1day', 'apikey': '4c486f3044124045a3bb48c1b6bc0a1b', 'start_date': '2025-03-26', 'end_date': '2026-03-26', 'format': 'JSON'}
[Twelve Data] 时间解析错误: 2026-03-25, 错误: cannot access local variable 'datetime' where it is not associated with a value
[Twelve Data] 时间解析错误: 2026-03-24, 错误: cannot access local variable 'datetime' where it is not associated with a value
[Twelve Data] 时间解析错误: 2026-03-23, 错误: cannot access local variable 'datetime' where it is not associated with a value
[Twelve Data] 时间解析错误: 2026-03-20, 错误: cannot access local variable 'datetime' where it is not associated with a value
[Twelve Data] 时间解析错误: 2026-03-19, 错误: cannot access local variable 'datetime' where it is not associated with a value
[Twelve Data] 时间解析错误: 2026-03-18, 错误: cannot access local variable 'datetime' where it is not associated with a value
[Twelve Data] 时间解析错误: 2026-03-17, 错误: cannot access local variable 'datetime' where it is not associated with a value
[Twelve Data] 时间解析错误: 2026-03-16, 错误: cannot access local variable 'datetime' where it is not associated with a value
[Twelve Data] 时间解析错误: 2026-03-13, 错误: cannot access local variable 'datetime' where it is not associated with a value
[Twelve Data] 时间解析错误: 2026-03-12, 错误: cannot access local variable 'datetime' where it is not associated with a value
[Twelve Data] 时间解析错误: 2026-03-11, 错误: cannot access local variable 'datetime' where it is not associated with a value
[Twelve Data] 时间解析错误: 2026-03-10, 错误: cannot access local variable 'datetime' where it is not associated with a value
[Twelve Data] 时间解析错误: 2026-03-09, 错误: cannot access local variable 'datetime' where it is not associated with a value
[Twelve Data] 时间解析错误: 2026-03-06, 错误: cannot access local variable 'datetime' where it is not associated with a value
[Twelve Data] 时间解析错误: 2026-03-05, 错误: cannot access local variable 'datetime' where it is not associated with a value
[Twelve Data] 时间解析错误: 2026-03-04, 错误: cannot access local variable 'datetime' where it is not associated with a value
[Twelve Data] 时间解析错误: 2026-03-03, 错误: cannot access local variable 'datetime' where it is not associated with a value
[Twelve Data] 时间解析错误: 2026-03-02, 错误: cannot access local variable 'datetime' where it is not associated with a value
[Twelve Data] 时间解析错误: 2026-02-27, 错误: cannot access local variable 'datetime' where it is not associated with a value
[Twelve Data] 时间解析错误: 2026-02-26, 错误: cannot access local variable 'datetime' where it is not associated with a value
[Twelve Data] 时间解析错误: 2026-02-25, 错误: cannot access local variable 'datetime' where it is not associated with a value
[Twelve Data] 时间解析错误: 2026-02-24, 错误: cannot access local variable 'datetime' where it is not associated with a value
[Twelve Data] 时间解析错误: 2026-02-23, 错误: cannot access local variable 'datetime' where it is not associated with a value
[Twelve Data] 时间解析错误: 2026-02-20, 错误: cannot access local variable 'datetime' where it is not associated with a value
[Twelve Data] 时间解析错误: 2026-02-19, 错误: cannot access local variable 'datetime' where it is not associated with a value
[Twelve Data] 时间解析错误: 2026-02-18, 错误: cannot access local variable 'datetime' where it is not associated with a value
[Twelve Data] 时间解析错误: 2026-02-17, 错误: cannot access local variable 'datetime' where it is not associated with a value
[Twelve Data] 时间解析错误: 2026-02-13, 错误: cannot access local variable 'datetime' where it is not associated with a value
[Twelve Data] 时间解析错误: 2026-02-12, 错误: cannot access local variable 'datetime' where it is not associated with a value
[Twelve Data] 时间解析错误: 2026-02-11, 错误: cannot access local variable 'datetime' where it is not associated with a value
[Twelve Data] 时间解析错误: 2026-02-10, 错误: cannot access local variable 'datetime' where it is not associated with a value
[Twelve Data] 时间解析错误: 2026-02-09, 错误: cannot access local variable 'datetime' where it is not associated with a value
[Twelve Data] 时间解析错误: 2026-02-06, 错误: cannot access local variable 'datetime' where it is not associated with a value
[Twelve Data] 时间解析错误: 2026-02-05, 错误: cannot access local variable 'datetime' where it is not associated with a value
[Twelve Data] 时间解析错误: 2026-02-04, 错误: cannot access local variable 'datetime' where it is not associated with a value
[Twelve Data] 时间解析错误: 2026-02-03, 错误: cannot access local variable 'datetime' where it is not associated with a value
[Twelve Data] 时间解析错误: 2026-02-02, 错误: cannot access local variable 'datetime' where it is not associated with a value
[Twelve Data] 时间解析错误: 2026-01-30, 错误: cannot access local variable 'datetime' where it is not associated with a value
[Twelve Data] 时间解析错误: 2026-01-29, 错误: cannot access local variable 'datetime' where it is not associated with a value
[Twelve Data] 时间解析错误: 2026-01-28, 错误: cannot access local variable 'datetime' where it is not associated with a value
[Twelve Data] 时间解析错误: 2026-01-27, 错误: cannot access local variable 'datetime' where it is not associated with a value
[Twelve Data] 时间解析错误: 2026-01-26, 错误: cannot access local variable 'datetime' where it is not associated with a value
[Twelve Data] 时间解析错误: 2026-01-23, 错误: cannot access local variable 'datetime' where it is not associated with a value
[Twelve Data] 时间解析错误: 2026-01-22, 错误: cannot access local variable 'datetime' where it is not associated with a value
[Twelve Data] 时间解析错误: 2026-01-21, 错误: cannot access local variable 'datetime' where it is not associated with a value
[Twelve Data] 时间解析错误: 2026-01-20, 错误: cannot access local variable 'datetime' where it is not associated with a value
[Twelve Data] 时间解析错误: 2026-01-16, 错误: cannot access local variable 'datetime' where it is not associated with a value
[Twelve Data] 时间解析错误: 2026-01-15, 错误: cannot access local variable 'datetime' where it is not associated with a value
[Twelve Data] 时间解析错误: 2026-01-14, 错误: cannot access local variable 'datetime' where it is not associated with a value
[Twelve Data] 时间解析错误: 2026-01-13, 错误: cannot access local variable 'datetime' where it is not associated with a value
[Twelve Data] 时间解析错误: 2026-01-12, 错误: cannot access local variable 'datetime' where it is not associated with a value
[Twelve Data] 时间解析错误: 2026-01-09, 错误: cannot access local variable 'datetime' where it is not associated with a value
[Twelve Data] 时间解析错误: 2026-01-08, 错误: cannot access local variable 'datetime' where it is not associated with a value
[Twelve Data] 时间解析错误: 2026-01-07, 错误: cannot access local variable 'datetime' where it is not associated with a value
[Twelve Data] 时间解析错误: 2026-01-06, 错误: cannot access local variable 'datetime' where it is not associated with a value
[Twelve Data] 时间解析错误: 2026-01-05, 错误: cannot access local variable 'datetime' where it is not associated with a value
[Twelve Data] 时间解析错误: 2026-01-02, 错误: cannot access local variable 'datetime' where it is not associated with a value
[Twelve Data] 时间解析错误: 2025-12-31, 错误: cannot access local variable 'datetime' where it is not associated with a value
[Twelve Data] 时间解析错误: 2025-12-30, 错误: cannot access local variable 'datetime' where it is not associated with a value
[Twelve Data] 时间解析错误: 2025-12-29, 错误: cannot access local variable 'datetime' where it is not associated with a value
[Twelve Data] 时间解析错误: 2025-12-26, 错误: cannot access local variable 'datetime' where it is not associated with a value
[Twelve Data] 时间解析错误: 2025-12-24, 错误: cannot access local variable 'datetime' where it is not associated with a value
[Twelve Data] 时间解析错误: 2025-12-23, 错误: cannot access local variable 'datetime' where it is not associated with a value
[Twelve Data] 时间解析错误: 2025-12-22, 错误: cannot access local variable 'datetime' where it is not associated with a value
[Twelve Data] 时间解析错误: 2025-12-19, 错误: cannot access local variable 'datetime' where it is not associated with a value
[Twelve Data] 时间解析错误: 2025-12-18, 错误: cannot access local variable 'datetime' where it is not associated with a value
[Twelve Data] 时间解析错误: 2025-12-17, 错误: cannot access local variable 'datetime' where it is not associated with a value
[Twelve Data] 时间解析错误: 2025-12-16, 错误: cannot access local variable 'datetime' where it is not associated with a value
[Twelve Data] 时间解析错误: 2025-12-15, 错误: cannot access local variable 'datetime' where it is not associated with a value
[Twelve Data] 时间解析错误: 2025-12-12, 错误: cannot access local variable 'datetime' where it is not associated with a value
[Twelve Data] 时间解析错误: 2025-12-11, 错误: cannot access local variable 'datetime' where it is not associated with a value
[Twelve Data] 时间解析错误: 2025-12-10, 错误: cannot access local variable 'datetime' where it is not associated with a value
[Twelve Data] 时间解析错误: 2025-12-09, 错误: cannot access local variable 'datetime' where it is not associated with a value
[Twelve Data] 时间解析错误: 2025-12-08, 错误: cannot access local variable 'datetime' where it is not associated with a value
[Twelve Data] 时间解析错误: 2025-12-05, 错误: cannot access local variable 'datetime' where it is not associated with a value
[Twelve Data] 时间解析错误: 2025-12-04, 错误: cannot access local variable 'datetime' where it is not associated with a value
[Twelve Data] 时间解析错误: 2025-12-03, 错误: cannot access local variable 'datetime' where it is not associated with a value
[Twelve Data] 时间解析错误: 2025-12-02, 错误: cannot access local variable 'datetime' where it is not associated with a value
[Twelve Data] 时间解析错误: 2025-12-01, 错误: cannot access local variable 'datetime' where it is not associated with a value
[Twelve Data] 时间解析错误: 2025-11-28, 错误: cannot access local variable 'datetime' where it is not associated with a value
[Twelve Data] 时间解析错误: 2025-11-26, 错误: cannot access local variable 'datetime' where it is not associated with a value
[Twelve Data] 时间解析错误: 2025-11-25, 错误: cannot access local variable 'datetime' where it is not associated with a value
[Twelve Data] 时间解析错误: 2025-11-24, 错误: cannot access local variable 'datetime' where it is not associated with a value
[Twelve Data] 时间解析错误: 2025-11-21, 错误: cannot access local variable 'datetime' where it is not associated with a value
[Twelve Data] 时间解析错误: 2025-11-20, 错误: cannot access local variable 'datetime' where it is not associated with a value
[Twelve Data] 时间解析错误: 2025-11-19, 错误: cannot access local variable 'datetime' where it is not associated with a value
[Twelve Data] 时间解析错误: 2025-11-18, 错误: cannot access local variable 'datetime' where it is not associated with a value
[Twelve Data] 时间解析错误: 2025-11-17, 错误: cannot access local variable 'datetime' where it is not associated with a value
[Twelve Data] 时间解析错误: 2025-11-14, 错误: cannot access local variable 'datetime' where it is not associated with a value
[Twelve Data] 时间解析错误: 2025-11-13, 错误: cannot access local variable 'datetime' where it is not associated with a value
[Twelve Data] 时间解析错误: 2025-11-12, 错误: cannot access local variable 'datetime' where it is not associated with a value
[Twelve Data] 时间解析错误: 2025-11-11, 错误: cannot access local variable 'datetime' where it is not associated with a value
[Twelve Data] 时间解析错误: 2025-11-10, 错误: cannot access local variable 'datetime' where it is not associated with a value
[Twelve Data] 时间解析错误: 2025-11-07, 错误: cannot access local variable 'datetime' where it is not associated with a value
[Twelve Data] 时间解析错误: 2025-11-06, 错误: cannot access local variable 'datetime' where it is not associated with a value
[Twelve Data] 时间解析错误: 2025-11-05, 错误: cannot access local variable 'datetime' where it is not associated with a value
[Twelve Data] 时间解析错误: 2025-11-04, 错误: cannot access local variable 'datetime' where it is not associated with a value
[Twelve Data] 时间解析错误: 2025-11-03, 错误: cannot access local variable 'datetime' where it is not associated with a value
[Twelve Data] 时间解析错误: 2025-10-31, 错误: cannot access local variable 'datetime' where it is not associated with a value
[Twelve Data] 时间解析错误: 2025-10-30, 错误: cannot access local variable 'datetime' where it is not associated with a value
[Twelve Data] 时间解析错误: 2025-10-29, 错误: cannot access local variable 'datetime' where it is not associated with a value
[Twelve Data] 时间解析错误: 2025-10-28, 错误: cannot access local variable 'datetime' where it is not associated with a value
[Twelve Data] 时间解析错误: 2025-10-27, 错误: cannot access local variable 'datetime' where it is not associated with a value
[Twelve Data] 时间解析错误: 2025-10-24, 错误: cannot access local variable 'datetime' where it is not associated with a value
[Twelve Data] 时间解析错误: 2025-10-23, 错误: cannot access local variable 'datetime' where it is not associated with a value
[Twelve Data] 时间解析错误: 2025-10-22, 错误: cannot access local variable 'datetime' where it is not associated with a value
[Twelve Data] 时间解析错误: 2025-10-21, 错误: cannot access local variable 'datetime' where it is not associated with a value
[Twelve Data] 时间解析错误: 2025-10-20, 错误: cannot access local variable 'datetime' where it is not associated with a value
[Twelve Data] 时间解析错误: 2025-10-17, 错误: cannot access local variable 'datetime' where it is not associated with a value
[Twelve Data] 时间解析错误: 2025-10-16, 错误: cannot access local variable 'datetime' where it is not associated with a value
[Twelve Data] 时间解析错误: 2025-10-15, 错误: cannot access local variable 'datetime' where it is not associated with a value
[Twelve Data] 时间解析错误: 2025-10-14, 错误: cannot access local variable 'datetime' where it is not associated with a value
[Twelve Data] 时间解析错误: 2025-10-13, 错误: cannot access local variable 'datetime' where it is not associated with a value
[Twelve Data] 时间解析错误: 2025-10-10, 错误: cannot access local variable 'datetime' where it is not associated with a value
[Twelve Data] 时间解析错误: 2025-10-09, 错误: cannot access local variable 'datetime' where it is not associated with a value
[Twelve Data] 时间解析错误: 2025-10-08, 错误: cannot access local variable 'datetime' where it is not associated with a value
[Twelve Data] 时间解析错误: 2025-10-07, 错误: cannot access local variable 'datetime' where it is not associated with a value
[Twelve Data] 时间解析错误: 2025-10-06, 错误: cannot access local variable 'datetime' where it is not associated with a value
[Twelve Data] 时间解析错误: 2025-10-03, 错误: cannot access local variable 'datetime' where it is not associated with a value
[Twelve Data] 时间解析错误: 2025-10-02, 错误: cannot access local variable 'datetime' where it is not associated with a value
[Twelve Data] 时间解析错误: 2025-10-01, 错误: cannot access local variable 'datetime' where it is not associated with a value
[Twelve Data] 时间解析错误: 2025-09-30, 错误: cannot access local variable 'datetime' where it is not associated with a value
[Twelve Data] 时间解析错误: 2025-09-29, 错误: cannot access local variable 'datetime' where it is not associated with a value
[Twelve Data] 时间解析错误: 2025-09-26, 错误: cannot access local variable 'datetime' where it is not associated with a value
[Twelve Data] 时间解析错误: 2025-09-25, 错误: cannot access local variable 'datetime' where it is not associated with a value
[Twelve Data] 时间解析错误: 2025-09-24, 错误: cannot access local variable 'datetime' where it is not associated with a value
[Twelve Data] 时间解析错误: 2025-09-23, 错误: cannot access local variable 'datetime' where it is not associated with a value
[Twelve Data] 时间解析错误: 2025-09-22, 错误: cannot access local variable 'datetime' where it is not associated with a value
[Twelve Data] 时间解析错误: 2025-09-19, 错误: cannot access local variable 'datetime' where it is not associated with a value
[Twelve Data] 时间解析错误: 2025-09-18, 错误: cannot access local variable 'datetime' where it is not associated with a value
[Twelve Data] 时间解析错误: 2025-09-17, 错误: cannot access local variable 'datetime' where it is not associated with a value
[Twelve Data] 时间解析错误: 2025-09-16, 错误: cannot access local variable 'datetime' where it is not associated with a value
[Twelve Data] 时间解析错误: 2025-09-15, 错误: cannot access local variable 'datetime' where it is not associated with a value
[Twelve Data] 时间解析错误: 2025-09-12, 错误: cannot access local variable 'datetime' where it is not associated with a value
[Twelve Data] 时间解析错误: 2025-09-11, 错误: cannot access local variable 'datetime' where it is not associated with a value
[Twelve Data] 时间解析错误: 2025-09-10, 错误: cannot access local variable 'datetime' where it is not associated with a value
[Twelve Data] 时间解析错误: 2025-09-09, 错误: cannot access local variable 'datetime' where it is not associated with a value
[Twelve Data] 时间解析错误: 2025-09-08, 错误: cannot access local variable 'datetime' where it is not associated with a value
[Twelve Data] 时间解析错误: 2025-09-05, 错误: cannot access local variable 'datetime' where it is not associated with a value
[Twelve Data] 时间解析错误: 2025-09-04, 错误: cannot access local variable 'datetime' where it is not associated with a value
[Twelve Data] 时间解析错误: 2025-09-03, 错误: cannot access local variable 'datetime' where it is not associated with a value
[Twelve Data] 时间解析错误: 2025-09-02, 错误: cannot access local variable 'datetime' where it is not associated with a value
[Twelve Data] 时间解析错误: 2025-08-29, 错误: cannot access local variable 'datetime' where it is not associated with a value
[Twelve Data] 时间解析错误: 2025-08-28, 错误: cannot access local variable 'datetime' where it is not associated with a value
[Twelve Data] 时间解析错误: 2025-08-27, 错误: cannot access local variable 'datetime' where it is not associated with a value
[Twelve Data] 时间解析错误: 2025-08-26, 错误: cannot access local variable 'datetime' where it is not associated with a value
[Twelve Data] 时间解析错误: 2025-08-25, 错误: cannot access local variable 'datetime' where it is not associated with a value
[Twelve Data] 时间解析错误: 2025-08-22, 错误: cannot access local variable 'datetime' where it is not associated with a value
[Twelve Data] 时间解析错误: 2025-08-21, 错误: cannot access local variable 'datetime' where it is not associated with a value
[Twelve Data] 时间解析错误: 2025-08-20, 错误: cannot access local variable 'datetime' where it is not associated with a value
[Twelve Data] 时间解析错误: 2025-08-19, 错误: cannot access local variable 'datetime' where it is not associated with a value
[Twelve Data] 时间解析错误: 2025-08-18, 错误: cannot access local variable 'datetime' where it is not associated with a value
[Twelve Data] 时间解析错误: 2025-08-15, 错误: cannot access local variable 'datetime' where it is not associated with a value
[Twelve Data] 时间解析错误: 2025-08-14, 错误: cannot access local variable 'datetime' where it is not associated with a value
[Twelve Data] 时间解析错误: 2025-08-13, 错误: cannot access local variable 'datetime' where it is not associated with a value
[Twelve Data] 时间解析错误: 2025-08-12, 错误: cannot access local variable 'datetime' where it is not associated with a value
[Twelve Data] 时间解析错误: 2025-08-11, 错误: cannot access local variable 'datetime' where it is not associated with a value
[Twelve Data] 时间解析错误: 2025-08-08, 错误: cannot access local variable 'datetime' where it is not associated with a value
[Twelve Data] 时间解析错误: 2025-08-07, 错误: cannot access local variable 'datetime' where it is not associated with a value
[Twelve Data] 时间解析错误: 2025-08-06, 错误: cannot access local variable 'datetime' where it is not associated with a value
[Twelve Data] 时间解析错误: 2025-08-05, 错误: cannot access local variable 'datetime' where it is not associated with a value
[Twelve Data] 时间解析错误: 2025-08-04, 错误: cannot access local variable 'datetime' where it is not associated with a value
[Twelve Data] 时间解析错误: 2025-08-01, 错误: cannot access local variable 'datetime' where it is not associated with a value
[Twelve Data] 时间解析错误: 2025-07-31, 错误: cannot access local variable 'datetime' where it is not associated with a value
[Twelve Data] 时间解析错误: 2025-07-30, 错误: cannot access local variable 'datetime' where it is not associated with a value
[Twelve Data] 时间解析错误: 2025-07-29, 错误: cannot access local variable 'datetime' where it is not associated with a value
[Twelve Data] 时间解析错误: 2025-07-28, 错误: cannot access local variable 'datetime' where it is not associated with a value
[Twelve Data] 时间解析错误: 2025-07-25, 错误: cannot access local variable 'datetime' where it is not associated with a value
[Twelve Data] 时间解析错误: 2025-07-24, 错误: cannot access local variable 'datetime' where it is not associated with a value
[Twelve Data] 时间解析错误: 2025-07-23, 错误: cannot access local variable 'datetime' where it is not associated with a value
[Twelve Data] 时间解析错误: 2025-07-22, 错误: cannot access local variable 'datetime' where it is not associated with a value
[Twelve Data] 时间解析错误: 2025-07-21, 错误: cannot access local variable 'datetime' where it is not associated with a value
[Twelve Data] 时间解析错误: 2025-07-18, 错误: cannot access local variable 'datetime' where it is not associated with a value
[Twelve Data] 时间解析错误: 2025-07-17, 错误: cannot access local variable 'datetime' where it is not associated with a value
[Twelve Data] 时间解析错误: 2025-07-16, 错误: cannot access local variable 'datetime' where it is not associated with a value
[Twelve Data] 时间解析错误: 2025-07-15, 错误: cannot access local variable 'datetime' where it is not associated with a value
[Twelve Data] 时间解析错误: 2025-07-14, 错误: cannot access local variable 'datetime' where it is not associated with a value
[Twelve Data] 时间解析错误: 2025-07-11, 错误: cannot access local variable 'datetime' where it is not associated with a value
[Twelve Data] 时间解析错误: 2025-07-10, 错误: cannot access local variable 'datetime' where it is not associated with a value
[Twelve Data] 时间解析错误: 2025-07-09, 错误: cannot access local variable 'datetime' where it is not associated with a value
[Twelve Data] 时间解析错误: 2025-07-08, 错误: cannot access local variable 'datetime' where it is not associated with a value
[Twelve Data] 时间解析错误: 2025-07-07, 错误: cannot access local variable 'datetime' where it is not associated with a value
[Twelve Data] 时间解析错误: 2025-07-03, 错误: cannot access local variable 'datetime' where it is not associated with a value
[Twelve Data] 时间解析错误: 2025-07-02, 错误: cannot access local variable 'datetime' where it is not associated with a value
[Twelve Data] 时间解析错误: 2025-07-01, 错误: cannot access local variable 'datetime' where it is not associated with a value
[Twelve Data] 时间解析错误: 2025-06-30, 错误: cannot access local variable 'datetime' where it is not associated with a value
[Twelve Data] 时间解析错误: 2025-06-27, 错误: cannot access local variable 'datetime' where it is not associated with a value
[Twelve Data] 时间解析错误: 2025-06-26, 错误: cannot access local variable 'datetime' where it is not associated with a value
[Twelve Data] 时间解析错误: 2025-06-25, 错误: cannot access local variable 'datetime' where it is not associated with a value
[Twelve Data] 时间解析错误: 2025-06-24, 错误: cannot access local variable 'datetime' where it is not associated with a value
[Twelve Data] 时间解析错误: 2025-06-23, 错误: cannot access local variable 'datetime' where it is not associated with a value
[Twelve Data] 时间解析错误: 2025-06-20, 错误: cannot access local variable 'datetime' where it is not associated with a value
[Twelve Data] 时间解析错误: 2025-06-18, 错误: cannot access local variable 'datetime' where it is not associated with a value
[Twelve Data] 时间解析错误: 2025-06-17, 错误: cannot access local variable 'datetime' where it is not associated with a value
[Twelve Data] 时间解析错误: 2025-06-16, 错误: cannot access local variable 'datetime' where it is not associated with a value
[Twelve Data] 时间解析错误: 2025-06-13, 错误: cannot access local variable 'datetime' where it is not associated with a value
[Twelve Data] 时间解析错误: 2025-06-12, 错误: cannot access local variable 'datetime' where it is not associated with a value
[Twelve Data] 时间解析错误: 2025-06-11, 错误: cannot access local variable 'datetime' where it is not associated with a value
[Twelve Data] 时间解析错误: 2025-06-10, 错误: cannot access local variable 'datetime' where it is not associated with a value
[Twelve Data] 时间解析错误: 2025-06-09, 错误: cannot access local variable 'datetime' where it is not associated with a value
[Twelve Data] 时间解析错误: 2025-06-06, 错误: cannot access local variable 'datetime' where it is not associated with a value
[Twelve Data] 时间解析错误: 2025-06-05, 错误: cannot access local variable 'datetime' where it is not associated with a value
[Twelve Data] 时间解析错误: 2025-06-04, 错误: cannot access local variable 'datetime' where it is not associated with a value
[Twelve Data] 时间解析错误: 2025-06-03, 错误: cannot access local variable 'datetime' where it is not associated with a value
[Twelve Data] 时间解析错误: 2025-06-02, 错误: cannot access local variable 'datetime' where it is not associated with a value
[Twelve Data] 时间解析错误: 2025-05-30, 错误: cannot access local variable 'datetime' where it is not associated with a value
[Twelve Data] 时间解析错误: 2025-05-29, 错误: cannot access local variable 'datetime' where it is not associated with a value
[Twelve Data] 时间解析错误: 2025-05-28, 错误: cannot access local variable 'datetime' where it is not associated with a value
[Twelve Data] 时间解析错误: 2025-05-27, 错误: cannot access local variable 'datetime' where it is not associated with a value
[Twelve Data] 时间解析错误: 2025-05-23, 错误: cannot access local variable 'datetime' where it is not associated with a value
[Twelve Data] 时间解析错误: 2025-05-22, 错误: cannot access local variable 'datetime' where it is not associated with a value
[Twelve Data] 时间解析错误: 2025-05-21, 错误: cannot access local variable 'datetime' where it is not associated with a value
[Twelve Data] 时间解析错误: 2025-05-20, 错误: cannot access local variable 'datetime' where it is not associated with a value
[Twelve Data] 时间解析错误: 2025-05-19, 错误: cannot access local variable 'datetime' where it is not associated with a value
[Twelve Data] 时间解析错误: 2025-05-16, 错误: cannot access local variable 'datetime' where it is not associated with a value
[Twelve Data] 时间解析错误: 2025-05-15, 错误: cannot access local variable 'datetime' where it is not associated with a value
[Twelve Data] 时间解析错误: 2025-05-14, 错误: cannot access local variable 'datetime' where it is not associated with a value
[Twelve Data] 时间解析错误: 2025-05-13, 错误: cannot access local variable 'datetime' where it is not associated with a value
[Twelve Data] 时间解析错误: 2025-05-12, 错误: cannot access local variable 'datetime' where it is not associated with a value
[Twelve Data] 时间解析错误: 2025-05-09, 错误: cannot access local variable 'datetime' where it is not associated with a value
[Twelve Data] 时间解析错误: 2025-05-08, 错误: cannot access local variable 'datetime' where it is not associated with a value
[Twelve Data] 时间解析错误: 2025-05-07, 错误: cannot access local variable 'datetime' where it is not associated with a value
[Twelve Data] 时间解析错误: 2025-05-06, 错误: cannot access local variable 'datetime' where it is not associated with a value
[Twelve Data] 时间解析错误: 2025-05-05, 错误: cannot access local variable 'datetime' where it is not associated with a value
[Twelve Data] 时间解析错误: 2025-05-02, 错误: cannot access local variable 'datetime' where it is not associated with a value
[Twelve Data] 时间解析错误: 2025-05-01, 错误: cannot access local variable 'datetime' where it is not associated with a value
[Twelve Data] 时间解析错误: 2025-04-30, 错误: cannot access local variable 'datetime' where it is not associated with a value
[Twelve Data] 时间解析错误: 2025-04-29, 错误: cannot access local variable 'datetime' where it is not associated with a value
[Twelve Data] 时间解析错误: 2025-04-28, 错误: cannot access local variable 'datetime' where it is not associated with a value
[Twelve Data] 时间解析错误: 2025-04-25, 错误: cannot access local variable 'datetime' where it is not associated with a value
[Twelve Data] 时间解析错误: 2025-04-24, 错误: cannot access local variable 'datetime' where it is not associated with a value
[Twelve Data] 时间解析错误: 2025-04-23, 错误: cannot access local variable 'datetime' where it is not associated with a value
[Twelve Data] 时间解析错误: 2025-04-22, 错误: cannot access local variable 'datetime' where it is not associated with a value
[Twelve Data] 时间解析错误: 2025-04-21, 错误: cannot access local variable 'datetime' where it is not associated with a value
[Twelve Data] 时间解析错误: 2025-04-17, 错误: cannot access local variable 'datetime' where it is not associated with a value
[Twelve Data] 时间解析错误: 2025-04-16, 错误: cannot access local variable 'datetime' where it is not associated with a value
[Twelve Data] 时间解析错误: 2025-04-15, 错误: cannot access local variable 'datetime' where it is not associated with a value
[Twelve Data] 时间解析错误: 2025-04-14, 错误: cannot access local variable 'datetime' where it is not associated with a value
[Twelve Data] 时间解析错误: 2025-04-11, 错误: cannot access local variable 'datetime' where it is not associated with a value
[Twelve Data] 时间解析错误: 2025-04-10, 错误: cannot access local variable 'datetime' where it is not associated with a value
[Twelve Data] 时间解析错误: 2025-04-09, 错误: cannot access local variable 'datetime' where it is not associated with a value
[Twelve Data] 时间解析错误: 2025-04-08, 错误: cannot access local variable 'datetime' where it is not associated with a value
[Twelve Data] 时间解析错误: 2025-04-07, 错误: cannot access local variable 'datetime' where it is not associated with a value
[Twelve Data] 时间解析错误: 2025-04-04, 错误: cannot access local variable 'datetime' where it is not associated with a value
[Twelve Data] 时间解析错误: 2025-04-03, 错误: cannot access local variable 'datetime' where it is not associated with a value
[Twelve Data] 时间解析错误: 2025-04-02, 错误: cannot access local variable 'datetime' where it is not associated with a value
[Twelve Data] 时间解析错误: 2025-04-01, 错误: cannot access local variable 'datetime' where it is not associated with a value
[Twelve Data] 时间解析错误: 2025-03-31, 错误: cannot access local variable 'datetime' where it is not associated with a value
[Twelve Data] 时间解析错误: 2025-03-28, 错误: cannot access local variable 'datetime' where it is not associated with a value
[Twelve Data] 时间解析错误: 2025-03-27, 错误: cannot access local variable 'datetime' where it is not associated with a value
[Twelve Data] 时间解析错误: 2025-03-26, 错误: cannot access local variable 'datetime' where it is not associated with a value
[Twelve Data] 获取 251 个数据点（2025-03-26 到 2026-03-26），已按时间升序排序
[Twelve Data] 数据点足够: 251 >= 121
[Backtest] Twelve Data获取成功: 251 个数据点
[Backtest] 成功获取真实历史数据，数据源: Twelve Data
[Backtest] 开始简单回测计算，数据点: 251
[Backtest] 价格数据范围: 0 到 0, 价格: 252.62 - 221.53
[Backtest] 开始生成交易数据，数据点数量: 251
[Backtest] 交易信号: day=51, signal=-1, position=0, price=259.37
[Backtest] 开新仓: position=-1, entry_price=259.37
[Backtest] 交易信号: day=64, signal=1, position=-1, price=273.67001
[Backtest] 平仓交易: entry=259.37, exit=273.67001, pnl=-1430.0009999999986
[Backtest] 开新仓: position=1, entry_price=273.67001
[Backtest] 交易信号: day=98, signal=-1, position=1, price=270.37
[Backtest] 平仓交易: entry=273.67001, exit=270.37, pnl=-330.0009999999986
[Backtest] 开新仓: position=-1, entry_price=270.37
[Backtest] 交易信号: day=225, signal=1, position=-1, price=213.32001
[Backtest] 平仓交易: entry=270.37, exit=213.32001, pnl=5704.999000000001
[Backtest] 开新仓: position=1, entry_price=213.32001
[Backtest] 交易信号: day=238, signal=-1, position=1, price=198.14999
[Backtest] 平仓交易: entry=213.32001, exit=198.14999, pnl=-1517.0019999999995
[Backtest] 开新仓: position=-1, entry_price=198.14999
[Backtest] 回测结果计算完成: totalReturn=-14.77%, trades=5, tradesList count=5
[Backtest] 真实数据回测完成: totalReturn=-14.77%
[Backtest] 获取回测历史
[Backtest] 收到回测请求: {'strategy': 'moving_average', 'startDate': '2025-03-26', 'endDate': '2026-03-26', 'initialCapital': 100000, 'symbols': ['t'], 'dataMode': 'simulated', 'symbol': 't', 'parameters': {'shortMaPeriod': 20, 'longMaPeriod': 50}}
[Backtest] 验证股票输入: 't'
[Backtest] 股票输入有效: 公司名 't' 解析为股票代码: AAPL
[Backtest] 使用真实数据模式
[Backtest] 尝试Finnhub获取历史数据: AAPL, start=2025-03-26, end=2026-03-26
[Finnhub] 尝试获取历史数据: AAPL, start=2025-03-26, end=2026-03-26
[Finnhub] 请求参数: {'symbol': 'AAPL', 'resolution': 'D', 'from': 1742961600, 'to': 1774497600, 'token': 'd6v2q09r01qig546aus0d6v2q09r01qig546ausg'}
[Finnhub] HTTP错误: 403
[Backtest] Finnhub失败，尝试Twelve Data: AAPL, start=2025-03-26, end=2026-03-26
[Twelve Data] 获取指定日期范围历史数据: AAPL, interval=1day, start=2025-03-26, end=2026-03-26
[Twelve Data] 请求参数（日期范围）: {'symbol': 'AAPL', 'interval': '1day', 'apikey': '4c486f3044124045a3bb48c1b6bc0a1b', 'start_date': '2025-03-26', 'end_date': '2026-03-26', 'format': 'JSON'}
[Twelve Data] 时间解析错误: 2026-03-25, 错误: cannot access local variable 'datetime' where it is not associated with a value
[Twelve Data] 时间解析错误: 2026-03-24, 错误: cannot access local variable 'datetime' where it is not associated with a value
[Twelve Data] 时间解析错误: 2026-03-23, 错误: cannot access local variable 'datetime' where it is not associated with a value
[Twelve Data] 时间解析错误: 2026-03-20, 错误: cannot access local variable 'datetime' where it is not associated with a value
[Twelve Data] 时间解析错误: 2026-03-19, 错误: cannot access local variable 'datetime' where it is not associated with a value
[Twelve Data] 时间解析错误: 2026-03-18, 错误: cannot access local variable 'datetime' where it is not associated with a value
[Twelve Data] 时间解析错误: 2026-03-17, 错误: cannot access local variable 'datetime' where it is not associated with a value
[Twelve Data] 时间解析错误: 2026-03-16, 错误: cannot access local variable 'datetime' where it is not associated with a value
[Twelve Data] 时间解析错误: 2026-03-13, 错误: cannot access local variable 'datetime' where it is not associated with a value
[Twelve Data] 时间解析错误: 2026-03-12, 错误: cannot access local variable 'datetime' where it is not associated with a value
[Twelve Data] 时间解析错误: 2026-03-11, 错误: cannot access local variable 'datetime' where it is not associated with a value
[Twelve Data] 时间解析错误: 2026-03-10, 错误: cannot access local variable 'datetime' where it is not associated with a value
[Twelve Data] 时间解析错误: 2026-03-09, 错误: cannot access local variable 'datetime' where it is not associated with a value
[Twelve Data] 时间解析错误: 2026-03-06, 错误: cannot access local variable 'datetime' where it is not associated with a value
[Twelve Data] 时间解析错误: 2026-03-05, 错误: cannot access local variable 'datetime' where it is not associated with a value
[Twelve Data] 时间解析错误: 2026-03-04, 错误: cannot access local variable 'datetime' where it is not associated with a value
[Twelve Data] 时间解析错误: 2026-03-03, 错误: cannot access local variable 'datetime' where it is not associated with a value
[Twelve Data] 时间解析错误: 2026-03-02, 错误: cannot access local variable 'datetime' where it is not associated with a value
[Twelve Data] 时间解析错误: 2026-02-27, 错误: cannot access local variable 'datetime' where it is not associated with a value
[Twelve Data] 时间解析错误: 2026-02-26, 错误: cannot access local variable 'datetime' where it is not associated with a value
[Twelve Data] 时间解析错误: 2026-02-25, 错误: cannot access local variable 'datetime' where it is not associated with a value
[Twelve Data] 时间解析错误: 2026-02-24, 错误: cannot access local variable 'datetime' where it is not associated with a value
[Twelve Data] 时间解析错误: 2026-02-23, 错误: cannot access local variable 'datetime' where it is not associated with a value
[Twelve Data] 时间解析错误: 2026-02-20, 错误: cannot access local variable 'datetime' where it is not associated with a value
[Twelve Data] 时间解析错误: 2026-02-19, 错误: cannot access local variable 'datetime' where it is not associated with a value
[Twelve Data] 时间解析错误: 2026-02-18, 错误: cannot access local variable 'datetime' where it is not associated with a value
[Twelve Data] 时间解析错误: 2026-02-17, 错误: cannot access local variable 'datetime' where it is not associated with a value
[Twelve Data] 时间解析错误: 2026-02-13, 错误: cannot access local variable 'datetime' where it is not associated with a value
[Twelve Data] 时间解析错误: 2026-02-12, 错误: cannot access local variable 'datetime' where it is not associated with a value
[Twelve Data] 时间解析错误: 2026-02-11, 错误: cannot access local variable 'datetime' where it is not associated with a value
[Twelve Data] 时间解析错误: 2026-02-10, 错误: cannot access local variable 'datetime' where it is not associated with a value
[Twelve Data] 时间解析错误: 2026-02-09, 错误: cannot access local variable 'datetime' where it is not associated with a value
[Twelve Data] 时间解析错误: 2026-02-06, 错误: cannot access local variable 'datetime' where it is not associated with a value
[Twelve Data] 时间解析错误: 2026-02-05, 错误: cannot access local variable 'datetime' where it is not associated with a value
[Twelve Data] 时间解析错误: 2026-02-04, 错误: cannot access local variable 'datetime' where it is not associated with a value
[Twelve Data] 时间解析错误: 2026-02-03, 错误: cannot access local variable 'datetime' where it is not associated with a value
[Twelve Data] 时间解析错误: 2026-02-02, 错误: cannot access local variable 'datetime' where it is not associated with a value
[Twelve Data] 时间解析错误: 2026-01-30, 错误: cannot access local variable 'datetime' where it is not associated with a value
[Twelve Data] 时间解析错误: 2026-01-29, 错误: cannot access local variable 'datetime' where it is not associated with a value
[Twelve Data] 时间解析错误: 2026-01-28, 错误: cannot access local variable 'datetime' where it is not associated with a value
[Twelve Data] 时间解析错误: 2026-01-27, 错误: cannot access local variable 'datetime' where it is not associated with a value
[Twelve Data] 时间解析错误: 2026-01-26, 错误: cannot access local variable 'datetime' where it is not associated with a value
[Twelve Data] 时间解析错误: 2026-01-23, 错误: cannot access local variable 'datetime' where it is not associated with a value
[Twelve Data] 时间解析错误: 2026-01-22, 错误: cannot access local variable 'datetime' where it is not associated with a value
[Twelve Data] 时间解析错误: 2026-01-21, 错误: cannot access local variable 'datetime' where it is not associated with a value
[Twelve Data] 时间解析错误: 2026-01-20, 错误: cannot access local variable 'datetime' where it is not associated with a value
[Twelve Data] 时间解析错误: 2026-01-16, 错误: cannot access local variable 'datetime' where it is not associated with a value
[Twelve Data] 时间解析错误: 2026-01-15, 错误: cannot access local variable 'datetime' where it is not associated with a value
[Twelve Data] 时间解析错误: 2026-01-14, 错误: cannot access local variable 'datetime' where it is not associated with a value
[Twelve Data] 时间解析错误: 2026-01-13, 错误: cannot access local variable 'datetime' where it is not associated with a value
[Twelve Data] 时间解析错误: 2026-01-12, 错误: cannot access local variable 'datetime' where it is not associated with a value
[Twelve Data] 时间解析错误: 2026-01-09, 错误: cannot access local variable 'datetime' where it is not associated with a value
[Twelve Data] 时间解析错误: 2026-01-08, 错误: cannot access local variable 'datetime' where it is not associated with a value
[Twelve Data] 时间解析错误: 2026-01-07, 错误: cannot access local variable 'datetime' where it is not associated with a value
[Twelve Data] 时间解析错误: 2026-01-06, 错误: cannot access local variable 'datetime' where it is not associated with a value
[Twelve Data] 时间解析错误: 2026-01-05, 错误: cannot access local variable 'datetime' where it is not associated with a value
[Twelve Data] 时间解析错误: 2026-01-02, 错误: cannot access local variable 'datetime' where it is not associated with a value
[Twelve Data] 时间解析错误: 2025-12-31, 错误: cannot access local variable 'datetime' where it is not associated with a value
[Twelve Data] 时间解析错误: 2025-12-30, 错误: cannot access local variable 'datetime' where it is not associated with a value
[Twelve Data] 时间解析错误: 2025-12-29, 错误: cannot access local variable 'datetime' where it is not associated with a value
[Twelve Data] 时间解析错误: 2025-12-26, 错误: cannot access local variable 'datetime' where it is not associated with a value
[Twelve Data] 时间解析错误: 2025-12-24, 错误: cannot access local variable 'datetime' where it is not associated with a value
[Twelve Data] 时间解析错误: 2025-12-23, 错误: cannot access local variable 'datetime' where it is not associated with a value
[Twelve Data] 时间解析错误: 2025-12-22, 错误: cannot access local variable 'datetime' where it is not associated with a value
[Twelve Data] 时间解析错误: 2025-12-19, 错误: cannot access local variable 'datetime' where it is not associated with a value
[Twelve Data] 时间解析错误: 2025-12-18, 错误: cannot access local variable 'datetime' where it is not associated with a value
[Twelve Data] 时间解析错误: 2025-12-17, 错误: cannot access local variable 'datetime' where it is not associated with a value
[Twelve Data] 时间解析错误: 2025-12-16, 错误: cannot access local variable 'datetime' where it is not associated with a value
[Twelve Data] 时间解析错误: 2025-12-15, 错误: cannot access local variable 'datetime' where it is not associated with a value
[Twelve Data] 时间解析错误: 2025-12-12, 错误: cannot access local variable 'datetime' where it is not associated with a value
[Twelve Data] 时间解析错误: 2025-12-11, 错误: cannot access local variable 'datetime' where it is not associated with a value
[Twelve Data] 时间解析错误: 2025-12-10, 错误: cannot access local variable 'datetime' where it is not associated with a value
[Twelve Data] 时间解析错误: 2025-12-09, 错误: cannot access local variable 'datetime' where it is not associated with a value
[Twelve Data] 时间解析错误: 2025-12-08, 错误: cannot access local variable 'datetime' where it is not associated with a value
[Twelve Data] 时间解析错误: 2025-12-05, 错误: cannot access local variable 'datetime' where it is not associated with a value
[Twelve Data] 时间解析错误: 2025-12-04, 错误: cannot access local variable 'datetime' where it is not associated with a value
[Twelve Data] 时间解析错误: 2025-12-03, 错误: cannot access local variable 'datetime' where it is not associated with a value
[Twelve Data] 时间解析错误: 2025-12-02, 错误: cannot access local variable 'datetime' where it is not associated with a value
[Twelve Data] 时间解析错误: 2025-12-01, 错误: cannot access local variable 'datetime' where it is not associated with a value
[Twelve Data] 时间解析错误: 2025-11-28, 错误: cannot access local variable 'datetime' where it is not associated with a value
[Twelve Data] 时间解析错误: 2025-11-26, 错误: cannot access local variable 'datetime' where it is not associated with a value
[Twelve Data] 时间解析错误: 2025-11-25, 错误: cannot access local variable 'datetime' where it is not associated with a value
[Twelve Data] 时间解析错误: 2025-11-24, 错误: cannot access local variable 'datetime' where it is not associated with a value
[Twelve Data] 时间解析错误: 2025-11-21, 错误: cannot access local variable 'datetime' where it is not associated with a value
[Twelve Data] 时间解析错误: 2025-11-20, 错误: cannot access local variable 'datetime' where it is not associated with a value
[Twelve Data] 时间解析错误: 2025-11-19, 错误: cannot access local variable 'datetime' where it is not associated with a value
[Twelve Data] 时间解析错误: 2025-11-18, 错误: cannot access local variable 'datetime' where it is not associated with a value
[Twelve Data] 时间解析错误: 2025-11-17, 错误: cannot access local variable 'datetime' where it is not associated with a value
[Twelve Data] 时间解析错误: 2025-11-14, 错误: cannot access local variable 'datetime' where it is not associated with a value
[Twelve Data] 时间解析错误: 2025-11-13, 错误: cannot access local variable 'datetime' where it is not associated with a value
[Twelve Data] 时间解析错误: 2025-11-12, 错误: cannot access local variable 'datetime' where it is not associated with a value
[Twelve Data] 时间解析错误: 2025-11-11, 错误: cannot access local variable 'datetime' where it is not associated with a value
[Twelve Data] 时间解析错误: 2025-11-10, 错误: cannot access local variable 'datetime' where it is not associated with a value
[Twelve Data] 时间解析错误: 2025-11-07, 错误: cannot access local variable 'datetime' where it is not associated with a value
[Twelve Data] 时间解析错误: 2025-11-06, 错误: cannot access local variable 'datetime' where it is not associated with a value
[Twelve Data] 时间解析错误: 2025-11-05, 错误: cannot access local variable 'datetime' where it is not associated with a value
[Twelve Data] 时间解析错误: 2025-11-04, 错误: cannot access local variable 'datetime' where it is not associated with a value
[Twelve Data] 时间解析错误: 2025-11-03, 错误: cannot access local variable 'datetime' where it is not associated with a value
[Twelve Data] 时间解析错误: 2025-10-31, 错误: cannot access local variable 'datetime' where it is not associated with a value
[Twelve Data] 时间解析错误: 2025-10-30, 错误: cannot access local variable 'datetime' where it is not associated with a value
[Twelve Data] 时间解析错误: 2025-10-29, 错误: cannot access local variable 'datetime' where it is not associated with a value
[Twelve Data] 时间解析错误: 2025-10-28, 错误: cannot access local variable 'datetime' where it is not associated with a value
[Twelve Data] 时间解析错误: 2025-10-27, 错误: cannot access local variable 'datetime' where it is not associated with a value
[Twelve Data] 时间解析错误: 2025-10-24, 错误: cannot access local variable 'datetime' where it is not associated with a value
[Twelve Data] 时间解析错误: 2025-10-23, 错误: cannot access local variable 'datetime' where it is not associated with a value
[Twelve Data] 时间解析错误: 2025-10-22, 错误: cannot access local variable 'datetime' where it is not associated with a value
[Twelve Data] 时间解析错误: 2025-10-21, 错误: cannot access local variable 'datetime' where it is not associated with a value
[Twelve Data] 时间解析错误: 2025-10-20, 错误: cannot access local variable 'datetime' where it is not associated with a value
[Twelve Data] 时间解析错误: 2025-10-17, 错误: cannot access local variable 'datetime' where it is not associated with a value
[Twelve Data] 时间解析错误: 2025-10-16, 错误: cannot access local variable 'datetime' where it is not associated with a value
[Twelve Data] 时间解析错误: 2025-10-15, 错误: cannot access local variable 'datetime' where it is not associated with a value
[Twelve Data] 时间解析错误: 2025-10-14, 错误: cannot access local variable 'datetime' where it is not associated with a value
[Twelve Data] 时间解析错误: 2025-10-13, 错误: cannot access local variable 'datetime' where it is not associated with a value
[Twelve Data] 时间解析错误: 2025-10-10, 错误: cannot access local variable 'datetime' where it is not associated with a value
[Twelve Data] 时间解析错误: 2025-10-09, 错误: cannot access local variable 'datetime' where it is not associated with a value
[Twelve Data] 时间解析错误: 2025-10-08, 错误: cannot access local variable 'datetime' where it is not associated with a value
[Twelve Data] 时间解析错误: 2025-10-07, 错误: cannot access local variable 'datetime' where it is not associated with a value
[Twelve Data] 时间解析错误: 2025-10-06, 错误: cannot access local variable 'datetime' where it is not associated with a value
[Twelve Data] 时间解析错误: 2025-10-03, 错误: cannot access local variable 'datetime' where it is not associated with a value
[Twelve Data] 时间解析错误: 2025-10-02, 错误: cannot access local variable 'datetime' where it is not associated with a value
[Twelve Data] 时间解析错误: 2025-10-01, 错误: cannot access local variable 'datetime' where it is not associated with a value
[Twelve Data] 时间解析错误: 2025-09-30, 错误: cannot access local variable 'datetime' where it is not associated with a value
[Twelve Data] 时间解析错误: 2025-09-29, 错误: cannot access local variable 'datetime' where it is not associated with a value
[Twelve Data] 时间解析错误: 2025-09-26, 错误: cannot access local variable 'datetime' where it is not associated with a value
[Twelve Data] 时间解析错误: 2025-09-25, 错误: cannot access local variable 'datetime' where it is not associated with a value
[Twelve Data] 时间解析错误: 2025-09-24, 错误: cannot access local variable 'datetime' where it is not associated with a value
[Twelve Data] 时间解析错误: 2025-09-23, 错误: cannot access local variable 'datetime' where it is not associated with a value
[Twelve Data] 时间解析错误: 2025-09-22, 错误: cannot access local variable 'datetime' where it is not associated with a value
[Twelve Data] 时间解析错误: 2025-09-19, 错误: cannot access local variable 'datetime' where it is not associated with a value
[Twelve Data] 时间解析错误: 2025-09-18, 错误: cannot access local variable 'datetime' where it is not associated with a value
[Twelve Data] 时间解析错误: 2025-09-17, 错误: cannot access local variable 'datetime' where it is not associated with a value
[Twelve Data] 时间解析错误: 2025-09-16, 错误: cannot access local variable 'datetime' where it is not associated with a value
[Twelve Data] 时间解析错误: 2025-09-15, 错误: cannot access local variable 'datetime' where it is not associated with a value
[Twelve Data] 时间解析错误: 2025-09-12, 错误: cannot access local variable 'datetime' where it is not associated with a value
[Twelve Data] 时间解析错误: 2025-09-11, 错误: cannot access local variable 'datetime' where it is not associated with a value
[Twelve Data] 时间解析错误: 2025-09-10, 错误: cannot access local variable 'datetime' where it is not associated with a value
[Twelve Data] 时间解析错误: 2025-09-09, 错误: cannot access local variable 'datetime' where it is not associated with a value
[Twelve Data] 时间解析错误: 2025-09-08, 错误: cannot access local variable 'datetime' where it is not associated with a value
[Twelve Data] 时间解析错误: 2025-09-05, 错误: cannot access local variable 'datetime' where it is not associated with a value
[Twelve Data] 时间解析错误: 2025-09-04, 错误: cannot access local variable 'datetime' where it is not associated with a value
[Twelve Data] 时间解析错误: 2025-09-03, 错误: cannot access local variable 'datetime' where it is not associated with a value
[Twelve Data] 时间解析错误: 2025-09-02, 错误: cannot access local variable 'datetime' where it is not associated with a value
[Twelve Data] 时间解析错误: 2025-08-29, 错误: cannot access local variable 'datetime' where it is not associated with a value
[Twelve Data] 时间解析错误: 2025-08-28, 错误: cannot access local variable 'datetime' where it is not associated with a value
[Twelve Data] 时间解析错误: 2025-08-27, 错误: cannot access local variable 'datetime' where it is not associated with a value
[Twelve Data] 时间解析错误: 2025-08-26, 错误: cannot access local variable 'datetime' where it is not associated with a value
[Twelve Data] 时间解析错误: 2025-08-25, 错误: cannot access local variable 'datetime' where it is not associated with a value
[Twelve Data] 时间解析错误: 2025-08-22, 错误: cannot access local variable 'datetime' where it is not associated with a value
[Twelve Data] 时间解析错误: 2025-08-21, 错误: cannot access local variable 'datetime' where it is not associated with a value
[Twelve Data] 时间解析错误: 2025-08-20, 错误: cannot access local variable 'datetime' where it is not associated with a value
[Twelve Data] 时间解析错误: 2025-08-19, 错误: cannot access local variable 'datetime' where it is not associated with a value
[Twelve Data] 时间解析错误: 2025-08-18, 错误: cannot access local variable 'datetime' where it is not associated with a value
[Twelve Data] 时间解析错误: 2025-08-15, 错误: cannot access local variable 'datetime' where it is not associated with a value
[Twelve Data] 时间解析错误: 2025-08-14, 错误: cannot access local variable 'datetime' where it is not associated with a value
[Twelve Data] 时间解析错误: 2025-08-13, 错误: cannot access local variable 'datetime' where it is not associated with a value
[Twelve Data] 时间解析错误: 2025-08-12, 错误: cannot access local variable 'datetime' where it is not associated with a value
[Twelve Data] 时间解析错误: 2025-08-11, 错误: cannot access local variable 'datetime' where it is not associated with a value
[Twelve Data] 时间解析错误: 2025-08-08, 错误: cannot access local variable 'datetime' where it is not associated with a value
[Twelve Data] 时间解析错误: 2025-08-07, 错误: cannot access local variable 'datetime' where it is not associated with a value
[Twelve Data] 时间解析错误: 2025-08-06, 错误: cannot access local variable 'datetime' where it is not associated with a value
[Twelve Data] 时间解析错误: 2025-08-05, 错误: cannot access local variable 'datetime' where it is not associated with a value
[Twelve Data] 时间解析错误: 2025-08-04, 错误: cannot access local variable 'datetime' where it is not associated with a value
[Twelve Data] 时间解析错误: 2025-08-01, 错误: cannot access local variable 'datetime' where it is not associated with a value
[Twelve Data] 时间解析错误: 2025-07-31, 错误: cannot access local variable 'datetime' where it is not associated with a value
[Twelve Data] 时间解析错误: 2025-07-30, 错误: cannot access local variable 'datetime' where it is not associated with a value
[Twelve Data] 时间解析错误: 2025-07-29, 错误: cannot access local variable 'datetime' where it is not associated with a value
[Twelve Data] 时间解析错误: 2025-07-28, 错误: cannot access local variable 'datetime' where it is not associated with a value
[Twelve Data] 时间解析错误: 2025-07-25, 错误: cannot access local variable 'datetime' where it is not associated with a value
[Twelve Data] 时间解析错误: 2025-07-24, 错误: cannot access local variable 'datetime' where it is not associated with a value
[Twelve Data] 时间解析错误: 2025-07-23, 错误: cannot access local variable 'datetime' where it is not associated with a value
[Twelve Data] 时间解析错误: 2025-07-22, 错误: cannot access local variable 'datetime' where it is not associated with a value
[Twelve Data] 时间解析错误: 2025-07-21, 错误: cannot access local variable 'datetime' where it is not associated with a value
[Twelve Data] 时间解析错误: 2025-07-18, 错误: cannot access local variable 'datetime' where it is not associated with a value
[Twelve Data] 时间解析错误: 2025-07-17, 错误: cannot access local variable 'datetime' where it is not associated with a value
[Twelve Data] 时间解析错误: 2025-07-16, 错误: cannot access local variable 'datetime' where it is not associated with a value
[Twelve Data] 时间解析错误: 2025-07-15, 错误: cannot access local variable 'datetime' where it is not associated with a value
[Twelve Data] 时间解析错误: 2025-07-14, 错误: cannot access local variable 'datetime' where it is not associated with a value
[Twelve Data] 时间解析错误: 2025-07-11, 错误: cannot access local variable 'datetime' where it is not associated with a value
[Twelve Data] 时间解析错误: 2025-07-10, 错误: cannot access local variable 'datetime' where it is not associated with a value
[Twelve Data] 时间解析错误: 2025-07-09, 错误: cannot access local variable 'datetime' where it is not associated with a value
[Twelve Data] 时间解析错误: 2025-07-08, 错误: cannot access local variable 'datetime' where it is not associated with a value
[Twelve Data] 时间解析错误: 2025-07-07, 错误: cannot access local variable 'datetime' where it is not associated with a value
[Twelve Data] 时间解析错误: 2025-07-03, 错误: cannot access local variable 'datetime' where it is not associated with a value
[Twelve Data] 时间解析错误: 2025-07-02, 错误: cannot access local variable 'datetime' where it is not associated with a value
[Twelve Data] 时间解析错误: 2025-07-01, 错误: cannot access local variable 'datetime' where it is not associated with a value
[Twelve Data] 时间解析错误: 2025-06-30, 错误: cannot access local variable 'datetime' where it is not associated with a value
[Twelve Data] 时间解析错误: 2025-06-27, 错误: cannot access local variable 'datetime' where it is not associated with a value
[Twelve Data] 时间解析错误: 2025-06-26, 错误: cannot access local variable 'datetime' where it is not associated with a value
[Twelve Data] 时间解析错误: 2025-06-25, 错误: cannot access local variable 'datetime' where it is not associated with a value
[Twelve Data] 时间解析错误: 2025-06-24, 错误: cannot access local variable 'datetime' where it is not associated with a value
[Twelve Data] 时间解析错误: 2025-06-23, 错误: cannot access local variable 'datetime' where it is not associated with a value
[Twelve Data] 时间解析错误: 2025-06-20, 错误: cannot access local variable 'datetime' where it is not associated with a value
[Twelve Data] 时间解析错误: 2025-06-18, 错误: cannot access local variable 'datetime' where it is not associated with a value
[Twelve Data] 时间解析错误: 2025-06-17, 错误: cannot access local variable 'datetime' where it is not associated with a value
[Twelve Data] 时间解析错误: 2025-06-16, 错误: cannot access local variable 'datetime' where it is not associated with a value
[Twelve Data] 时间解析错误: 2025-06-13, 错误: cannot access local variable 'datetime' where it is not associated with a value
[Twelve Data] 时间解析错误: 2025-06-12, 错误: cannot access local variable 'datetime' where it is not associated with a value
[Twelve Data] 时间解析错误: 2025-06-11, 错误: cannot access local variable 'datetime' where it is not associated with a value
[Twelve Data] 时间解析错误: 2025-06-10, 错误: cannot access local variable 'datetime' where it is not associated with a value
[Twelve Data] 时间解析错误: 2025-06-09, 错误: cannot access local variable 'datetime' where it is not associated with a value
[Twelve Data] 时间解析错误: 2025-06-06, 错误: cannot access local variable 'datetime' where it is not associated with a value
[Twelve Data] 时间解析错误: 2025-06-05, 错误: cannot access local variable 'datetime' where it is not associated with a value
[Twelve Data] 时间解析错误: 2025-06-04, 错误: cannot access local variable 'datetime' where it is not associated with a value
[Twelve Data] 时间解析错误: 2025-06-03, 错误: cannot access local variable 'datetime' where it is not associated with a value
[Twelve Data] 时间解析错误: 2025-06-02, 错误: cannot access local variable 'datetime' where it is not associated with a value
[Twelve Data] 时间解析错误: 2025-05-30, 错误: cannot access local variable 'datetime' where it is not associated with a value
[Twelve Data] 时间解析错误: 2025-05-29, 错误: cannot access local variable 'datetime' where it is not associated with a value
[Twelve Data] 时间解析错误: 2025-05-28, 错误: cannot access local variable 'datetime' where it is not associated with a value
[Twelve Data] 时间解析错误: 2025-05-27, 错误: cannot access local variable 'datetime' where it is not associated with a value
[Twelve Data] 时间解析错误: 2025-05-23, 错误: cannot access local variable 'datetime' where it is not associated with a value
[Twelve Data] 时间解析错误: 2025-05-22, 错误: cannot access local variable 'datetime' where it is not associated with a value
[Twelve Data] 时间解析错误: 2025-05-21, 错误: cannot access local variable 'datetime' where it is not associated with a value
[Twelve Data] 时间解析错误: 2025-05-20, 错误: cannot access local variable 'datetime' where it is not associated with a value
[Twelve Data] 时间解析错误: 2025-05-19, 错误: cannot access local variable 'datetime' where it is not associated with a value
[Twelve Data] 时间解析错误: 2025-05-16, 错误: cannot access local variable 'datetime' where it is not associated with a value
[Twelve Data] 时间解析错误: 2025-05-15, 错误: cannot access local variable 'datetime' where it is not associated with a value
[Twelve Data] 时间解析错误: 2025-05-14, 错误: cannot access local variable 'datetime' where it is not associated with a value
[Twelve Data] 时间解析错误: 2025-05-13, 错误: cannot access local variable 'datetime' where it is not associated with a value
[Twelve Data] 时间解析错误: 2025-05-12, 错误: cannot access local variable 'datetime' where it is not associated with a value
[Twelve Data] 时间解析错误: 2025-05-09, 错误: cannot access local variable 'datetime' where it is not associated with a value
[Twelve Data] 时间解析错误: 2025-05-08, 错误: cannot access local variable 'datetime' where it is not associated with a value
[Twelve Data] 时间解析错误: 2025-05-07, 错误: cannot access local variable 'datetime' where it is not associated with a value
[Twelve Data] 时间解析错误: 2025-05-06, 错误: cannot access local variable 'datetime' where it is not associated with a value
[Twelve Data] 时间解析错误: 2025-05-05, 错误: cannot access local variable 'datetime' where it is not associated with a value
[Twelve Data] 时间解析错误: 2025-05-02, 错误: cannot access local variable 'datetime' where it is not associated with a value
[Twelve Data] 时间解析错误: 2025-05-01, 错误: cannot access local variable 'datetime' where it is not associated with a value
[Twelve Data] 时间解析错误: 2025-04-30, 错误: cannot access local variable 'datetime' where it is not associated with a value
[Twelve Data] 时间解析错误: 2025-04-29, 错误: cannot access local variable 'datetime' where it is not associated with a value
[Twelve Data] 时间解析错误: 2025-04-28, 错误: cannot access local variable 'datetime' where it is not associated with a value
[Twelve Data] 时间解析错误: 2025-04-25, 错误: cannot access local variable 'datetime' where it is not associated with a value
[Twelve Data] 时间解析错误: 2025-04-24, 错误: cannot access local variable 'datetime' where it is not associated with a value
[Twelve Data] 时间解析错误: 2025-04-23, 错误: cannot access local variable 'datetime' where it is not associated with a value
[Twelve Data] 时间解析错误: 2025-04-22, 错误: cannot access local variable 'datetime' where it is not associated with a value
[Twelve Data] 时间解析错误: 2025-04-21, 错误: cannot access local variable 'datetime' where it is not associated with a value
[Twelve Data] 时间解析错误: 2025-04-17, 错误: cannot access local variable 'datetime' where it is not associated with a value
[Twelve Data] 时间解析错误: 2025-04-16, 错误: cannot access local variable 'datetime' where it is not associated with a value
[Twelve Data] 时间解析错误: 2025-04-15, 错误: cannot access local variable 'datetime' where it is not associated with a value
[Twelve Data] 时间解析错误: 2025-04-14, 错误: cannot access local variable 'datetime' where it is not associated with a value
[Twelve Data] 时间解析错误: 2025-04-11, 错误: cannot access local variable 'datetime' where it is not associated with a value
[Twelve Data] 时间解析错误: 2025-04-10, 错误: cannot access local variable 'datetime' where it is not associated with a value
[Twelve Data] 时间解析错误: 2025-04-09, 错误: cannot access local variable 'datetime' where it is not associated with a value
[Twelve Data] 时间解析错误: 2025-04-08, 错误: cannot access local variable 'datetime' where it is not associated with a value
[Twelve Data] 时间解析错误: 2025-04-07, 错误: cannot access local variable 'datetime' where it is not associated with a value
[Twelve Data] 时间解析错误: 2025-04-04, 错误: cannot access local variable 'datetime' where it is not associated with a value
[Twelve Data] 时间解析错误: 2025-04-03, 错误: cannot access local variable 'datetime' where it is not associated with a value
[Twelve Data] 时间解析错误: 2025-04-02, 错误: cannot access local variable 'datetime' where it is not associated with a value
[Twelve Data] 时间解析错误: 2025-04-01, 错误: cannot access local variable 'datetime' where it is not associated with a value
[Twelve Data] 时间解析错误: 2025-03-31, 错误: cannot access local variable 'datetime' where it is not associated with a value
[Twelve Data] 时间解析错误: 2025-03-28, 错误: cannot access local variable 'datetime' where it is not associated with a value
[Twelve Data] 时间解析错误: 2025-03-27, 错误: cannot access local variable 'datetime' where it is not associated with a value
[Twelve Data] 时间解析错误: 2025-03-26, 错误: cannot access local variable 'datetime' where it is not associated with a value
[Twelve Data] 获取 251 个数据点（2025-03-26 到 2026-03-26），已按时间升序排序
[Twelve Data] 数据点足够: 251 >= 121
[Backtest] Twelve Data获取成功: 251 个数据点
[Backtest] 成功获取真实历史数据，数据源: Twelve Data
[Backtest] 开始简单回测计算，数据点: 251
[Backtest] 价格数据范围: 0 到 0, 价格: 252.62 - 221.53
[Backtest] 开始生成交易数据，数据点数量: 251
[Backtest] 交易信号: day=51, signal=-1, position=0, price=259.37
[Backtest] 开新仓: position=-1, entry_price=259.37
[Backtest] 交易信号: day=64, signal=1, position=-1, price=273.67001
[Backtest] 平仓交易: entry=259.37, exit=273.67001, pnl=-1430.0009999999986
[Backtest] 开新仓: position=1, entry_price=273.67001
[Backtest] 交易信号: day=98, signal=-1, position=1, price=270.37
[Backtest] 平仓交易: entry=273.67001, exit=270.37, pnl=-330.0009999999986
[Backtest] 开新仓: position=-1, entry_price=270.37
[Backtest] 交易信号: day=225, signal=1, position=-1, price=213.32001
[Backtest] 平仓交易: entry=270.37, exit=213.32001, pnl=5704.999000000001
[Backtest] 开新仓: position=1, entry_price=213.32001
[Backtest] 交易信号: day=238, signal=-1, position=1, price=198.14999
[Backtest] 平仓交易: entry=213.32001, exit=198.14999, pnl=-1517.0019999999995
[Backtest] 开新仓: position=-1, entry_price=198.14999
[Backtest] 回测结果计算完成: totalReturn=-14.77%, trades=5, tradesList count=5
[Backtest] 真实数据回测完成: totalReturn=-14.77%
[Backtest] 获取回测历史
[Backtest] 收到回测请求: {'strategy': 'moving_average', 'startDate': '2025-03-26', 'endDate': '2026-03-26', 'initialCapital': 100000, 'symbols': ['t'], 'dataMode': 'real', 'symbol': 't', 'parameters': {'shortMaPeriod': 20, 'longMaPeriod': 50}}
[Backtest] 验证股票输入: 't'
[Backtest] 股票输入有效: 公司名 't' 解析为股票代码: AAPL
[Backtest] 使用真实数据模式
[Backtest] 尝试Finnhub获取历史数据: AAPL, start=2025-03-26, end=2026-03-26
[Finnhub] 尝试获取历史数据: AAPL, start=2025-03-26, end=2026-03-26
[Finnhub] 请求参数: {'symbol': 'AAPL', 'resolution': 'D', 'from': 1742961600, 'to': 1774497600, 'token': 'd6v2q09r01qig546aus0d6v2q09r01qig546ausg'}
[Finnhub] HTTP错误: 403
[Backtest] Finnhub失败，尝试Twelve Data: AAPL, start=2025-03-26, end=2026-03-26
[Twelve Data] 获取指定日期范围历史数据: AAPL, interval=1day, start=2025-03-26, end=2026-03-26
[Twelve Data] 请求参数（日期范围）: {'symbol': 'AAPL', 'interval': '1day', 'apikey': '4c486f3044124045a3bb48c1b6bc0a1b', 'start_date': '2025-03-26', 'end_date': '2026-03-26', 'format': 'JSON'}
[Twelve Data] 时间解析错误: 2026-03-25, 错误: cannot access local variable 'datetime' where it is not associated with a value
[Twelve Data] 时间解析错误: 2026-03-24, 错误: cannot access local variable 'datetime' where it is not associated with a value
[Twelve Data] 时间解析错误: 2026-03-23, 错误: cannot access local variable 'datetime' where it is not associated with a value
[Twelve Data] 时间解析错误: 2026-03-20, 错误: cannot access local variable 'datetime' where it is not associated with a value
[Twelve Data] 时间解析错误: 2026-03-19, 错误: cannot access local variable 'datetime' where it is not associated with a value
[Twelve Data] 时间解析错误: 2026-03-18, 错误: cannot access local variable 'datetime' where it is not associated with a value
[Twelve Data] 时间解析错误: 2026-03-17, 错误: cannot access local variable 'datetime' where it is not associated with a value
[Twelve Data] 时间解析错误: 2026-03-16, 错误: cannot access local variable 'datetime' where it is not associated with a value
[Twelve Data] 时间解析错误: 2026-03-13, 错误: cannot access local variable 'datetime' where it is not associated with a value
[Twelve Data] 时间解析错误: 2026-03-12, 错误: cannot access local variable 'datetime' where it is not associated with a value
[Twelve Data] 时间解析错误: 2026-03-11, 错误: cannot access local variable 'datetime' where it is not associated with a value
[Twelve Data] 时间解析错误: 2026-03-10, 错误: cannot access local variable 'datetime' where it is not associated with a value
[Twelve Data] 时间解析错误: 2026-03-09, 错误: cannot access local variable 'datetime' where it is not associated with a value
[Twelve Data] 时间解析错误: 2026-03-06, 错误: cannot access local variable 'datetime' where it is not associated with a value
[Twelve Data] 时间解析错误: 2026-03-05, 错误: cannot access local variable 'datetime' where it is not associated with a value
[Twelve Data] 时间解析错误: 2026-03-04, 错误: cannot access local variable 'datetime' where it is not associated with a value
[Twelve Data] 时间解析错误: 2026-03-03, 错误: cannot access local variable 'datetime' where it is not associated with a value
[Twelve Data] 时间解析错误: 2026-03-02, 错误: cannot access local variable 'datetime' where it is not associated with a value
[Twelve Data] 时间解析错误: 2026-02-27, 错误: cannot access local variable 'datetime' where it is not associated with a value
[Twelve Data] 时间解析错误: 2026-02-26, 错误: cannot access local variable 'datetime' where it is not associated with a value
[Twelve Data] 时间解析错误: 2026-02-25, 错误: cannot access local variable 'datetime' where it is not associated with a value
[Twelve Data] 时间解析错误: 2026-02-24, 错误: cannot access local variable 'datetime' where it is not associated with a value
[Twelve Data] 时间解析错误: 2026-02-23, 错误: cannot access local variable 'datetime' where it is not associated with a value
[Twelve Data] 时间解析错误: 2026-02-20, 错误: cannot access local variable 'datetime' where it is not associated with a value
[Twelve Data] 时间解析错误: 2026-02-19, 错误: cannot access local variable 'datetime' where it is not associated with a value
[Twelve Data] 时间解析错误: 2026-02-18, 错误: cannot access local variable 'datetime' where it is not associated with a value
[Twelve Data] 时间解析错误: 2026-02-17, 错误: cannot access local variable 'datetime' where it is not associated with a value
[Twelve Data] 时间解析错误: 2026-02-13, 错误: cannot access local variable 'datetime' where it is not associated with a value
[Twelve Data] 时间解析错误: 2026-02-12, 错误: cannot access local variable 'datetime' where it is not associated with a value
[Twelve Data] 时间解析错误: 2026-02-11, 错误: cannot access local variable 'datetime' where it is not associated with a value
[Twelve Data] 时间解析错误: 2026-02-10, 错误: cannot access local variable 'datetime' where it is not associated with a value
[Twelve Data] 时间解析错误: 2026-02-09, 错误: cannot access local variable 'datetime' where it is not associated with a value
[Twelve Data] 时间解析错误: 2026-02-06, 错误: cannot access local variable 'datetime' where it is not associated with a value
[Twelve Data] 时间解析错误: 2026-02-05, 错误: cannot access local variable 'datetime' where it is not associated with a value
[Twelve Data] 时间解析错误: 2026-02-04, 错误: cannot access local variable 'datetime' where it is not associated with a value
[Twelve Data] 时间解析错误: 2026-02-03, 错误: cannot access local variable 'datetime' where it is not associated with a value
[Twelve Data] 时间解析错误: 2026-02-02, 错误: cannot access local variable 'datetime' where it is not associated with a value
[Twelve Data] 时间解析错误: 2026-01-30, 错误: cannot access local variable 'datetime' where it is not associated with a value
[Twelve Data] 时间解析错误: 2026-01-29, 错误: cannot access local variable 'datetime' where it is not associated with a value
[Twelve Data] 时间解析错误: 2026-01-28, 错误: cannot access local variable 'datetime' where it is not associated with a value
[Twelve Data] 时间解析错误: 2026-01-27, 错误: cannot access local variable 'datetime' where it is not associated with a value
[Twelve Data] 时间解析错误: 2026-01-26, 错误: cannot access local variable 'datetime' where it is not associated with a value
[Twelve Data] 时间解析错误: 2026-01-23, 错误: cannot access local variable 'datetime' where it is not associated with a value
[Twelve Data] 时间解析错误: 2026-01-22, 错误: cannot access local variable 'datetime' where it is not associated with a value
[Twelve Data] 时间解析错误: 2026-01-21, 错误: cannot access local variable 'datetime' where it is not associated with a value
[Twelve Data] 时间解析错误: 2026-01-20, 错误: cannot access local variable 'datetime' where it is not associated with a value
[Twelve Data] 时间解析错误: 2026-01-16, 错误: cannot access local variable 'datetime' where it is not associated with a value
[Twelve Data] 时间解析错误: 2026-01-15, 错误: cannot access local variable 'datetime' where it is not associated with a value
[Twelve Data] 时间解析错误: 2026-01-14, 错误: cannot access local variable 'datetime' where it is not associated with a value
[Twelve Data] 时间解析错误: 2026-01-13, 错误: cannot access local variable 'datetime' where it is not associated with a value
[Twelve Data] 时间解析错误: 2026-01-12, 错误: cannot access local variable 'datetime' where it is not associated with a value
[Twelve Data] 时间解析错误: 2026-01-09, 错误: cannot access local variable 'datetime' where it is not associated with a value
[Twelve Data] 时间解析错误: 2026-01-08, 错误: cannot access local variable 'datetime' where it is not associated with a value
[Twelve Data] 时间解析错误: 2026-01-07, 错误: cannot access local variable 'datetime' where it is not associated with a value
[Twelve Data] 时间解析错误: 2026-01-06, 错误: cannot access local variable 'datetime' where it is not associated with a value
[Twelve Data] 时间解析错误: 2026-01-05, 错误: cannot access local variable 'datetime' where it is not associated with a value
[Twelve Data] 时间解析错误: 2026-01-02, 错误: cannot access local variable 'datetime' where it is not associated with a value
[Twelve Data] 时间解析错误: 2025-12-31, 错误: cannot access local variable 'datetime' where it is not associated with a value
[Twelve Data] 时间解析错误: 2025-12-30, 错误: cannot access local variable 'datetime' where it is not associated with a value
[Twelve Data] 时间解析错误: 2025-12-29, 错误: cannot access local variable 'datetime' where it is not associated with a value
[Twelve Data] 时间解析错误: 2025-12-26, 错误: cannot access local variable 'datetime' where it is not associated with a value
[Twelve Data] 时间解析错误: 2025-12-24, 错误: cannot access local variable 'datetime' where it is not associated with a value
[Twelve Data] 时间解析错误: 2025-12-23, 错误: cannot access local variable 'datetime' where it is not associated with a value
[Twelve Data] 时间解析错误: 2025-12-22, 错误: cannot access local variable 'datetime' where it is not associated with a value
[Twelve Data] 时间解析错误: 2025-12-19, 错误: cannot access local variable 'datetime' where it is not associated with a value
[Twelve Data] 时间解析错误: 2025-12-18, 错误: cannot access local variable 'datetime' where it is not associated with a value
[Twelve Data] 时间解析错误: 2025-12-17, 错误: cannot access local variable 'datetime' where it is not associated with a value
[Twelve Data] 时间解析错误: 2025-12-16, 错误: cannot access local variable 'datetime' where it is not associated with a value
[Twelve Data] 时间解析错误: 2025-12-15, 错误: cannot access local variable 'datetime' where it is not associated with a value
[Twelve Data] 时间解析错误: 2025-12-12, 错误: cannot access local variable 'datetime' where it is not associated with a value
[Twelve Data] 时间解析错误: 2025-12-11, 错误: cannot access local variable 'datetime' where it is not associated with a value
[Twelve Data] 时间解析错误: 2025-12-10, 错误: cannot access local variable 'datetime' where it is not associated with a value
[Twelve Data] 时间解析错误: 2025-12-09, 错误: cannot access local variable 'datetime' where it is not associated with a value
[Twelve Data] 时间解析错误: 2025-12-08, 错误: cannot access local variable 'datetime' where it is not associated with a value
[Twelve Data] 时间解析错误: 2025-12-05, 错误: cannot access local variable 'datetime' where it is not associated with a value
[Twelve Data] 时间解析错误: 2025-12-04, 错误: cannot access local variable 'datetime' where it is not associated with a value
[Twelve Data] 时间解析错误: 2025-12-03, 错误: cannot access local variable 'datetime' where it is not associated with a value
[Twelve Data] 时间解析错误: 2025-12-02, 错误: cannot access local variable 'datetime' where it is not associated with a value
[Twelve Data] 时间解析错误: 2025-12-01, 错误: cannot access local variable 'datetime' where it is not associated with a value
[Twelve Data] 时间解析错误: 2025-11-28, 错误: cannot access local variable 'datetime' where it is not associated with a value
[Twelve Data] 时间解析错误: 2025-11-26, 错误: cannot access local variable 'datetime' where it is not associated with a value
[Twelve Data] 时间解析错误: 2025-11-25, 错误: cannot access local variable 'datetime' where it is not associated with a value
[Twelve Data] 时间解析错误: 2025-11-24, 错误: cannot access local variable 'datetime' where it is not associated with a value
[Twelve Data] 时间解析错误: 2025-11-21, 错误: cannot access local variable 'datetime' where it is not associated with a value
[Twelve Data] 时间解析错误: 2025-11-20, 错误: cannot access local variable 'datetime' where it is not associated with a value
[Twelve Data] 时间解析错误: 2025-11-19, 错误: cannot access local variable 'datetime' where it is not associated with a value
[Twelve Data] 时间解析错误: 2025-11-18, 错误: cannot access local variable 'datetime' where it is not associated with a value
[Twelve Data] 时间解析错误: 2025-11-17, 错误: cannot access local variable 'datetime' where it is not associated with a value
[Twelve Data] 时间解析错误: 2025-11-14, 错误: cannot access local variable 'datetime' where it is not associated with a value
[Twelve Data] 时间解析错误: 2025-11-13, 错误: cannot access local variable 'datetime' where it is not associated with a value
[Twelve Data] 时间解析错误: 2025-11-12, 错误: cannot access local variable 'datetime' where it is not associated with a value
[Twelve Data] 时间解析错误: 2025-11-11, 错误: cannot access local variable 'datetime' where it is not associated with a value
[Twelve Data] 时间解析错误: 2025-11-10, 错误: cannot access local variable 'datetime' where it is not associated with a value
[Twelve Data] 时间解析错误: 2025-11-07, 错误: cannot access local variable 'datetime' where it is not associated with a value
[Twelve Data] 时间解析错误: 2025-11-06, 错误: cannot access local variable 'datetime' where it is not associated with a value
[Twelve Data] 时间解析错误: 2025-11-05, 错误: cannot access local variable 'datetime' where it is not associated with a value
[Twelve Data] 时间解析错误: 2025-11-04, 错误: cannot access local variable 'datetime' where it is not associated with a value
[Twelve Data] 时间解析错误: 2025-11-03, 错误: cannot access local variable 'datetime' where it is not associated with a value
[Twelve Data] 时间解析错误: 2025-10-31, 错误: cannot access local variable 'datetime' where it is not associated with a value
[Twelve Data] 时间解析错误: 2025-10-30, 错误: cannot access local variable 'datetime' where it is not associated with a value
[Twelve Data] 时间解析错误: 2025-10-29, 错误: cannot access local variable 'datetime' where it is not associated with a value
[Twelve Data] 时间解析错误: 2025-10-28, 错误: cannot access local variable 'datetime' where it is not associated with a value
[Twelve Data] 时间解析错误: 2025-10-27, 错误: cannot access local variable 'datetime' where it is not associated with a value
[Twelve Data] 时间解析错误: 2025-10-24, 错误: cannot access local variable 'datetime' where it is not associated with a value
[Twelve Data] 时间解析错误: 2025-10-23, 错误: cannot access local variable 'datetime' where it is not associated with a value
[Twelve Data] 时间解析错误: 2025-10-22, 错误: cannot access local variable 'datetime' where it is not associated with a value
[Twelve Data] 时间解析错误: 2025-10-21, 错误: cannot access local variable 'datetime' where it is not associated with a value
[Twelve Data] 时间解析错误: 2025-10-20, 错误: cannot access local variable 'datetime' where it is not associated with a value
[Twelve Data] 时间解析错误: 2025-10-17, 错误: cannot access local variable 'datetime' where it is not associated with a value
[Twelve Data] 时间解析错误: 2025-10-16, 错误: cannot access local variable 'datetime' where it is not associated with a value
[Twelve Data] 时间解析错误: 2025-10-15, 错误: cannot access local variable 'datetime' where it is not associated with a value
[Twelve Data] 时间解析错误: 2025-10-14, 错误: cannot access local variable 'datetime' where it is not associated with a value
[Twelve Data] 时间解析错误: 2025-10-13, 错误: cannot access local variable 'datetime' where it is not associated with a value
[Twelve Data] 时间解析错误: 2025-10-10, 错误: cannot access local variable 'datetime' where it is not associated with a value
[Twelve Data] 时间解析错误: 2025-10-09, 错误: cannot access local variable 'datetime' where it is not associated with a value
[Twelve Data] 时间解析错误: 2025-10-08, 错误: cannot access local variable 'datetime' where it is not associated with a value
[Twelve Data] 时间解析错误: 2025-10-07, 错误: cannot access local variable 'datetime' where it is not associated with a value
[Twelve Data] 时间解析错误: 2025-10-06, 错误: cannot access local variable 'datetime' where it is not associated with a value
[Twelve Data] 时间解析错误: 2025-10-03, 错误: cannot access local variable 'datetime' where it is not associated with a value
[Twelve Data] 时间解析错误: 2025-10-02, 错误: cannot access local variable 'datetime' where it is not associated with a value
[Twelve Data] 时间解析错误: 2025-10-01, 错误: cannot access local variable 'datetime' where it is not associated with a value
[Twelve Data] 时间解析错误: 2025-09-30, 错误: cannot access local variable 'datetime' where it is not associated with a value
[Twelve Data] 时间解析错误: 2025-09-29, 错误: cannot access local variable 'datetime' where it is not associated with a value
[Twelve Data] 时间解析错误: 2025-09-26, 错误: cannot access local variable 'datetime' where it is not associated with a value
[Twelve Data] 时间解析错误: 2025-09-25, 错误: cannot access local variable 'datetime' where it is not associated with a value
[Twelve Data] 时间解析错误: 2025-09-24, 错误: cannot access local variable 'datetime' where it is not associated with a value
[Twelve Data] 时间解析错误: 2025-09-23, 错误: cannot access local variable 'datetime' where it is not associated with a value
[Twelve Data] 时间解析错误: 2025-09-22, 错误: cannot access local variable 'datetime' where it is not associated with a value
[Twelve Data] 时间解析错误: 2025-09-19, 错误: cannot access local variable 'datetime' where it is not associated with a value
[Twelve Data] 时间解析错误: 2025-09-18, 错误: cannot access local variable 'datetime' where it is not associated with a value
[Twelve Data] 时间解析错误: 2025-09-17, 错误: cannot access local variable 'datetime' where it is not associated with a value
[Twelve Data] 时间解析错误: 2025-09-16, 错误: cannot access local variable 'datetime' where it is not associated with a value
[Twelve Data] 时间解析错误: 2025-09-15, 错误: cannot access local variable 'datetime' where it is not associated with a value
[Twelve Data] 时间解析错误: 2025-09-12, 错误: cannot access local variable 'datetime' where it is not associated with a value
[Twelve Data] 时间解析错误: 2025-09-11, 错误: cannot access local variable 'datetime' where it is not associated with a value
[Twelve Data] 时间解析错误: 2025-09-10, 错误: cannot access local variable 'datetime' where it is not associated with a value
[Twelve Data] 时间解析错误: 2025-09-09, 错误: cannot access local variable 'datetime' where it is not associated with a value
[Twelve Data] 时间解析错误: 2025-09-08, 错误: cannot access local variable 'datetime' where it is not associated with a value
[Twelve Data] 时间解析错误: 2025-09-05, 错误: cannot access local variable 'datetime' where it is not associated with a value
[Twelve Data] 时间解析错误: 2025-09-04, 错误: cannot access local variable 'datetime' where it is not associated with a value
[Twelve Data] 时间解析错误: 2025-09-03, 错误: cannot access local variable 'datetime' where it is not associated with a value
[Twelve Data] 时间解析错误: 2025-09-02, 错误: cannot access local variable 'datetime' where it is not associated with a value
[Twelve Data] 时间解析错误: 2025-08-29, 错误: cannot access local variable 'datetime' where it is not associated with a value
[Twelve Data] 时间解析错误: 2025-08-28, 错误: cannot access local variable 'datetime' where it is not associated with a value
[Twelve Data] 时间解析错误: 2025-08-27, 错误: cannot access local variable 'datetime' where it is not associated with a value
[Twelve Data] 时间解析错误: 2025-08-26, 错误: cannot access local variable 'datetime' where it is not associated with a value
[Twelve Data] 时间解析错误: 2025-08-25, 错误: cannot access local variable 'datetime' where it is not associated with a value
[Twelve Data] 时间解析错误: 2025-08-22, 错误: cannot access local variable 'datetime' where it is not associated with a value
[Twelve Data] 时间解析错误: 2025-08-21, 错误: cannot access local variable 'datetime' where it is not associated with a value
[Twelve Data] 时间解析错误: 2025-08-20, 错误: cannot access local variable 'datetime' where it is not associated with a value
[Twelve Data] 时间解析错误: 2025-08-19, 错误: cannot access local variable 'datetime' where it is not associated with a value
[Twelve Data] 时间解析错误: 2025-08-18, 错误: cannot access local variable 'datetime' where it is not associated with a value
[Twelve Data] 时间解析错误: 2025-08-15, 错误: cannot access local variable 'datetime' where it is not associated with a value
[Twelve Data] 时间解析错误: 2025-08-14, 错误: cannot access local variable 'datetime' where it is not associated with a value
[Twelve Data] 时间解析错误: 2025-08-13, 错误: cannot access local variable 'datetime' where it is not associated with a value
[Twelve Data] 时间解析错误: 2025-08-12, 错误: cannot access local variable 'datetime' where it is not associated with a value
[Twelve Data] 时间解析错误: 2025-08-11, 错误: cannot access local variable 'datetime' where it is not associated with a value
[Twelve Data] 时间解析错误: 2025-08-08, 错误: cannot access local variable 'datetime' where it is not associated with a value
[Twelve Data] 时间解析错误: 2025-08-07, 错误: cannot access local variable 'datetime' where it is not associated with a value
[Twelve Data] 时间解析错误: 2025-08-06, 错误: cannot access local variable 'datetime' where it is not associated with a value
[Twelve Data] 时间解析错误: 2025-08-05, 错误: cannot access local variable 'datetime' where it is not associated with a value
[Twelve Data] 时间解析错误: 2025-08-04, 错误: cannot access local variable 'datetime' where it is not associated with a value
[Twelve Data] 时间解析错误: 2025-08-01, 错误: cannot access local variable 'datetime' where it is not associated with a value
[Twelve Data] 时间解析错误: 2025-07-31, 错误: cannot access local variable 'datetime' where it is not associated with a value
[Twelve Data] 时间解析错误: 2025-07-30, 错误: cannot access local variable 'datetime' where it is not associated with a value
[Twelve Data] 时间解析错误: 2025-07-29, 错误: cannot access local variable 'datetime' where it is not associated with a value
[Twelve Data] 时间解析错误: 2025-07-28, 错误: cannot access local variable 'datetime' where it is not associated with a value
[Twelve Data] 时间解析错误: 2025-07-25, 错误: cannot access local variable 'datetime' where it is not associated with a value
[Twelve Data] 时间解析错误: 2025-07-24, 错误: cannot access local variable 'datetime' where it is not associated with a value
[Twelve Data] 时间解析错误: 2025-07-23, 错误: cannot access local variable 'datetime' where it is not associated with a value
[Twelve Data] 时间解析错误: 2025-07-22, 错误: cannot access local variable 'datetime' where it is not associated with a value
[Twelve Data] 时间解析错误: 2025-07-21, 错误: cannot access local variable 'datetime' where it is not associated with a value
[Twelve Data] 时间解析错误: 2025-07-18, 错误: cannot access local variable 'datetime' where it is not associated with a value
[Twelve Data] 时间解析错误: 2025-07-17, 错误: cannot access local variable 'datetime' where it is not associated with a value
[Twelve Data] 时间解析错误: 2025-07-16, 错误: cannot access local variable 'datetime' where it is not associated with a value
[Twelve Data] 时间解析错误: 2025-07-15, 错误: cannot access local variable 'datetime' where it is not associated with a value
[Twelve Data] 时间解析错误: 2025-07-14, 错误: cannot access local variable 'datetime' where it is not associated with a value
[Twelve Data] 时间解析错误: 2025-07-11, 错误: cannot access local variable 'datetime' where it is not associated with a value
[Twelve Data] 时间解析错误: 2025-07-10, 错误: cannot access local variable 'datetime' where it is not associated with a value
[Twelve Data] 时间解析错误: 2025-07-09, 错误: cannot access local variable 'datetime' where it is not associated with a value
[Twelve Data] 时间解析错误: 2025-07-08, 错误: cannot access local variable 'datetime' where it is not associated with a value
[Twelve Data] 时间解析错误: 2025-07-07, 错误: cannot access local variable 'datetime' where it is not associated with a value
[Twelve Data] 时间解析错误: 2025-07-03, 错误: cannot access local variable 'datetime' where it is not associated with a value
[Twelve Data] 时间解析错误: 2025-07-02, 错误: cannot access local variable 'datetime' where it is not associated with a value
[Twelve Data] 时间解析错误: 2025-07-01, 错误: cannot access local variable 'datetime' where it is not associated with a value
[Twelve Data] 时间解析错误: 2025-06-30, 错误: cannot access local variable 'datetime' where it is not associated with a value
[Twelve Data] 时间解析错误: 2025-06-27, 错误: cannot access local variable 'datetime' where it is not associated with a value
[Twelve Data] 时间解析错误: 2025-06-26, 错误: cannot access local variable 'datetime' where it is not associated with a value
[Twelve Data] 时间解析错误: 2025-06-25, 错误: cannot access local variable 'datetime' where it is not associated with a value
[Twelve Data] 时间解析错误: 2025-06-24, 错误: cannot access local variable 'datetime' where it is not associated with a value
[Twelve Data] 时间解析错误: 2025-06-23, 错误: cannot access local variable 'datetime' where it is not associated with a value
[Twelve Data] 时间解析错误: 2025-06-20, 错误: cannot access local variable 'datetime' where it is not associated with a value
[Twelve Data] 时间解析错误: 2025-06-18, 错误: cannot access local variable 'datetime' where it is not associated with a value
[Twelve Data] 时间解析错误: 2025-06-17, 错误: cannot access local variable 'datetime' where it is not associated with a value
[Twelve Data] 时间解析错误: 2025-06-16, 错误: cannot access local variable 'datetime' where it is not associated with a value
[Twelve Data] 时间解析错误: 2025-06-13, 错误: cannot access local variable 'datetime' where it is not associated with a value
[Twelve Data] 时间解析错误: 2025-06-12, 错误: cannot access local variable 'datetime' where it is not associated with a value
[Twelve Data] 时间解析错误: 2025-06-11, 错误: cannot access local variable 'datetime' where it is not associated with a value
[Twelve Data] 时间解析错误: 2025-06-10, 错误: cannot access local variable 'datetime' where it is not associated with a value
[Twelve Data] 时间解析错误: 2025-06-09, 错误: cannot access local variable 'datetime' where it is not associated with a value
[Twelve Data] 时间解析错误: 2025-06-06, 错误: cannot access local variable 'datetime' where it is not associated with a value
[Twelve Data] 时间解析错误: 2025-06-05, 错误: cannot access local variable 'datetime' where it is not associated with a value
[Twelve Data] 时间解析错误: 2025-06-04, 错误: cannot access local variable 'datetime' where it is not associated with a value
[Twelve Data] 时间解析错误: 2025-06-03, 错误: cannot access local variable 'datetime' where it is not associated with a value
[Twelve Data] 时间解析错误: 2025-06-02, 错误: cannot access local variable 'datetime' where it is not associated with a value
[Twelve Data] 时间解析错误: 2025-05-30, 错误: cannot access local variable 'datetime' where it is not associated with a value
[Twelve Data] 时间解析错误: 2025-05-29, 错误: cannot access local variable 'datetime' where it is not associated with a value
[Twelve Data] 时间解析错误: 2025-05-28, 错误: cannot access local variable 'datetime' where it is not associated with a value
[Twelve Data] 时间解析错误: 2025-05-27, 错误: cannot access local variable 'datetime' where it is not associated with a value
[Twelve Data] 时间解析错误: 2025-05-23, 错误: cannot access local variable 'datetime' where it is not associated with a value
[Twelve Data] 时间解析错误: 2025-05-22, 错误: cannot access local variable 'datetime' where it is not associated with a value
[Twelve Data] 时间解析错误: 2025-05-21, 错误: cannot access local variable 'datetime' where it is not associated with a value
[Twelve Data] 时间解析错误: 2025-05-20, 错误: cannot access local variable 'datetime' where it is not associated with a value
[Twelve Data] 时间解析错误: 2025-05-19, 错误: cannot access local variable 'datetime' where it is not associated with a value
[Twelve Data] 时间解析错误: 2025-05-16, 错误: cannot access local variable 'datetime' where it is not associated with a value
[Twelve Data] 时间解析错误: 2025-05-15, 错误: cannot access local variable 'datetime' where it is not associated with a value
[Twelve Data] 时间解析错误: 2025-05-14, 错误: cannot access local variable 'datetime' where it is not associated with a value
[Twelve Data] 时间解析错误: 2025-05-13, 错误: cannot access local variable 'datetime' where it is not associated with a value
[Twelve Data] 时间解析错误: 2025-05-12, 错误: cannot access local variable 'datetime' where it is not associated with a value
[Twelve Data] 时间解析错误: 2025-05-09, 错误: cannot access local variable 'datetime' where it is not associated with a value
[Twelve Data] 时间解析错误: 2025-05-08, 错误: cannot access local variable 'datetime' where it is not associated with a value
[Twelve Data] 时间解析错误: 2025-05-07, 错误: cannot access local variable 'datetime' where it is not associated with a value
[Twelve Data] 时间解析错误: 2025-05-06, 错误: cannot access local variable 'datetime' where it is not associated with a value
[Twelve Data] 时间解析错误: 2025-05-05, 错误: cannot access local variable 'datetime' where it is not associated with a value
[Twelve Data] 时间解析错误: 2025-05-02, 错误: cannot access local variable 'datetime' where it is not associated with a value
[Twelve Data] 时间解析错误: 2025-05-01, 错误: cannot access local variable 'datetime' where it is not associated with a value
[Twelve Data] 时间解析错误: 2025-04-30, 错误: cannot access local variable 'datetime' where it is not associated with a value
[Twelve Data] 时间解析错误: 2025-04-29, 错误: cannot access local variable 'datetime' where it is not associated with a value
[Twelve Data] 时间解析错误: 2025-04-28, 错误: cannot access local variable 'datetime' where it is not associated with a value
[Twelve Data] 时间解析错误: 2025-04-25, 错误: cannot access local variable 'datetime' where it is not associated with a value
[Twelve Data] 时间解析错误: 2025-04-24, 错误: cannot access local variable 'datetime' where it is not associated with a value
[Twelve Data] 时间解析错误: 2025-04-23, 错误: cannot access local variable 'datetime' where it is not associated with a value
[Twelve Data] 时间解析错误: 2025-04-22, 错误: cannot access local variable 'datetime' where it is not associated with a value
[Twelve Data] 时间解析错误: 2025-04-21, 错误: cannot access local variable 'datetime' where it is not associated with a value
[Twelve Data] 时间解析错误: 2025-04-17, 错误: cannot access local variable 'datetime' where it is not associated with a value
[Twelve Data] 时间解析错误: 2025-04-16, 错误: cannot access local variable 'datetime' where it is not associated with a value
[Twelve Data] 时间解析错误: 2025-04-15, 错误: cannot access local variable 'datetime' where it is not associated with a value
[Twelve Data] 时间解析错误: 2025-04-14, 错误: cannot access local variable 'datetime' where it is not associated with a value
[Twelve Data] 时间解析错误: 2025-04-11, 错误: cannot access local variable 'datetime' where it is not associated with a value
[Twelve Data] 时间解析错误: 2025-04-10, 错误: cannot access local variable 'datetime' where it is not associated with a value
[Twelve Data] 时间解析错误: 2025-04-09, 错误: cannot access local variable 'datetime' where it is not associated with a value
[Twelve Data] 时间解析错误: 2025-04-08, 错误: cannot access local variable 'datetime' where it is not associated with a value
[Twelve Data] 时间解析错误: 2025-04-07, 错误: cannot access local variable 'datetime' where it is not associated with a value
[Twelve Data] 时间解析错误: 2025-04-04, 错误: cannot access local variable 'datetime' where it is not associated with a value
[Twelve Data] 时间解析错误: 2025-04-03, 错误: cannot access local variable 'datetime' where it is not associated with a value
[Twelve Data] 时间解析错误: 2025-04-02, 错误: cannot access local variable 'datetime' where it is not associated with a value
[Twelve Data] 时间解析错误: 2025-04-01, 错误: cannot access local variable 'datetime' where it is not associated with a value
[Twelve Data] 时间解析错误: 2025-03-31, 错误: cannot access local variable 'datetime' where it is not associated with a value
[Twelve Data] 时间解析错误: 2025-03-28, 错误: cannot access local variable 'datetime' where it is not associated with a value
[Twelve Data] 时间解析错误: 2025-03-27, 错误: cannot access local variable 'datetime' where it is not associated with a value
[Twelve Data] 时间解析错误: 2025-03-26, 错误: cannot access local variable 'datetime' where it is not associated with a value
[Twelve Data] 获取 251 个数据点（2025-03-26 到 2026-03-26），已按时间升序排序
[Twelve Data] 数据点足够: 251 >= 121
[Backtest] Twelve Data获取成功: 251 个数据点
[Backtest] 成功获取真实历史数据，数据源: Twelve Data
[Backtest] 开始简单回测计算，数据点: 251
[Backtest] 价格数据范围: 0 到 0, 价格: 252.62 - 221.53
[Backtest] 开始生成交易数据，数据点数量: 251
[Backtest] 交易信号: day=51, signal=-1, position=0, price=259.37
[Backtest] 开新仓: position=-1, entry_price=259.37
[Backtest] 交易信号: day=64, signal=1, position=-1, price=273.67001
[Backtest] 平仓交易: entry=259.37, exit=273.67001, pnl=-1430.0009999999986
[Backtest] 开新仓: position=1, entry_price=273.67001
[Backtest] 交易信号: day=98, signal=-1, position=1, price=270.37
[Backtest] 平仓交易: entry=273.67001, exit=270.37, pnl=-330.0009999999986
[Backtest] 开新仓: position=-1, entry_price=270.37
[Backtest] 交易信号: day=225, signal=1, position=-1, price=213.32001
[Backtest] 平仓交易: entry=270.37, exit=213.32001, pnl=5704.999000000001
[Backtest] 开新仓: position=1, entry_price=213.32001
[Backtest] 交易信号: day=238, signal=-1, position=1, price=198.14999
[Backtest] 平仓交易: entry=213.32001, exit=198.14999, pnl=-1517.0019999999995
[Backtest] 开新仓: position=-1, entry_price=198.14999
[Backtest] 回测结果计算完成: totalReturn=-14.77%, trades=5, tradesList count=5
[Backtest] 真实数据回测完成: totalReturn=-14.77%
[Backtest] 获取回测历史
[Backtest] 收到回测请求: {'strategy': 'moving_average', 'startDate': '2025-03-26', 'endDate': '2026-03-26', 'initialCapital': 100000, 'symbols': ['TSLA'], 'dataMode': 'real', 'symbol': 'TSLA', 'parameters': {'shortMaPeriod': 20, 'longMaPeriod': 50}}
[Backtest] 验证股票输入: 'TSLA'
[Backtest] 股票输入有效: 股票代码: TSLA
[Backtest] 使用真实数据模式
[Backtest] 尝试Finnhub获取历史数据: TSLA, start=2025-03-26, end=2026-03-26
[Finnhub] 尝试获取历史数据: TSLA, start=2025-03-26, end=2026-03-26
[Finnhub] 请求参数: {'symbol': 'TSLA', 'resolution': 'D', 'from': 1742961600, 'to': 1774497600, 'token': 'd6v2q09r01qig546aus0d6v2q09r01qig546ausg'}
[Finnhub] HTTP错误: 403
[Backtest] Finnhub失败，尝试Twelve Data: TSLA, start=2025-03-26, end=2026-03-26
[Twelve Data] 获取指定日期范围历史数据: TSLA, interval=1day, start=2025-03-26, end=2026-03-26
[Twelve Data] 请求参数（日期范围）: {'symbol': 'TSLA', 'interval': '1day', 'apikey': '4c486f3044124045a3bb48c1b6bc0a1b', 'start_date': '2025-03-26', 'end_date': '2026-03-26', 'format': 'JSON'}
[Twelve Data] 时间解析错误: 2026-03-25, 错误: cannot access local variable 'datetime' where it is not associated with a value
[Twelve Data] 时间解析错误: 2026-03-24, 错误: cannot access local variable 'datetime' where it is not associated with a value
[Twelve Data] 时间解析错误: 2026-03-23, 错误: cannot access local variable 'datetime' where it is not associated with a value
[Twelve Data] 时间解析错误: 2026-03-20, 错误: cannot access local variable 'datetime' where it is not associated with a value
[Twelve Data] 时间解析错误: 2026-03-19, 错误: cannot access local variable 'datetime' where it is not associated with a value
[Twelve Data] 时间解析错误: 2026-03-18, 错误: cannot access local variable 'datetime' where it is not associated with a value
[Twelve Data] 时间解析错误: 2026-03-17, 错误: cannot access local variable 'datetime' where it is not associated with a value
[Twelve Data] 时间解析错误: 2026-03-16, 错误: cannot access local variable 'datetime' where it is not associated with a value
[Twelve Data] 时间解析错误: 2026-03-13, 错误: cannot access local variable 'datetime' where it is not associated with a value
[Twelve Data] 时间解析错误: 2026-03-12, 错误: cannot access local variable 'datetime' where it is not associated with a value
[Twelve Data] 时间解析错误: 2026-03-11, 错误: cannot access local variable 'datetime' where it is not associated with a value
[Twelve Data] 时间解析错误: 2026-03-10, 错误: cannot access local variable 'datetime' where it is not associated with a value
[Twelve Data] 时间解析错误: 2026-03-09, 错误: cannot access local variable 'datetime' where it is not associated with a value
[Twelve Data] 时间解析错误: 2026-03-06, 错误: cannot access local variable 'datetime' where it is not associated with a value
[Twelve Data] 时间解析错误: 2026-03-05, 错误: cannot access local variable 'datetime' where it is not associated with a value
[Twelve Data] 时间解析错误: 2026-03-04, 错误: cannot access local variable 'datetime' where it is not associated with a value
[Twelve Data] 时间解析错误: 2026-03-03, 错误: cannot access local variable 'datetime' where it is not associated with a value
[Twelve Data] 时间解析错误: 2026-03-02, 错误: cannot access local variable 'datetime' where it is not associated with a value
[Twelve Data] 时间解析错误: 2026-02-27, 错误: cannot access local variable 'datetime' where it is not associated with a value
[Twelve Data] 时间解析错误: 2026-02-26, 错误: cannot access local variable 'datetime' where it is not associated with a value
[Twelve Data] 时间解析错误: 2026-02-25, 错误: cannot access local variable 'datetime' where it is not associated with a value
[Twelve Data] 时间解析错误: 2026-02-24, 错误: cannot access local variable 'datetime' where it is not associated with a value
[Twelve Data] 时间解析错误: 2026-02-23, 错误: cannot access local variable 'datetime' where it is not associated with a value
[Twelve Data] 时间解析错误: 2026-02-20, 错误: cannot access local variable 'datetime' where it is not associated with a value
[Twelve Data] 时间解析错误: 2026-02-19, 错误: cannot access local variable 'datetime' where it is not associated with a value
[Twelve Data] 时间解析错误: 2026-02-18, 错误: cannot access local variable 'datetime' where it is not associated with a value
[Twelve Data] 时间解析错误: 2026-02-17, 错误: cannot access local variable 'datetime' where it is not associated with a value
[Twelve Data] 时间解析错误: 2026-02-13, 错误: cannot access local variable 'datetime' where it is not associated with a value
[Twelve Data] 时间解析错误: 2026-02-12, 错误: cannot access local variable 'datetime' where it is not associated with a value
[Twelve Data] 时间解析错误: 2026-02-11, 错误: cannot access local variable 'datetime' where it is not associated with a value
[Twelve Data] 时间解析错误: 2026-02-10, 错误: cannot access local variable 'datetime' where it is not associated with a value
[Twelve Data] 时间解析错误: 2026-02-09, 错误: cannot access local variable 'datetime' where it is not associated with a value
[Twelve Data] 时间解析错误: 2026-02-06, 错误: cannot access local variable 'datetime' where it is not associated with a value
[Twelve Data] 时间解析错误: 2026-02-05, 错误: cannot access local variable 'datetime' where it is not associated with a value
[Twelve Data] 时间解析错误: 2026-02-04, 错误: cannot access local variable 'datetime' where it is not associated with a value
[Twelve Data] 时间解析错误: 2026-02-03, 错误: cannot access local variable 'datetime' where it is not associated with a value
[Twelve Data] 时间解析错误: 2026-02-02, 错误: cannot access local variable 'datetime' where it is not associated with a value
[Twelve Data] 时间解析错误: 2026-01-30, 错误: cannot access local variable 'datetime' where it is not associated with a value
[Twelve Data] 时间解析错误: 2026-01-29, 错误: cannot access local variable 'datetime' where it is not associated with a value
[Twelve Data] 时间解析错误: 2026-01-28, 错误: cannot access local variable 'datetime' where it is not associated with a value
[Twelve Data] 时间解析错误: 2026-01-27, 错误: cannot access local variable 'datetime' where it is not associated with a value
[Twelve Data] 时间解析错误: 2026-01-26, 错误: cannot access local variable 'datetime' where it is not associated with a value
[Twelve Data] 时间解析错误: 2026-01-23, 错误: cannot access local variable 'datetime' where it is not associated with a value
[Twelve Data] 时间解析错误: 2026-01-22, 错误: cannot access local variable 'datetime' where it is not associated with a value
[Twelve Data] 时间解析错误: 2026-01-21, 错误: cannot access local variable 'datetime' where it is not associated with a value
[Twelve Data] 时间解析错误: 2026-01-20, 错误: cannot access local variable 'datetime' where it is not associated with a value
[Twelve Data] 时间解析错误: 2026-01-16, 错误: cannot access local variable 'datetime' where it is not associated with a value
[Twelve Data] 时间解析错误: 2026-01-15, 错误: cannot access local variable 'datetime' where it is not associated with a value
[Twelve Data] 时间解析错误: 2026-01-14, 错误: cannot access local variable 'datetime' where it is not associated with a value
[Twelve Data] 时间解析错误: 2026-01-13, 错误: cannot access local variable 'datetime' where it is not associated with a value
[Twelve Data] 时间解析错误: 2026-01-12, 错误: cannot access local variable 'datetime' where it is not associated with a value
[Twelve Data] 时间解析错误: 2026-01-09, 错误: cannot access local variable 'datetime' where it is not associated with a value
[Twelve Data] 时间解析错误: 2026-01-08, 错误: cannot access local variable 'datetime' where it is not associated with a value
[Twelve Data] 时间解析错误: 2026-01-07, 错误: cannot access local variable 'datetime' where it is not associated with a value
[Twelve Data] 时间解析错误: 2026-01-06, 错误: cannot access local variable 'datetime' where it is not associated with a value
[Twelve Data] 时间解析错误: 2026-01-05, 错误: cannot access local variable 'datetime' where it is not associated with a value
[Twelve Data] 时间解析错误: 2026-01-02, 错误: cannot access local variable 'datetime' where it is not associated with a value
[Twelve Data] 时间解析错误: 2025-12-31, 错误: cannot access local variable 'datetime' where it is not associated with a value
[Twelve Data] 时间解析错误: 2025-12-30, 错误: cannot access local variable 'datetime' where it is not associated with a value
[Twelve Data] 时间解析错误: 2025-12-29, 错误: cannot access local variable 'datetime' where it is not associated with a value
[Twelve Data] 时间解析错误: 2025-12-26, 错误: cannot access local variable 'datetime' where it is not associated with a value
[Twelve Data] 时间解析错误: 2025-12-24, 错误: cannot access local variable 'datetime' where it is not associated with a value
[Twelve Data] 时间解析错误: 2025-12-23, 错误: cannot access local variable 'datetime' where it is not associated with a value
[Twelve Data] 时间解析错误: 2025-12-22, 错误: cannot access local variable 'datetime' where it is not associated with a value
[Twelve Data] 时间解析错误: 2025-12-19, 错误: cannot access local variable 'datetime' where it is not associated with a value
[Twelve Data] 时间解析错误: 2025-12-18, 错误: cannot access local variable 'datetime' where it is not associated with a value
[Twelve Data] 时间解析错误: 2025-12-17, 错误: cannot access local variable 'datetime' where it is not associated with a value
[Twelve Data] 时间解析错误: 2025-12-16, 错误: cannot access local variable 'datetime' where it is not associated with a value
[Twelve Data] 时间解析错误: 2025-12-15, 错误: cannot access local variable 'datetime' where it is not associated with a value
[Twelve Data] 时间解析错误: 2025-12-12, 错误: cannot access local variable 'datetime' where it is not associated with a value
[Twelve Data] 时间解析错误: 2025-12-11, 错误: cannot access local variable 'datetime' where it is not associated with a value
[Twelve Data] 时间解析错误: 2025-12-10, 错误: cannot access local variable 'datetime' where it is not associated with a value
[Twelve Data] 时间解析错误: 2025-12-09, 错误: cannot access local variable 'datetime' where it is not associated with a value
[Twelve Data] 时间解析错误: 2025-12-08, 错误: cannot access local variable 'datetime' where it is not associated with a value
[Twelve Data] 时间解析错误: 2025-12-05, 错误: cannot access local variable 'datetime' where it is not associated with a value
[Twelve Data] 时间解析错误: 2025-12-04, 错误: cannot access local variable 'datetime' where it is not associated with a value
[Twelve Data] 时间解析错误: 2025-12-03, 错误: cannot access local variable 'datetime' where it is not associated with a value
[Twelve Data] 时间解析错误: 2025-12-02, 错误: cannot access local variable 'datetime' where it is not associated with a value
[Twelve Data] 时间解析错误: 2025-12-01, 错误: cannot access local variable 'datetime' where it is not associated with a value
[Twelve Data] 时间解析错误: 2025-11-28, 错误: cannot access local variable 'datetime' where it is not associated with a value
[Twelve Data] 时间解析错误: 2025-11-26, 错误: cannot access local variable 'datetime' where it is not associated with a value
[Twelve Data] 时间解析错误: 2025-11-25, 错误: cannot access local variable 'datetime' where it is not associated with a value
[Twelve Data] 时间解析错误: 2025-11-24, 错误: cannot access local variable 'datetime' where it is not associated with a value
[Twelve Data] 时间解析错误: 2025-11-21, 错误: cannot access local variable 'datetime' where it is not associated with a value
[Twelve Data] 时间解析错误: 2025-11-20, 错误: cannot access local variable 'datetime' where it is not associated with a value
[Twelve Data] 时间解析错误: 2025-11-19, 错误: cannot access local variable 'datetime' where it is not associated with a value
[Twelve Data] 时间解析错误: 2025-11-18, 错误: cannot access local variable 'datetime' where it is not associated with a value
[Twelve Data] 时间解析错误: 2025-11-17, 错误: cannot access local variable 'datetime' where it is not associated with a value
[Twelve Data] 时间解析错误: 2025-11-14, 错误: cannot access local variable 'datetime' where it is not associated with a value
[Twelve Data] 时间解析错误: 2025-11-13, 错误: cannot access local variable 'datetime' where it is not associated with a value
[Twelve Data] 时间解析错误: 2025-11-12, 错误: cannot access local variable 'datetime' where it is not associated with a value
[Twelve Data] 时间解析错误: 2025-11-11, 错误: cannot access local variable 'datetime' where it is not associated with a value
[Twelve Data] 时间解析错误: 2025-11-10, 错误: cannot access local variable 'datetime' where it is not associated with a value
[Twelve Data] 时间解析错误: 2025-11-07, 错误: cannot access local variable 'datetime' where it is not associated with a value
[Twelve Data] 时间解析错误: 2025-11-06, 错误: cannot access local variable 'datetime' where it is not associated with a value
[Twelve Data] 时间解析错误: 2025-11-05, 错误: cannot access local variable 'datetime' where it is not associated with a value
[Twelve Data] 时间解析错误: 2025-11-04, 错误: cannot access local variable 'datetime' where it is not associated with a value
[Twelve Data] 时间解析错误: 2025-11-03, 错误: cannot access local variable 'datetime' where it is not associated with a value
[Twelve Data] 时间解析错误: 2025-10-31, 错误: cannot access local variable 'datetime' where it is not associated with a value
[Twelve Data] 时间解析错误: 2025-10-30, 错误: cannot access local variable 'datetime' where it is not associated with a value
[Twelve Data] 时间解析错误: 2025-10-29, 错误: cannot access local variable 'datetime' where it is not associated with a value
[Twelve Data] 时间解析错误: 2025-10-28, 错误: cannot access local variable 'datetime' where it is not associated with a value
[Twelve Data] 时间解析错误: 2025-10-27, 错误: cannot access local variable 'datetime' where it is not associated with a value
[Twelve Data] 时间解析错误: 2025-10-24, 错误: cannot access local variable 'datetime' where it is not associated with a value
[Twelve Data] 时间解析错误: 2025-10-23, 错误: cannot access local variable 'datetime' where it is not associated with a value
[Twelve Data] 时间解析错误: 2025-10-22, 错误: cannot access local variable 'datetime' where it is not associated with a value
[Twelve Data] 时间解析错误: 2025-10-21, 错误: cannot access local variable 'datetime' where it is not associated with a value
[Twelve Data] 时间解析错误: 2025-10-20, 错误: cannot access local variable 'datetime' where it is not associated with a value
[Twelve Data] 时间解析错误: 2025-10-17, 错误: cannot access local variable 'datetime' where it is not associated with a value
[Twelve Data] 时间解析错误: 2025-10-16, 错误: cannot access local variable 'datetime' where it is not associated with a value
[Twelve Data] 时间解析错误: 2025-10-15, 错误: cannot access local variable 'datetime' where it is not associated with a value
[Twelve Data] 时间解析错误: 2025-10-14, 错误: cannot access local variable 'datetime' where it is not associated with a value
[Twelve Data] 时间解析错误: 2025-10-13, 错误: cannot access local variable 'datetime' where it is not associated with a value
[Twelve Data] 时间解析错误: 2025-10-10, 错误: cannot access local variable 'datetime' where it is not associated with a value
[Twelve Data] 时间解析错误: 2025-10-09, 错误: cannot access local variable 'datetime' where it is not associated with a value
[Twelve Data] 时间解析错误: 2025-10-08, 错误: cannot access local variable 'datetime' where it is not associated with a value
[Twelve Data] 时间解析错误: 2025-10-07, 错误: cannot access local variable 'datetime' where it is not associated with a value
[Twelve Data] 时间解析错误: 2025-10-06, 错误: cannot access local variable 'datetime' where it is not associated with a value
[Twelve Data] 时间解析错误: 2025-10-03, 错误: cannot access local variable 'datetime' where it is not associated with a value
[Twelve Data] 时间解析错误: 2025-10-02, 错误: cannot access local variable 'datetime' where it is not associated with a value
[Twelve Data] 时间解析错误: 2025-10-01, 错误: cannot access local variable 'datetime' where it is not associated with a value
[Twelve Data] 时间解析错误: 2025-09-30, 错误: cannot access local variable 'datetime' where it is not associated with a value
[Twelve Data] 时间解析错误: 2025-09-29, 错误: cannot access local variable 'datetime' where it is not associated with a value
[Twelve Data] 时间解析错误: 2025-09-26, 错误: cannot access local variable 'datetime' where it is not associated with a value
[Twelve Data] 时间解析错误: 2025-09-25, 错误: cannot access local variable 'datetime' where it is not associated with a value
[Twelve Data] 时间解析错误: 2025-09-24, 错误: cannot access local variable 'datetime' where it is not associated with a value
[Twelve Data] 时间解析错误: 2025-09-23, 错误: cannot access local variable 'datetime' where it is not associated with a value
[Twelve Data] 时间解析错误: 2025-09-22, 错误: cannot access local variable 'datetime' where it is not associated with a value
[Twelve Data] 时间解析错误: 2025-09-19, 错误: cannot access local variable 'datetime' where it is not associated with a value
[Twelve Data] 时间解析错误: 2025-09-18, 错误: cannot access local variable 'datetime' where it is not associated with a value
[Twelve Data] 时间解析错误: 2025-09-17, 错误: cannot access local variable 'datetime' where it is not associated with a value
[Twelve Data] 时间解析错误: 2025-09-16, 错误: cannot access local variable 'datetime' where it is not associated with a value
[Twelve Data] 时间解析错误: 2025-09-15, 错误: cannot access local variable 'datetime' where it is not associated with a value
[Twelve Data] 时间解析错误: 2025-09-12, 错误: cannot access local variable 'datetime' where it is not associated with a value
[Twelve Data] 时间解析错误: 2025-09-11, 错误: cannot access local variable 'datetime' where it is not associated with a value
[Twelve Data] 时间解析错误: 2025-09-10, 错误: cannot access local variable 'datetime' where it is not associated with a value
[Twelve Data] 时间解析错误: 2025-09-09, 错误: cannot access local variable 'datetime' where it is not associated with a value
[Twelve Data] 时间解析错误: 2025-09-08, 错误: cannot access local variable 'datetime' where it is not associated with a value
[Twelve Data] 时间解析错误: 2025-09-05, 错误: cannot access local variable 'datetime' where it is not associated with a value
[Twelve Data] 时间解析错误: 2025-09-04, 错误: cannot access local variable 'datetime' where it is not associated with a value
[Twelve Data] 时间解析错误: 2025-09-03, 错误: cannot access local variable 'datetime' where it is not associated with a value
[Twelve Data] 时间解析错误: 2025-09-02, 错误: cannot access local variable 'datetime' where it is not associated with a value
[Twelve Data] 时间解析错误: 2025-08-29, 错误: cannot access local variable 'datetime' where it is not associated with a value
[Twelve Data] 时间解析错误: 2025-08-28, 错误: cannot access local variable 'datetime' where it is not associated with a value
[Twelve Data] 时间解析错误: 2025-08-27, 错误: cannot access local variable 'datetime' where it is not associated with a value
[Twelve Data] 时间解析错误: 2025-08-26, 错误: cannot access local variable 'datetime' where it is not associated with a value
[Twelve Data] 时间解析错误: 2025-08-25, 错误: cannot access local variable 'datetime' where it is not associated with a value
[Twelve Data] 时间解析错误: 2025-08-22, 错误: cannot access local variable 'datetime' where it is not associated with a value
[Twelve Data] 时间解析错误: 2025-08-21, 错误: cannot access local variable 'datetime' where it is not associated with a value
[Twelve Data] 时间解析错误: 2025-08-20, 错误: cannot access local variable 'datetime' where it is not associated with a value
[Twelve Data] 时间解析错误: 2025-08-19, 错误: cannot access local variable 'datetime' where it is not associated with a value
[Twelve Data] 时间解析错误: 2025-08-18, 错误: cannot access local variable 'datetime' where it is not associated with a value
[Twelve Data] 时间解析错误: 2025-08-15, 错误: cannot access local variable 'datetime' where it is not associated with a value
[Twelve Data] 时间解析错误: 2025-08-14, 错误: cannot access local variable 'datetime' where it is not associated with a value
[Twelve Data] 时间解析错误: 2025-08-13, 错误: cannot access local variable 'datetime' where it is not associated with a value
[Twelve Data] 时间解析错误: 2025-08-12, 错误: cannot access local variable 'datetime' where it is not associated with a value
[Twelve Data] 时间解析错误: 2025-08-11, 错误: cannot access local variable 'datetime' where it is not associated with a value
[Twelve Data] 时间解析错误: 2025-08-08, 错误: cannot access local variable 'datetime' where it is not associated with a value
[Twelve Data] 时间解析错误: 2025-08-07, 错误: cannot access local variable 'datetime' where it is not associated with a value
[Twelve Data] 时间解析错误: 2025-08-06, 错误: cannot access local variable 'datetime' where it is not associated with a value
[Twelve Data] 时间解析错误: 2025-08-05, 错误: cannot access local variable 'datetime' where it is not associated with a value
[Twelve Data] 时间解析错误: 2025-08-04, 错误: cannot access local variable 'datetime' where it is not associated with a value
[Twelve Data] 时间解析错误: 2025-08-01, 错误: cannot access local variable 'datetime' where it is not associated with a value
[Twelve Data] 时间解析错误: 2025-07-31, 错误: cannot access local variable 'datetime' where it is not associated with a value
[Twelve Data] 时间解析错误: 2025-07-30, 错误: cannot access local variable 'datetime' where it is not associated with a value
[Twelve Data] 时间解析错误: 2025-07-29, 错误: cannot access local variable 'datetime' where it is not associated with a value
[Twelve Data] 时间解析错误: 2025-07-28, 错误: cannot access local variable 'datetime' where it is not associated with a value
[Twelve Data] 时间解析错误: 2025-07-25, 错误: cannot access local variable 'datetime' where it is not associated with a value
[Twelve Data] 时间解析错误: 2025-07-24, 错误: cannot access local variable 'datetime' where it is not associated with a value
[Twelve Data] 时间解析错误: 2025-07-23, 错误: cannot access local variable 'datetime' where it is not associated with a value
[Twelve Data] 时间解析错误: 2025-07-22, 错误: cannot access local variable 'datetime' where it is not associated with a value
[Twelve Data] 时间解析错误: 2025-07-21, 错误: cannot access local variable 'datetime' where it is not associated with a value
[Twelve Data] 时间解析错误: 2025-07-18, 错误: cannot access local variable 'datetime' where it is not associated with a value
[Twelve Data] 时间解析错误: 2025-07-17, 错误: cannot access local variable 'datetime' where it is not associated with a value
[Twelve Data] 时间解析错误: 2025-07-16, 错误: cannot access local variable 'datetime' where it is not associated with a value
[Twelve Data] 时间解析错误: 2025-07-15, 错误: cannot access local variable 'datetime' where it is not associated with a value
[Twelve Data] 时间解析错误: 2025-07-14, 错误: cannot access local variable 'datetime' where it is not associated with a value
[Twelve Data] 时间解析错误: 2025-07-11, 错误: cannot access local variable 'datetime' where it is not associated with a value
[Twelve Data] 时间解析错误: 2025-07-10, 错误: cannot access local variable 'datetime' where it is not associated with a value
[Twelve Data] 时间解析错误: 2025-07-09, 错误: cannot access local variable 'datetime' where it is not associated with a value
[Twelve Data] 时间解析错误: 2025-07-08, 错误: cannot access local variable 'datetime' where it is not associated with a value
[Twelve Data] 时间解析错误: 2025-07-07, 错误: cannot access local variable 'datetime' where it is not associated with a value
[Twelve Data] 时间解析错误: 2025-07-03, 错误: cannot access local variable 'datetime' where it is not associated with a value
[Twelve Data] 时间解析错误: 2025-07-02, 错误: cannot access local variable 'datetime' where it is not associated with a value
[Twelve Data] 时间解析错误: 2025-07-01, 错误: cannot access local variable 'datetime' where it is not associated with a value
[Twelve Data] 时间解析错误: 2025-06-30, 错误: cannot access local variable 'datetime' where it is not associated with a value
[Twelve Data] 时间解析错误: 2025-06-27, 错误: cannot access local variable 'datetime' where it is not associated with a value
[Twelve Data] 时间解析错误: 2025-06-26, 错误: cannot access local variable 'datetime' where it is not associated with a value
[Twelve Data] 时间解析错误: 2025-06-25, 错误: cannot access local variable 'datetime' where it is not associated with a value
[Twelve Data] 时间解析错误: 2025-06-24, 错误: cannot access local variable 'datetime' where it is not associated with a value
[Twelve Data] 时间解析错误: 2025-06-23, 错误: cannot access local variable 'datetime' where it is not associated with a value
[Twelve Data] 时间解析错误: 2025-06-20, 错误: cannot access local variable 'datetime' where it is not associated with a value
[Twelve Data] 时间解析错误: 2025-06-18, 错误: cannot access local variable 'datetime' where it is not associated with a value
[Twelve Data] 时间解析错误: 2025-06-17, 错误: cannot access local variable 'datetime' where it is not associated with a value
[Twelve Data] 时间解析错误: 2025-06-16, 错误: cannot access local variable 'datetime' where it is not associated with a value
[Twelve Data] 时间解析错误: 2025-06-13, 错误: cannot access local variable 'datetime' where it is not associated with a value
[Twelve Data] 时间解析错误: 2025-06-12, 错误: cannot access local variable 'datetime' where it is not associated with a value
[Twelve Data] 时间解析错误: 2025-06-11, 错误: cannot access local variable 'datetime' where it is not associated with a value
[Twelve Data] 时间解析错误: 2025-06-10, 错误: cannot access local variable 'datetime' where it is not associated with a value
[Twelve Data] 时间解析错误: 2025-06-09, 错误: cannot access local variable 'datetime' where it is not associated with a value
[Twelve Data] 时间解析错误: 2025-06-06, 错误: cannot access local variable 'datetime' where it is not associated with a value
[Twelve Data] 时间解析错误: 2025-06-05, 错误: cannot access local variable 'datetime' where it is not associated with a value
[Twelve Data] 时间解析错误: 2025-06-04, 错误: cannot access local variable 'datetime' where it is not associated with a value
[Twelve Data] 时间解析错误: 2025-06-03, 错误: cannot access local variable 'datetime' where it is not associated with a value
[Twelve Data] 时间解析错误: 2025-06-02, 错误: cannot access local variable 'datetime' where it is not associated with a value
[Twelve Data] 时间解析错误: 2025-05-30, 错误: cannot access local variable 'datetime' where it is not associated with a value
[Twelve Data] 时间解析错误: 2025-05-29, 错误: cannot access local variable 'datetime' where it is not associated with a value
[Twelve Data] 时间解析错误: 2025-05-28, 错误: cannot access local variable 'datetime' where it is not associated with a value
[Twelve Data] 时间解析错误: 2025-05-27, 错误: cannot access local variable 'datetime' where it is not associated with a value
[Twelve Data] 时间解析错误: 2025-05-23, 错误: cannot access local variable 'datetime' where it is not associated with a value
[Twelve Data] 时间解析错误: 2025-05-22, 错误: cannot access local variable 'datetime' where it is not associated with a value
[Twelve Data] 时间解析错误: 2025-05-21, 错误: cannot access local variable 'datetime' where it is not associated with a value
[Twelve Data] 时间解析错误: 2025-05-20, 错误: cannot access local variable 'datetime' where it is not associated with a value
[Twelve Data] 时间解析错误: 2025-05-19, 错误: cannot access local variable 'datetime' where it is not associated with a value
[Twelve Data] 时间解析错误: 2025-05-16, 错误: cannot access local variable 'datetime' where it is not associated with a value
[Twelve Data] 时间解析错误: 2025-05-15, 错误: cannot access local variable 'datetime' where it is not associated with a value
[Twelve Data] 时间解析错误: 2025-05-14, 错误: cannot access local variable 'datetime' where it is not associated with a value
[Twelve Data] 时间解析错误: 2025-05-13, 错误: cannot access local variable 'datetime' where it is not associated with a value
[Twelve Data] 时间解析错误: 2025-05-12, 错误: cannot access local variable 'datetime' where it is not associated with a value
[Twelve Data] 时间解析错误: 2025-05-09, 错误: cannot access local variable 'datetime' where it is not associated with a value
[Twelve Data] 时间解析错误: 2025-05-08, 错误: cannot access local variable 'datetime' where it is not associated with a value
[Twelve Data] 时间解析错误: 2025-05-07, 错误: cannot access local variable 'datetime' where it is not associated with a value
[Twelve Data] 时间解析错误: 2025-05-06, 错误: cannot access local variable 'datetime' where it is not associated with a value
[Twelve Data] 时间解析错误: 2025-05-05, 错误: cannot access local variable 'datetime' where it is not associated with a value
[Twelve Data] 时间解析错误: 2025-05-02, 错误: cannot access local variable 'datetime' where it is not associated with a value
[Twelve Data] 时间解析错误: 2025-05-01, 错误: cannot access local variable 'datetime' where it is not associated with a value
[Twelve Data] 时间解析错误: 2025-04-30, 错误: cannot access local variable 'datetime' where it is not associated with a value
[Twelve Data] 时间解析错误: 2025-04-29, 错误: cannot access local variable 'datetime' where it is not associated with a value
[Twelve Data] 时间解析错误: 2025-04-28, 错误: cannot access local variable 'datetime' where it is not associated with a value
[Twelve Data] 时间解析错误: 2025-04-25, 错误: cannot access local variable 'datetime' where it is not associated with a value
[Twelve Data] 时间解析错误: 2025-04-24, 错误: cannot access local variable 'datetime' where it is not associated with a value
[Twelve Data] 时间解析错误: 2025-04-23, 错误: cannot access local variable 'datetime' where it is not associated with a value
[Twelve Data] 时间解析错误: 2025-04-22, 错误: cannot access local variable 'datetime' where it is not associated with a value
[Twelve Data] 时间解析错误: 2025-04-21, 错误: cannot access local variable 'datetime' where it is not associated with a value
[Twelve Data] 时间解析错误: 2025-04-17, 错误: cannot access local variable 'datetime' where it is not associated with a value
[Twelve Data] 时间解析错误: 2025-04-16, 错误: cannot access local variable 'datetime' where it is not associated with a value
[Twelve Data] 时间解析错误: 2025-04-15, 错误: cannot access local variable 'datetime' where it is not associated with a value
[Twelve Data] 时间解析错误: 2025-04-14, 错误: cannot access local variable 'datetime' where it is not associated with a value
[Twelve Data] 时间解析错误: 2025-04-11, 错误: cannot access local variable 'datetime' where it is not associated with a value
[Twelve Data] 时间解析错误: 2025-04-10, 错误: cannot access local variable 'datetime' where it is not associated with a value
[Twelve Data] 时间解析错误: 2025-04-09, 错误: cannot access local variable 'datetime' where it is not associated with a value
[Twelve Data] 时间解析错误: 2025-04-08, 错误: cannot access local variable 'datetime' where it is not associated with a value
[Twelve Data] 时间解析错误: 2025-04-07, 错误: cannot access local variable 'datetime' where it is not associated with a value
[Twelve Data] 时间解析错误: 2025-04-04, 错误: cannot access local variable 'datetime' where it is not associated with a value
[Twelve Data] 时间解析错误: 2025-04-03, 错误: cannot access local variable 'datetime' where it is not associated with a value
[Twelve Data] 时间解析错误: 2025-04-02, 错误: cannot access local variable 'datetime' where it is not associated with a value
[Twelve Data] 时间解析错误: 2025-04-01, 错误: cannot access local variable 'datetime' where it is not associated with a value
[Twelve Data] 时间解析错误: 2025-03-31, 错误: cannot access local variable 'datetime' where it is not associated with a value
[Twelve Data] 时间解析错误: 2025-03-28, 错误: cannot access local variable 'datetime' where it is not associated with a value
[Twelve Data] 时间解析错误: 2025-03-27, 错误: cannot access local variable 'datetime' where it is not associated with a value
[Twelve Data] 时间解析错误: 2025-03-26, 错误: cannot access local variable 'datetime' where it is not associated with a value
[Twelve Data] 获取 251 个数据点（2025-03-26 到 2026-03-26），已按时间升序排序
[Twelve Data] 数据点足够: 251 >= 121
[Backtest] Twelve Data获取成功: 251 个数据点
[Backtest] 成功获取真实历史数据，数据源: Twelve Data
[Backtest] 开始简单回测计算，数据点: 251
[Backtest] 价格数据范围: 0 到 0, 价格: 385.95 - 272.06
[Backtest] 开始生成交易数据，数据点数量: 251
[Backtest] 交易信号: day=84, signal=-1, position=0, price=395.23001
[Backtest] 开新仓: position=-1, entry_price=395.23001
[Backtest] 交易信号: day=109, signal=1, position=-1, price=428.75
[Backtest] 平仓交易: entry=395.23001, exit=428.75, pnl=-3351.9990000000007
[Backtest] 开新仓: position=1, entry_price=428.75
[Backtest] 交易信号: day=132, signal=-1, position=1, price=410.040009
[Backtest] 平仓交易: entry=428.75, exit=410.040009, pnl=-1870.9991000000002
[Backtest] 开新仓: position=-1, entry_price=410.040009
[Backtest] 交易信号: day=201, signal=1, position=-1, price=284.70001
[Backtest] 平仓交易: entry=410.040009, exit=284.70001, pnl=12533.999899999997
[Backtest] 开新仓: position=1, entry_price=284.70001
[Backtest] 交易信号: day=226, signal=-1, position=1, price=282.16
[Backtest] 平仓交易: entry=284.70001, exit=282.16, pnl=-254.00099999999952
[Backtest] 开新仓: position=-1, entry_price=282.16
[Backtest] 回测结果计算完成: totalReturn=-35.41%, trades=5, tradesList count=5
[Backtest] 真实数据回测完成: totalReturn=-35.41%
[Backtest] 获取回测历史
[Backtest] 获取回测历史
[Backtest] 获取回测历史
[Backtest] 收到回测请求: {'strategy': 'moving_average', 'startDate': '2025-03-26', 'endDate': '2026-03-26', 'initialCapital': 100000, 'symbols': ['AAPL'], 'dataMode': 'real', 'symbol': 'AAPL', 'parameters': {'shortMaPeriod': 20, 'longMaPeriod': 50}}
[Backtest] 验证股票输入: 'AAPL'
[Backtest] 股票输入有效: 股票代码: AAPL
[Backtest] 使用真实数据模式
[Backtest] 尝试Finnhub获取历史数据: AAPL, start=2025-03-26, end=2026-03-26
[Finnhub] 尝试获取历史数据: AAPL, start=2025-03-26, end=2026-03-26
[Finnhub] 请求参数: {'symbol': 'AAPL', 'resolution': 'D', 'from': 1742961600, 'to': 1774497600, 'token': 'd6v2q09r01qig546aus0d6v2q09r01qig546ausg'}
[Finnhub] HTTP错误: 403
[Backtest] Finnhub失败，尝试Twelve Data: AAPL, start=2025-03-26, end=2026-03-26
[Twelve Data] 获取指定日期范围历史数据: AAPL, interval=1day, start=2025-03-26, end=2026-03-26
[Twelve Data] 请求参数（日期范围）: {'symbol': 'AAPL', 'interval': '1day', 'apikey': '4c486f3044124045a3bb48c1b6bc0a1b', 'start_date': '2025-03-26', 'end_date': '2026-03-26', 'format': 'JSON'}
[Twelve Data] 时间解析错误: 2026-03-25, 错误: cannot access local variable 'datetime' where it is not associated with a value
[Twelve Data] 时间解析错误: 2026-03-24, 错误: cannot access local variable 'datetime' where it is not associated with a value
[Twelve Data] 时间解析错误: 2026-03-23, 错误: cannot access local variable 'datetime' where it is not associated with a value
[Twelve Data] 时间解析错误: 2026-03-20, 错误: cannot access local variable 'datetime' where it is not associated with a value
[Twelve Data] 时间解析错误: 2026-03-19, 错误: cannot access local variable 'datetime' where it is not associated with a value
[Twelve Data] 时间解析错误: 2026-03-18, 错误: cannot access local variable 'datetime' where it is not associated with a value
[Twelve Data] 时间解析错误: 2026-03-17, 错误: cannot access local variable 'datetime' where it is not associated with a value
[Twelve Data] 时间解析错误: 2026-03-16, 错误: cannot access local variable 'datetime' where it is not associated with a value
[Twelve Data] 时间解析错误: 2026-03-13, 错误: cannot access local variable 'datetime' where it is not associated with a value
[Twelve Data] 时间解析错误: 2026-03-12, 错误: cannot access local variable 'datetime' where it is not associated with a value
[Twelve Data] 时间解析错误: 2026-03-11, 错误: cannot access local variable 'datetime' where it is not associated with a value
[Twelve Data] 时间解析错误: 2026-03-10, 错误: cannot access local variable 'datetime' where it is not associated with a value
[Twelve Data] 时间解析错误: 2026-03-09, 错误: cannot access local variable 'datetime' where it is not associated with a value
[Twelve Data] 时间解析错误: 2026-03-06, 错误: cannot access local variable 'datetime' where it is not associated with a value
[Twelve Data] 时间解析错误: 2026-03-05, 错误: cannot access local variable 'datetime' where it is not associated with a value
[Twelve Data] 时间解析错误: 2026-03-04, 错误: cannot access local variable 'datetime' where it is not associated with a value
[Twelve Data] 时间解析错误: 2026-03-03, 错误: cannot access local variable 'datetime' where it is not associated with a value
[Twelve Data] 时间解析错误: 2026-03-02, 错误: cannot access local variable 'datetime' where it is not associated with a value
[Twelve Data] 时间解析错误: 2026-02-27, 错误: cannot access local variable 'datetime' where it is not associated with a value
[Twelve Data] 时间解析错误: 2026-02-26, 错误: cannot access local variable 'datetime' where it is not associated with a value
[Twelve Data] 时间解析错误: 2026-02-25, 错误: cannot access local variable 'datetime' where it is not associated with a value
[Twelve Data] 时间解析错误: 2026-02-24, 错误: cannot access local variable 'datetime' where it is not associated with a value
[Twelve Data] 时间解析错误: 2026-02-23, 错误: cannot access local variable 'datetime' where it is not associated with a value
[Twelve Data] 时间解析错误: 2026-02-20, 错误: cannot access local variable 'datetime' where it is not associated with a value
[Twelve Data] 时间解析错误: 2026-02-19, 错误: cannot access local variable 'datetime' where it is not associated with a value
[Twelve Data] 时间解析错误: 2026-02-18, 错误: cannot access local variable 'datetime' where it is not associated with a value
[Twelve Data] 时间解析错误: 2026-02-17, 错误: cannot access local variable 'datetime' where it is not associated with a value
[Twelve Data] 时间解析错误: 2026-02-13, 错误: cannot access local variable 'datetime' where it is not associated with a value
[Twelve Data] 时间解析错误: 2026-02-12, 错误: cannot access local variable 'datetime' where it is not associated with a value
[Twelve Data] 时间解析错误: 2026-02-11, 错误: cannot access local variable 'datetime' where it is not associated with a value
[Twelve Data] 时间解析错误: 2026-02-10, 错误: cannot access local variable 'datetime' where it is not associated with a value
[Twelve Data] 时间解析错误: 2026-02-09, 错误: cannot access local variable 'datetime' where it is not associated with a value
[Twelve Data] 时间解析错误: 2026-02-06, 错误: cannot access local variable 'datetime' where it is not associated with a value
[Twelve Data] 时间解析错误: 2026-02-05, 错误: cannot access local variable 'datetime' where it is not associated with a value
[Twelve Data] 时间解析错误: 2026-02-04, 错误: cannot access local variable 'datetime' where it is not associated with a value
[Twelve Data] 时间解析错误: 2026-02-03, 错误: cannot access local variable 'datetime' where it is not associated with a value
[Twelve Data] 时间解析错误: 2026-02-02, 错误: cannot access local variable 'datetime' where it is not associated with a value
[Twelve Data] 时间解析错误: 2026-01-30, 错误: cannot access local variable 'datetime' where it is not associated with a value
[Twelve Data] 时间解析错误: 2026-01-29, 错误: cannot access local variable 'datetime' where it is not associated with a value
[Twelve Data] 时间解析错误: 2026-01-28, 错误: cannot access local variable 'datetime' where it is not associated with a value
[Twelve Data] 时间解析错误: 2026-01-27, 错误: cannot access local variable 'datetime' where it is not associated with a value
[Twelve Data] 时间解析错误: 2026-01-26, 错误: cannot access local variable 'datetime' where it is not associated with a value
[Twelve Data] 时间解析错误: 2026-01-23, 错误: cannot access local variable 'datetime' where it is not associated with a value
[Twelve Data] 时间解析错误: 2026-01-22, 错误: cannot access local variable 'datetime' where it is not associated with a value
[Twelve Data] 时间解析错误: 2026-01-21, 错误: cannot access local variable 'datetime' where it is not associated with a value
[Twelve Data] 时间解析错误: 2026-01-20, 错误: cannot access local variable 'datetime' where it is not associated with a value
[Twelve Data] 时间解析错误: 2026-01-16, 错误: cannot access local variable 'datetime' where it is not associated with a value
[Twelve Data] 时间解析错误: 2026-01-15, 错误: cannot access local variable 'datetime' where it is not associated with a value
[Twelve Data] 时间解析错误: 2026-01-14, 错误: cannot access local variable 'datetime' where it is not associated with a value
[Twelve Data] 时间解析错误: 2026-01-13, 错误: cannot access local variable 'datetime' where it is not associated with a value
[Twelve Data] 时间解析错误: 2026-01-12, 错误: cannot access local variable 'datetime' where it is not associated with a value
[Twelve Data] 时间解析错误: 2026-01-09, 错误: cannot access local variable 'datetime' where it is not associated with a value
[Twelve Data] 时间解析错误: 2026-01-08, 错误: cannot access local variable 'datetime' where it is not associated with a value
[Twelve Data] 时间解析错误: 2026-01-07, 错误: cannot access local variable 'datetime' where it is not associated with a value
[Twelve Data] 时间解析错误: 2026-01-06, 错误: cannot access local variable 'datetime' where it is not associated with a value
[Twelve Data] 时间解析错误: 2026-01-05, 错误: cannot access local variable 'datetime' where it is not associated with a value
[Twelve Data] 时间解析错误: 2026-01-02, 错误: cannot access local variable 'datetime' where it is not associated with a value
[Twelve Data] 时间解析错误: 2025-12-31, 错误: cannot access local variable 'datetime' where it is not associated with a value
[Twelve Data] 时间解析错误: 2025-12-30, 错误: cannot access local variable 'datetime' where it is not associated with a value
[Twelve Data] 时间解析错误: 2025-12-29, 错误: cannot access local variable 'datetime' where it is not associated with a value
[Twelve Data] 时间解析错误: 2025-12-26, 错误: cannot access local variable 'datetime' where it is not associated with a value
[Twelve Data] 时间解析错误: 2025-12-24, 错误: cannot access local variable 'datetime' where it is not associated with a value
[Twelve Data] 时间解析错误: 2025-12-23, 错误: cannot access local variable 'datetime' where it is not associated with a value
[Twelve Data] 时间解析错误: 2025-12-22, 错误: cannot access local variable 'datetime' where it is not associated with a value
[Twelve Data] 时间解析错误: 2025-12-19, 错误: cannot access local variable 'datetime' where it is not associated with a value
[Twelve Data] 时间解析错误: 2025-12-18, 错误: cannot access local variable 'datetime' where it is not associated with a value
[Twelve Data] 时间解析错误: 2025-12-17, 错误: cannot access local variable 'datetime' where it is not associated with a value
[Twelve Data] 时间解析错误: 2025-12-16, 错误: cannot access local variable 'datetime' where it is not associated with a value
[Twelve Data] 时间解析错误: 2025-12-15, 错误: cannot access local variable 'datetime' where it is not associated with a value
[Twelve Data] 时间解析错误: 2025-12-12, 错误: cannot access local variable 'datetime' where it is not associated with a value
[Twelve Data] 时间解析错误: 2025-12-11, 错误: cannot access local variable 'datetime' where it is not associated with a value
[Twelve Data] 时间解析错误: 2025-12-10, 错误: cannot access local variable 'datetime' where it is not associated with a value
[Twelve Data] 时间解析错误: 2025-12-09, 错误: cannot access local variable 'datetime' where it is not associated with a value
[Twelve Data] 时间解析错误: 2025-12-08, 错误: cannot access local variable 'datetime' where it is not associated with a value
[Twelve Data] 时间解析错误: 2025-12-05, 错误: cannot access local variable 'datetime' where it is not associated with a value
[Twelve Data] 时间解析错误: 2025-12-04, 错误: cannot access local variable 'datetime' where it is not associated with a value
[Twelve Data] 时间解析错误: 2025-12-03, 错误: cannot access local variable 'datetime' where it is not associated with a value
[Twelve Data] 时间解析错误: 2025-12-02, 错误: cannot access local variable 'datetime' where it is not associated with a value
[Twelve Data] 时间解析错误: 2025-12-01, 错误: cannot access local variable 'datetime' where it is not associated with a value
[Twelve Data] 时间解析错误: 2025-11-28, 错误: cannot access local variable 'datetime' where it is not associated with a value
[Twelve Data] 时间解析错误: 2025-11-26, 错误: cannot access local variable 'datetime' where it is not associated with a value
[Twelve Data] 时间解析错误: 2025-11-25, 错误: cannot access local variable 'datetime' where it is not associated with a value
[Twelve Data] 时间解析错误: 2025-11-24, 错误: cannot access local variable 'datetime' where it is not associated with a value
[Twelve Data] 时间解析错误: 2025-11-21, 错误: cannot access local variable 'datetime' where it is not associated with a value
[Twelve Data] 时间解析错误: 2025-11-20, 错误: cannot access local variable 'datetime' where it is not associated with a value
[Twelve Data] 时间解析错误: 2025-11-19, 错误: cannot access local variable 'datetime' where it is not associated with a value
[Twelve Data] 时间解析错误: 2025-11-18, 错误: cannot access local variable 'datetime' where it is not associated with a value
[Twelve Data] 时间解析错误: 2025-11-17, 错误: cannot access local variable 'datetime' where it is not associated with a value
[Twelve Data] 时间解析错误: 2025-11-14, 错误: cannot access local variable 'datetime' where it is not associated with a value
[Twelve Data] 时间解析错误: 2025-11-13, 错误: cannot access local variable 'datetime' where it is not associated with a value
[Twelve Data] 时间解析错误: 2025-11-12, 错误: cannot access local variable 'datetime' where it is not associated with a value
[Twelve Data] 时间解析错误: 2025-11-11, 错误: cannot access local variable 'datetime' where it is not associated with a value
[Twelve Data] 时间解析错误: 2025-11-10, 错误: cannot access local variable 'datetime' where it is not associated with a value
[Twelve Data] 时间解析错误: 2025-11-07, 错误: cannot access local variable 'datetime' where it is not associated with a value
[Twelve Data] 时间解析错误: 2025-11-06, 错误: cannot access local variable 'datetime' where it is not associated with a value
[Twelve Data] 时间解析错误: 2025-11-05, 错误: cannot access local variable 'datetime' where it is not associated with a value
[Twelve Data] 时间解析错误: 2025-11-04, 错误: cannot access local variable 'datetime' where it is not associated with a value
[Twelve Data] 时间解析错误: 2025-11-03, 错误: cannot access local variable 'datetime' where it is not associated with a value
[Twelve Data] 时间解析错误: 2025-10-31, 错误: cannot access local variable 'datetime' where it is not associated with a value
[Twelve Data] 时间解析错误: 2025-10-30, 错误: cannot access local variable 'datetime' where it is not associated with a value
[Twelve Data] 时间解析错误: 2025-10-29, 错误: cannot access local variable 'datetime' where it is not associated with a value
[Twelve Data] 时间解析错误: 2025-10-28, 错误: cannot access local variable 'datetime' where it is not associated with a value
[Twelve Data] 时间解析错误: 2025-10-27, 错误: cannot access local variable 'datetime' where it is not associated with a value
[Twelve Data] 时间解析错误: 2025-10-24, 错误: cannot access local variable 'datetime' where it is not associated with a value
[Twelve Data] 时间解析错误: 2025-10-23, 错误: cannot access local variable 'datetime' where it is not associated with a value
[Twelve Data] 时间解析错误: 2025-10-22, 错误: cannot access local variable 'datetime' where it is not associated with a value
[Twelve Data] 时间解析错误: 2025-10-21, 错误: cannot access local variable 'datetime' where it is not associated with a value
[Twelve Data] 时间解析错误: 2025-10-20, 错误: cannot access local variable 'datetime' where it is not associated with a value
[Twelve Data] 时间解析错误: 2025-10-17, 错误: cannot access local variable 'datetime' where it is not associated with a value
[Twelve Data] 时间解析错误: 2025-10-16, 错误: cannot access local variable 'datetime' where it is not associated with a value
[Twelve Data] 时间解析错误: 2025-10-15, 错误: cannot access local variable 'datetime' where it is not associated with a value
[Twelve Data] 时间解析错误: 2025-10-14, 错误: cannot access local variable 'datetime' where it is not associated with a value
[Twelve Data] 时间解析错误: 2025-10-13, 错误: cannot access local variable 'datetime' where it is not associated with a value
[Twelve Data] 时间解析错误: 2025-10-10, 错误: cannot access local variable 'datetime' where it is not associated with a value
[Twelve Data] 时间解析错误: 2025-10-09, 错误: cannot access local variable 'datetime' where it is not associated with a value
[Twelve Data] 时间解析错误: 2025-10-08, 错误: cannot access local variable 'datetime' where it is not associated with a value
[Twelve Data] 时间解析错误: 2025-10-07, 错误: cannot access local variable 'datetime' where it is not associated with a value
[Twelve Data] 时间解析错误: 2025-10-06, 错误: cannot access local variable 'datetime' where it is not associated with a value
[Twelve Data] 时间解析错误: 2025-10-03, 错误: cannot access local variable 'datetime' where it is not associated with a value
[Twelve Data] 时间解析错误: 2025-10-02, 错误: cannot access local variable 'datetime' where it is not associated with a value
[Twelve Data] 时间解析错误: 2025-10-01, 错误: cannot access local variable 'datetime' where it is not associated with a value
[Twelve Data] 时间解析错误: 2025-09-30, 错误: cannot access local variable 'datetime' where it is not associated with a value
[Twelve Data] 时间解析错误: 2025-09-29, 错误: cannot access local variable 'datetime' where it is not associated with a value
[Twelve Data] 时间解析错误: 2025-09-26, 错误: cannot access local variable 'datetime' where it is not associated with a value
[Twelve Data] 时间解析错误: 2025-09-25, 错误: cannot access local variable 'datetime' where it is not associated with a value
[Twelve Data] 时间解析错误: 2025-09-24, 错误: cannot access local variable 'datetime' where it is not associated with a value
[Twelve Data] 时间解析错误: 2025-09-23, 错误: cannot access local variable 'datetime' where it is not associated with a value
[Twelve Data] 时间解析错误: 2025-09-22, 错误: cannot access local variable 'datetime' where it is not associated with a value
[Twelve Data] 时间解析错误: 2025-09-19, 错误: cannot access local variable 'datetime' where it is not associated with a value
[Twelve Data] 时间解析错误: 2025-09-18, 错误: cannot access local variable 'datetime' where it is not associated with a value
[Twelve Data] 时间解析错误: 2025-09-17, 错误: cannot access local variable 'datetime' where it is not associated with a value
[Twelve Data] 时间解析错误: 2025-09-16, 错误: cannot access local variable 'datetime' where it is not associated with a value
[Twelve Data] 时间解析错误: 2025-09-15, 错误: cannot access local variable 'datetime' where it is not associated with a value
[Twelve Data] 时间解析错误: 2025-09-12, 错误: cannot access local variable 'datetime' where it is not associated with a value
[Twelve Data] 时间解析错误: 2025-09-11, 错误: cannot access local variable 'datetime' where it is not associated with a value
[Twelve Data] 时间解析错误: 2025-09-10, 错误: cannot access local variable 'datetime' where it is not associated with a value
[Twelve Data] 时间解析错误: 2025-09-09, 错误: cannot access local variable 'datetime' where it is not associated with a value
[Twelve Data] 时间解析错误: 2025-09-08, 错误: cannot access local variable 'datetime' where it is not associated with a value
[Twelve Data] 时间解析错误: 2025-09-05, 错误: cannot access local variable 'datetime' where it is not associated with a value
[Twelve Data] 时间解析错误: 2025-09-04, 错误: cannot access local variable 'datetime' where it is not associated with a value
[Twelve Data] 时间解析错误: 2025-09-03, 错误: cannot access local variable 'datetime' where it is not associated with a value
[Twelve Data] 时间解析错误: 2025-09-02, 错误: cannot access local variable 'datetime' where it is not associated with a value
[Twelve Data] 时间解析错误: 2025-08-29, 错误: cannot access local variable 'datetime' where it is not associated with a value
[Twelve Data] 时间解析错误: 2025-08-28, 错误: cannot access local variable 'datetime' where it is not associated with a value
[Twelve Data] 时间解析错误: 2025-08-27, 错误: cannot access local variable 'datetime' where it is not associated with a value
[Twelve Data] 时间解析错误: 2025-08-26, 错误: cannot access local variable 'datetime' where it is not associated with a value
[Twelve Data] 时间解析错误: 2025-08-25, 错误: cannot access local variable 'datetime' where it is not associated with a value
[Twelve Data] 时间解析错误: 2025-08-22, 错误: cannot access local variable 'datetime' where it is not associated with a value
[Twelve Data] 时间解析错误: 2025-08-21, 错误: cannot access local variable 'datetime' where it is not associated with a value
[Twelve Data] 时间解析错误: 2025-08-20, 错误: cannot access local variable 'datetime' where it is not associated with a value
[Twelve Data] 时间解析错误: 2025-08-19, 错误: cannot access local variable 'datetime' where it is not associated with a value
[Twelve Data] 时间解析错误: 2025-08-18, 错误: cannot access local variable 'datetime' where it is not associated with a value
[Twelve Data] 时间解析错误: 2025-08-15, 错误: cannot access local variable 'datetime' where it is not associated with a value
[Twelve Data] 时间解析错误: 2025-08-14, 错误: cannot access local variable 'datetime' where it is not associated with a value
[Twelve Data] 时间解析错误: 2025-08-13, 错误: cannot access local variable 'datetime' where it is not associated with a value
[Twelve Data] 时间解析错误: 2025-08-12, 错误: cannot access local variable 'datetime' where it is not associated with a value
[Twelve Data] 时间解析错误: 2025-08-11, 错误: cannot access local variable 'datetime' where it is not associated with a value
[Twelve Data] 时间解析错误: 2025-08-08, 错误: cannot access local variable 'datetime' where it is not associated with a value
[Twelve Data] 时间解析错误: 2025-08-07, 错误: cannot access local variable 'datetime' where it is not associated with a value
[Twelve Data] 时间解析错误: 2025-08-06, 错误: cannot access local variable 'datetime' where it is not associated with a value
[Twelve Data] 时间解析错误: 2025-08-05, 错误: cannot access local variable 'datetime' where it is not associated with a value
[Twelve Data] 时间解析错误: 2025-08-04, 错误: cannot access local variable 'datetime' where it is not associated with a value
[Twelve Data] 时间解析错误: 2025-08-01, 错误: cannot access local variable 'datetime' where it is not associated with a value
[Twelve Data] 时间解析错误: 2025-07-31, 错误: cannot access local variable 'datetime' where it is not associated with a value
[Twelve Data] 时间解析错误: 2025-07-30, 错误: cannot access local variable 'datetime' where it is not associated with a value
[Twelve Data] 时间解析错误: 2025-07-29, 错误: cannot access local variable 'datetime' where it is not associated with a value
[Twelve Data] 时间解析错误: 2025-07-28, 错误: cannot access local variable 'datetime' where it is not associated with a value
[Twelve Data] 时间解析错误: 2025-07-25, 错误: cannot access local variable 'datetime' where it is not associated with a value
[Twelve Data] 时间解析错误: 2025-07-24, 错误: cannot access local variable 'datetime' where it is not associated with a value
[Twelve Data] 时间解析错误: 2025-07-23, 错误: cannot access local variable 'datetime' where it is not associated with a value
[Twelve Data] 时间解析错误: 2025-07-22, 错误: cannot access local variable 'datetime' where it is not associated with a value
[Twelve Data] 时间解析错误: 2025-07-21, 错误: cannot access local variable 'datetime' where it is not associated with a value
[Twelve Data] 时间解析错误: 2025-07-18, 错误: cannot access local variable 'datetime' where it is not associated with a value
[Twelve Data] 时间解析错误: 2025-07-17, 错误: cannot access local variable 'datetime' where it is not associated with a value
[Twelve Data] 时间解析错误: 2025-07-16, 错误: cannot access local variable 'datetime' where it is not associated with a value
[Twelve Data] 时间解析错误: 2025-07-15, 错误: cannot access local variable 'datetime' where it is not associated with a value
[Twelve Data] 时间解析错误: 2025-07-14, 错误: cannot access local variable 'datetime' where it is not associated with a value
[Twelve Data] 时间解析错误: 2025-07-11, 错误: cannot access local variable 'datetime' where it is not associated with a value
[Twelve Data] 时间解析错误: 2025-07-10, 错误: cannot access local variable 'datetime' where it is not associated with a value
[Twelve Data] 时间解析错误: 2025-07-09, 错误: cannot access local variable 'datetime' where it is not associated with a value
[Twelve Data] 时间解析错误: 2025-07-08, 错误: cannot access local variable 'datetime' where it is not associated with a value
[Twelve Data] 时间解析错误: 2025-07-07, 错误: cannot access local variable 'datetime' where it is not associated with a value
[Twelve Data] 时间解析错误: 2025-07-03, 错误: cannot access local variable 'datetime' where it is not associated with a value
[Twelve Data] 时间解析错误: 2025-07-02, 错误: cannot access local variable 'datetime' where it is not associated with a value
[Twelve Data] 时间解析错误: 2025-07-01, 错误: cannot access local variable 'datetime' where it is not associated with a value
[Twelve Data] 时间解析错误: 2025-06-30, 错误: cannot access local variable 'datetime' where it is not associated with a value
[Twelve Data] 时间解析错误: 2025-06-27, 错误: cannot access local variable 'datetime' where it is not associated with a value
